 lin_model_PI_MRAC_Sim_CASE2_v2_sfun

 Timestamp is 545ff51f (Sun Nov 09 17:13:35 2014)

 Preferred load address is 0000000180000000

 Start         Length     Name                   Class
 0001:00000000 0003d354H .text                   CODE
 0001:0003d360 00000092H .text$x                 CODE
 0002:00000000 000004a0H .idata$5                DATA
 0002:000004a0 00000008H .CRT$XCA                DATA
 0002:000004a8 00000008H .CRT$XCZ                DATA
 0002:000004b0 00000008H .CRT$XIA                DATA
 0002:000004b8 00000008H .CRT$XIAA               DATA
 0002:000004c0 00000008H .CRT$XIZ                DATA
 0002:000004d0 00004afcH .rdata                  DATA
 0002:00004fd0 00000008H .rtc$IAA                DATA
 0002:00004fd8 00000008H .rtc$IZZ                DATA
 0002:00004fe0 00000008H .rtc$TAA                DATA
 0002:00004fe8 00000008H .rtc$TZZ                DATA
 0002:00004ff0 000040ecH .xdata                  DATA
 0002:000090dc 000000b4H .idata$2                DATA
 0002:00009190 00000014H .idata$3                DATA
 0002:000091a8 000004a0H .idata$4                DATA
 0002:00009648 00000a68H .idata$6                DATA
 0002:0000a0b0 00000069H .edata                  DATA
 0003:00000000 00003bf8H .data                   DATA
 0003:00003c00 00002718H .bss                    DATA
 0004:00000000 00003150H .pdata                  DATA

  Address         Publics by Value              Rva+Base               Lib:Object

 0000:00000000       ___safe_se_handler_count   0000000000000000     <absolute>
 0000:00000000       ___safe_se_handler_table   0000000000000000     <absolute>
 0000:00000000       __ImageBase                0000000180000000     <linker-defined>
 0001:00000000       sf_c2_lin_model_PI_MRAC_Sim_CASE2_v2_get_eml_resolved_functions_info 0000000180001000 f   c2_lin_model_PI_MRAC_Sim_CASE2_v2.obj
 0001:000022c0       sf_c2_lin_model_PI_MRAC_Sim_CASE2_v2_get_check_sum 00000001800032c0 f   c2_lin_model_PI_MRAC_Sim_CASE2_v2.obj
 0001:00002340       sf_c2_lin_model_PI_MRAC_Sim_CASE2_v2_get_autoinheritance_info 0000000180003340 f   c2_lin_model_PI_MRAC_Sim_CASE2_v2.obj
 0001:00002910       sf_internal_get_sim_state_c2_lin_model_PI_MRAC_Sim_CASE2_v2 0000000180003910 f   c2_lin_model_PI_MRAC_Sim_CASE2_v2.obj
 0001:00002cb0       sf_internal_set_sim_state_c2_lin_model_PI_MRAC_Sim_CASE2_v2 0000000180003cb0 f   c2_lin_model_PI_MRAC_Sim_CASE2_v2.obj
 0001:00003170       c2_lin_model_PI_MRAC_Sim_CASE2_v2_method_dispatcher 0000000180004170 f   c2_lin_model_PI_MRAC_Sim_CASE2_v2.obj
 0001:0000af40       sf_process_check_sum_call  000000018000bf40 f   lin_model_PI_MRAC_Sim_CASE2_v2_sfun_registry.obj
 0001:0000af90       sf_process_autoinheritance_call 000000018000bf90 f   lin_model_PI_MRAC_Sim_CASE2_v2_sfun_registry.obj
 0001:0000b110       sf_process_get_eml_resolved_functions_info_call 000000018000c110 f   lin_model_PI_MRAC_Sim_CASE2_v2_sfun_registry.obj
 0001:0000b290       sf_mex_unlock_call         000000018000c290 f   lin_model_PI_MRAC_Sim_CASE2_v2_sfun_registry.obj
 0001:0000b340       sf_machine_global_initializer_called 000000018000c340 f   lin_model_PI_MRAC_Sim_CASE2_v2_sfun_registry.obj
 0001:0000b370       sf_machine_global_method_dispatcher 000000018000c370 f   lin_model_PI_MRAC_Sim_CASE2_v2_sfun_registry.obj
 0001:0000b3d0       sf_machine_global_terminator 000000018000c3d0 f   lin_model_PI_MRAC_Sim_CASE2_v2_sfun_registry.obj
 0001:0000b410       sf_register_machine_exported_symbols 000000018000c410 f   lin_model_PI_MRAC_Sim_CASE2_v2_sfun_registry.obj
 0001:0000b430       callCustomFcn              000000018000c430 f   lin_model_PI_MRAC_Sim_CASE2_v2_sfun_registry.obj
 0001:0000b440       sf_machine_global_initializer 000000018000c440 f   lin_model_PI_MRAC_Sim_CASE2_v2_sfun_registry.obj
 0001:0000b4b0       _ssSetStateAbsTol          000000018000c4b0 f   lin_model_PI_MRAC_Sim_CASE2_v2_sfun_registry.obj
 0001:0000b590       _ssGetAbsTol               000000018000c590 f   lin_model_PI_MRAC_Sim_CASE2_v2_sfun_registry.obj
 0001:0000b600       _ssSetInputPortMatrixDimensions 000000018000c600 f   lin_model_PI_MRAC_Sim_CASE2_v2_sfun_registry.obj
 0001:0000b710       _ssSetOutputPortMatrixDimensions 000000018000c710 f   lin_model_PI_MRAC_Sim_CASE2_v2_sfun_registry.obj
 0001:0000b820       _ssSetInputPortVectorDimension 000000018000c820 f   lin_model_PI_MRAC_Sim_CASE2_v2_sfun_registry.obj
 0001:0000b8f0       _ssSetOutputPortVectorDimension 000000018000c8f0 f   lin_model_PI_MRAC_Sim_CASE2_v2_sfun_registry.obj
 0001:0000b9c0       ssIsRunTimeParamTunable    000000018000c9c0 f   lin_model_PI_MRAC_Sim_CASE2_v2_sfun_registry.obj
 0001:0000ba30       ssGetSFuncBlockHandle      000000018000ca30 f   lin_model_PI_MRAC_Sim_CASE2_v2_sfun_registry.obj
 0001:0000baa0       _ssGetCurrentInputPortWidth 000000018000caa0 f   lin_model_PI_MRAC_Sim_CASE2_v2_sfun_registry.obj
 0001:0000bbc0       _ssGetCurrentOutputPortWidth 000000018000cbc0 f   lin_model_PI_MRAC_Sim_CASE2_v2_sfun_registry.obj
 0001:0000bce0       _ssGetCallSystemNumFcnCallDestinations 000000018000cce0 f   lin_model_PI_MRAC_Sim_CASE2_v2_sfun_registry.obj
 0001:0000bd50       ssWarning                  000000018000cd50 f   lin_model_PI_MRAC_Sim_CASE2_v2_sfun_registry.obj
 0001:0000be60       ssGetIsZeroCrossControlDisabled 000000018000ce60 f   lin_model_PI_MRAC_Sim_CASE2_v2_sfun_registry.obj
 0001:0000bed0       ssSetIsInputPortUsedForContZcSignal 000000018000ced0 f   lin_model_PI_MRAC_Sim_CASE2_v2_sfun_registry.obj
 0001:0000bf40       ssSetZcSignalIsZcElementDisc 000000018000cf40 f   lin_model_PI_MRAC_Sim_CASE2_v2_sfun_registry.obj
 0001:0000bff0       ssSetZcSignalName          000000018000cff0 f   lin_model_PI_MRAC_Sim_CASE2_v2_sfun_registry.obj
 0001:0000c060       ssSetZcSignalWidth         000000018000d060 f   lin_model_PI_MRAC_Sim_CASE2_v2_sfun_registry.obj
 0001:0000c0d0       ssSetZcSignalZcEventType   000000018000d0d0 f   lin_model_PI_MRAC_Sim_CASE2_v2_sfun_registry.obj
 0001:0000c140       ssSetZcSignalType          000000018000d140 f   lin_model_PI_MRAC_Sim_CASE2_v2_sfun_registry.obj
 0001:0000c1b0       ssSetZcSignalZcTol         000000018000d1b0 f   lin_model_PI_MRAC_Sim_CASE2_v2_sfun_registry.obj
 0001:0000c220       ssSetZcSignalNeedsEventNotification 000000018000d220 f   lin_model_PI_MRAC_Sim_CASE2_v2_sfun_registry.obj
 0001:0000c290       ssCreateAndAddZcSignalInfo 000000018000d290 f   lin_model_PI_MRAC_Sim_CASE2_v2_sfun_registry.obj
 0001:0000c300       ssCloneAndAddZcSignalInfo  000000018000d300 f   lin_model_PI_MRAC_Sim_CASE2_v2_sfun_registry.obj
 0001:0000c370       ssGetNumZcSignals          000000018000d370 f   lin_model_PI_MRAC_Sim_CASE2_v2_sfun_registry.obj
 0001:0000c3e0       ssGetZcSignalVector        000000018000d3e0 f   lin_model_PI_MRAC_Sim_CASE2_v2_sfun_registry.obj
 0001:0000c450       ssGetZcSignalZcEvents      000000018000d450 f   lin_model_PI_MRAC_Sim_CASE2_v2_sfun_registry.obj
 0001:0000c4c0       ssGetZcSignalName          000000018000d4c0 f   lin_model_PI_MRAC_Sim_CASE2_v2_sfun_registry.obj
 0001:0000c530       ssGetZcSignalWidth         000000018000d530 f   lin_model_PI_MRAC_Sim_CASE2_v2_sfun_registry.obj
 0001:0000c5a0       ssGetZcSignalZcEventType   000000018000d5a0 f   lin_model_PI_MRAC_Sim_CASE2_v2_sfun_registry.obj
 0001:0000c610       ssGetZcSignalType          000000018000d610 f   lin_model_PI_MRAC_Sim_CASE2_v2_sfun_registry.obj
 0001:0000c680       ssGetZcSignalZcTol         000000018000d680 f   lin_model_PI_MRAC_Sim_CASE2_v2_sfun_registry.obj
 0001:0000c700       ssGetZcSignalNeedsEventNotification 000000018000d700 f   lin_model_PI_MRAC_Sim_CASE2_v2_sfun_registry.obj
 0001:0000c770       ssGetZcSignalIsZcElementDisc 000000018000d770 f   lin_model_PI_MRAC_Sim_CASE2_v2_sfun_registry.obj
 0001:0000c810       ssGetIsInputPortElementContinuous 000000018000d810 f   lin_model_PI_MRAC_Sim_CASE2_v2_sfun_registry.obj
 0001:0000c8b0       _ssGetInputPortSignalPtrsFcn 000000018000d8b0 f   lin_model_PI_MRAC_Sim_CASE2_v2_sfun_registry.obj
 0001:0000cb70       _ssGetInputPortSignalFcn   000000018000db70 f   lin_model_PI_MRAC_Sim_CASE2_v2_sfun_registry.obj
 0001:0000cd90       _ssSetInputPortDirectFeedThroughFcn 000000018000dd90 f   lin_model_PI_MRAC_Sim_CASE2_v2_sfun_registry.obj
 0001:0000cef0       _ssSetInputPortReusableFcn 000000018000def0 f   lin_model_PI_MRAC_Sim_CASE2_v2_sfun_registry.obj
 0001:0000cfe0       _ssSetOutputPortReusableFcn 000000018000dfe0 f   lin_model_PI_MRAC_Sim_CASE2_v2_sfun_registry.obj
 0001:0000d0c0       ssGetDTypeIdFromMxArray    000000018000e0c0 f   lin_model_PI_MRAC_Sim_CASE2_v2_sfun_registry.obj
 0001:0000d1e0       ssWriteRTWStr              000000018000e1e0 f   lin_model_PI_MRAC_Sim_CASE2_v2_sfun_registry.obj
 0001:0000d240       ssWriteRTWMxVectParam      000000018000e240 f   lin_model_PI_MRAC_Sim_CASE2_v2_sfun_registry.obj
 0001:0000d2a0       ssWriteRTWMx2dMatParam     000000018000e2a0 f   lin_model_PI_MRAC_Sim_CASE2_v2_sfun_registry.obj
 0001:0000d320       ssWriteRTWNameValuePair    000000018000e320 f   lin_model_PI_MRAC_Sim_CASE2_v2_sfun_registry.obj
 0001:0000d810       ssWriteRTWParameters       000000018000e810 f   lin_model_PI_MRAC_Sim_CASE2_v2_sfun_registry.obj
 0001:0000de10       ssWriteRTWParamSettings    000000018000ee10 f   lin_model_PI_MRAC_Sim_CASE2_v2_sfun_registry.obj
 0001:0000e4e0       ssWriteRTWWorkVect         000000018000f4e0 f   lin_model_PI_MRAC_Sim_CASE2_v2_sfun_registry.obj
 0001:0000e9e0       mexFunction                000000018000f9e0 f   lin_model_PI_MRAC_Sim_CASE2_v2_sfun_registry.obj
 0001:00010620       ProcessMexSfunctionEveryCall 0000000180011620 f   lin_model_PI_MRAC_Sim_CASE2_v2_sfun_registry.obj
 0001:00010790       lin_model_PI_MRAC_Sim_CASE2_v2_initializer 0000000180011790 f   lin_model_PI_MRAC_Sim_CASE2_v2_sfun.obj
 0001:000107a0       lin_model_PI_MRAC_Sim_CASE2_v2_terminator 00000001800117a0 f   lin_model_PI_MRAC_Sim_CASE2_v2_sfun.obj
 0001:000107b0       sf_lin_model_PI_MRAC_Sim_CASE2_v2_method_dispatcher 00000001800117b0 f   lin_model_PI_MRAC_Sim_CASE2_v2_sfun.obj
 0001:00010800       sf_lin_model_PI_MRAC_Sim_CASE2_v2_process_check_sum_call 0000000180011800 f   lin_model_PI_MRAC_Sim_CASE2_v2_sfun.obj
 0001:00010c10       sf_lin_model_PI_MRAC_Sim_CASE2_v2_autoinheritance_info 0000000180011c10 f   lin_model_PI_MRAC_Sim_CASE2_v2_sfun.obj
 0001:00010d10       sf_lin_model_PI_MRAC_Sim_CASE2_v2_get_eml_resolved_functions_info 0000000180011d10 f   lin_model_PI_MRAC_Sim_CASE2_v2_sfun.obj
 0001:00010e40       lin_model_PI_MRAC_Sim_CASE2_v2_debug_initialize 0000000180011e40 f   lin_model_PI_MRAC_Sim_CASE2_v2_sfun.obj
 0001:00010eb0       lin_model_PI_MRAC_Sim_CASE2_v2_register_exported_symbols 0000000180011eb0 f   lin_model_PI_MRAC_Sim_CASE2_v2_sfun.obj
 0001:00010f60       sf_mex_mx_is_numeric       0000000180011f60 f   sfc_mex:sfc_mex.obj
 0001:00010fa0       strcmp_ignore_ws           0000000180011fa0 f   sfc_mex:sfc_mex.obj
 0001:000110e0       sf_mex_duplicatearraysafe  00000001800120e0 f   sfc_mex:sfc_mex.obj
 0001:00011240       sf_set_error_debugger_context_message_fcn 0000000180012240 f   sfc_mex:sfc_mex.obj
 0001:00011250       sf_set_debugger_matlab_error_fcn 0000000180012250 f   sfc_mex:sfc_mex.obj
 0001:00011280       sf_set_error_prefix_string 0000000180012280 f   sfc_mex:sfc_mex.obj
 0001:000112b0       sf_get_error_prefix_string 00000001800122b0 f   sfc_mex:sfc_mex.obj
 0001:000112c0       sf_get_current_jmp_buf_ptr 00000001800122c0 f   sfc_mex:sfc_mex.obj
 0001:000112d0       sf_set_current_jmp_buf_ptr 00000001800122d0 f   sfc_mex:sfc_mex.obj
 0001:000112e0       sf_mex_set_halt_simulation 00000001800122e0 f   sfc_mex:sfc_mex.obj
 0001:000112f0       sf_mex_get_halt_simulation 00000001800122f0 f   sfc_mex:sfc_mex.obj
 0001:00011300       sf_mex_clear_error_message 0000000180012300 f   sfc_mex:sfc_mex.obj
 0001:00011320       sf_mex_get_error_message_for_read 0000000180012320 f   sfc_mex:sfc_mex.obj
 0001:00011330       sf_mex_get_error_message_buffer_length 0000000180012330 f   sfc_mex:sfc_mex.obj
 0001:00011410       sf_mex_warning_message     0000000180012410 f   sfc_mex:sfc_mex.obj
 0001:00011480       sf_mex_v_errbuf_createf    0000000180012480 f   sfc_mex:sfc_mex.obj
 0001:00011490       sf_mex_errbuf_createf      0000000180012490 f   sfc_mex:sfc_mex.obj
 0001:000114c0       sf_mex_v_errbuf_catf       00000001800124c0 f   sfc_mex:sfc_mex.obj
 0001:00011500       sf_mex_errbuf_catf         0000000180012500 f   sfc_mex:sfc_mex.obj
 0001:00011550       sf_mex_errbuf_copy         0000000180012550 f   sfc_mex:sfc_mex.obj
 0001:00011560       sf_mex_errbuf_clear        0000000180012560 f   sfc_mex:sfc_mex.obj
 0001:00011570       sf_mex_errbuf_isempty      0000000180012570 f   sfc_mex:sfc_mex.obj
 0001:00011680       sf_mex_set_error_status    0000000180012680 f   sfc_mex:sfc_mex.obj
 0001:000116d0       sf_mex_error_direct_call   00000001800126d0 f   sfc_mex:sfc_mex.obj
 0001:000116f0       sf_mex_error_message_no_long_jump 00000001800126f0 f   sfc_mex:sfc_mex.obj
 0001:00011710       sf_mex_long_jump_on_error  0000000180012710 f   sfc_mex:sfc_mex.obj
 0001:00011740       sf_mex_call_matlab         0000000180012740 f   sfc_mex:sfc_mex.obj
 0001:00011860       sf_mex_check_builtin       0000000180012860 f   sfc_mex:sfc_mex.obj
 0001:000118a0       sf_mex_check_builtin_vs    00000001800128a0 f   sfc_mex:sfc_mex.obj
 0001:00011900       sf_mex_check_enum          0000000180012900 f   sfc_mex:sfc_mex.obj
 0001:00011930       sf_mex_create_enum         0000000180012930 f   sfc_mex:sfc_mex.obj
 0001:00011950       sf_mex_get_enum_element    0000000180012950 f   sfc_mex:sfc_mex.obj
 0001:00011960       sf_mex_createcellarray     0000000180012960 f   sfc_mex:sfc_mex.obj
 0001:00011970       sf_mex_setcell             0000000180012970 f   sfc_mex:sfc_mex.obj
 0001:00011980       sf_mex_getcell             0000000180012980 f   sfc_mex:sfc_mex.obj
 0001:00011990       sf_mex_dup                 0000000180012990 f   sfc_mex:sfc_mex.obj
 0001:000119b0       sf_mex_assign              00000001800129b0 f   sfc_mex:sfc_mex.obj
 0001:00011a10       sf_mex_destroy             0000000180012a10 f   sfc_mex:sfc_mex.obj
 0001:00011a40       mx_array_has_fi_type       0000000180012a40 f   sfc_mex:sfc_mex.obj
 0001:00011a70       sf_mex_convert_from_fi     0000000180012a70 f   sfc_mex:sfc_mex.obj
 0001:00011b20       sf_mex_convert_to_double   0000000180012b20 f   sfc_mex:sfc_mex.obj
 0001:00011c40       sf_mex_import_fi_vs        0000000180012c40 f   sfc_mex:sfc_mex.obj
 0001:00011e00       sf_matrix_matrix_index_ok  0000000180012e00 f   sfc_mex:sfc_mex.obj
 0001:00011e90       sf_vector_vector_index_ok  0000000180012e90 f   sfc_mex:sfc_mex.obj
 0001:00011ec0       ssGetCurrentInputPortDimensions_wrapper 0000000180012ec0 f   sfc_mex:sfc_mex.obj
 0001:00011ee0       ssGetCurrentOutputPortDimensions_wrapper 0000000180012ee0 f   sfc_mex:sfc_mex.obj
 0001:00011f00       sf_mex_emlrt_context_is_debug_mode 0000000180012f00 f   sfc_mex:sfc_mex.obj
 0001:00011f10       sf_mex_emlrt_context_set_debug_mode 0000000180012f10 f   sfc_mex:sfc_mex.obj
 0001:00011f80       sf_clear_error_manager_info 0000000180012f80 f   sfc_mex:sfc_mex.obj
 0001:00011fd0       sf_mex_stop_simulation_abruptly_wo_error 0000000180012fd0 f   sfc_mex:sfc_mex.obj
 0001:00012010       sf_mex_error_message       0000000180013010 f   sfc_mex:sfc_mex.obj
 0001:00012070       sf_react_to_error_in_matlab_call 0000000180013070 f   sfc_mex:sfc_mex.obj
 0001:000120a0       sf_mex_addfield            00000001800130a0 f   sfc_mex:sfc_mex.obj
 0001:00012140       sf_mex_getfield            0000000180013140 f   sfc_mex:sfc_mex.obj
 0001:00012440       sf_mex_check_class         0000000180013440 f   sfc_mex:sfc_mex.obj
 0001:00012530       sf_mex_is_real             0000000180013530 f   sfc_mex:sfc_mex.obj
 0001:000129a0       sf_mex_decode_encoded_mx_struct_array 00000001800139a0 f   sfc_mex:sfc_mex.obj
 0001:00012c80       sf_mex_lw_bounds_check     0000000180013c80 f   sfc_mex:sfc_mex.obj
 0001:00012cb0       sf_mex_lw_size_eq_check_1d 0000000180013cb0 f   sfc_mex:sfc_mex.obj
 0001:00012cd0       sf_mex_lw_size_eq_check_nd 0000000180013cd0 f   sfc_mex:sfc_mex.obj
 0001:00012eb0       sf_mex_lw_dim_size_eq_check 0000000180013eb0 f   sfc_mex:sfc_mex.obj
 0001:00012ee0       sf_mex_lw_dim_size_geq_check 0000000180013ee0 f   sfc_mex:sfc_mex.obj
 0001:00012f10       sf_mex_lw_sub_assign_size_check_nd 0000000180013f10 f   sfc_mex:sfc_mex.obj
 0001:00013140       sf_mex_lw_runtime_error_msgid 0000000180014140 f   sfc_mex:sfc_mex.obj
 0001:00013230       sf_mex_lw_matrix_matrix_index_check 0000000180014230 f   sfc_mex:sfc_mex.obj
 0001:00013250       sf_mex_lw_vector_vector_index_check 0000000180014250 f   sfc_mex:sfc_mex.obj
 0001:00013290       sf_mex_lw_non_negative_check 0000000180014290 f   sfc_mex:sfc_mex.obj
 0001:000132d0       sf_mex_overflow_error      00000001800142d0 f   sfc_mex:sfc_mex.obj
 0001:000132e0       sf_mex_dividebyzero_error  00000001800142e0 f   sfc_mex:sfc_mex.obj
 0001:000132f0       sf_mex_unsafe_enum_error   00000001800142f0 f   sfc_mex:sfc_mex.obj
 0001:00013300       sf_emlrtErrHandler         0000000180014300 f   sfc_mex:sfc_mex.obj
 0001:000133c0       sf_mex_printf              00000001800143c0 f   sfc_mex:sfc_mex.obj
 0001:00013550       sf_mex_check_size          0000000180014550 f   sfc_mex:sfc_mex.obj
 0001:00013820       sf_mex_check_struct        0000000180014820 f   sfc_mex:sfc_mex.obj
 0001:00013a80       sf_mex_check_struct_vs     0000000180014a80 f   sfc_mex:sfc_mex.obj
 0001:00013b10       sf_mex_check_fi            0000000180014b10 f   sfc_mex:sfc_mex.obj
 0001:00013c10       sf_mex_check_fi_vs         0000000180014c10 f   sfc_mex:sfc_mex.obj
 0001:00013cb0       sf_echo_expression         0000000180014cb0 f   sfc_mex:sfc_mex.obj
 0001:00013d10       sf_assertion_failed        0000000180014d10 f   sfc_mex:sfc_mex.obj
 0001:00013ff0       sf_mex_evalin              0000000180014ff0 f   sfc_mex:sfc_mex.obj
 0001:00014260       sf_mex_export              0000000180015260 f   sfc_mex:sfc_mex.obj
 0001:00014320       sf_mex_get_ml_var_no_error 0000000180015320 f   sfc_mex:sfc_mex.obj
 0001:000144c0       sf_mex_get_ml_var          00000001800154c0 f   sfc_mex:sfc_mex.obj
 0001:00014960       ml_set_element_value_in_array 0000000180015960 f   sfc_mex:sfc_mex.obj
 0001:00016030       sf_mex_call_impl           0000000180017030 f   sfc_mex:sfc_mex.obj
 0001:00016560       sf_mex_call_debug          0000000180017560 f   sfc_mex:sfc_mex.obj
 0001:00016590       sf_mex_call                0000000180017590 f   sfc_mex:sfc_mex.obj
 0001:00016be0       sf_mex_createstruct        0000000180017be0 f   sfc_mex:sfc_mex.obj
 0001:00016cd0       sf_mex_createstructarray   0000000180017cd0 f   sfc_mex:sfc_mex.obj
 0001:00016d50       sf_mex_get_mx_datatype_from_sf_datatype 0000000180017d50 f   sfc_mex:sfc_mex.obj
 0001:00017060       sf_mex_ml_var_sub          0000000180018060 f   sfc_mex:sfc_mex.obj
 0001:00017230       sf_mex_ml_var_subsasgn     0000000180018230 f   sfc_mex:sfc_mex.obj
 0001:00017620       sf_mex_sub                 0000000180018620 f   sfc_mex:sfc_mex.obj
 0001:00017820       sf_mex_subsasgn            0000000180018820 f   sfc_mex:sfc_mex.obj
 0001:00017d00       sf_mex_create              0000000180018d00 f   sfc_mex:sfc_mex.obj
 0001:00018750       sf_mex_import_named        0000000180019750 f   sfc_mex:sfc_mex.obj
 0001:000187b0       sf_mex_import              00000001800197b0 f   sfc_mex:sfc_mex.obj
 0001:00018800       sf_mex_import_vs           0000000180019800 f   sfc_mex:sfc_mex.obj
 0001:00018910       sf_mex_lower_fixpt_mx_array 0000000180019910 f   sfc_mex:sfc_mex.obj
 0001:00018f00       sim_mode_is_rtw_gen        0000000180019f00 f   sfc_mex:sfc_sf.obj
 0001:00018f30       sim_mode_is_external       0000000180019f30 f   sfc_mex:sfc_sf.obj
 0001:00018f40       sim_mode_is_modelref_sim   0000000180019f40 f   sfc_mex:sfc_sf.obj
 0001:00018f60       mdlInitializeSizes         0000000180019f60 f   sfc_mex:sfc_sf.obj
 0001:00018f80       mdlInitializeSampleTimes   0000000180019f80 f   sfc_mex:sfc_sf.obj
 0001:00018fc0       mdlZeroCrossings           0000000180019fc0 f   sfc_mex:sfc_sf.obj
 0001:000190a0       mdlDerivatives             000000018001a0a0 f   sfc_mex:sfc_sf.obj
 0001:00019150       mdl_initialize_conditions_processing 000000018001a150 f   sfc_mex:sfc_sf.obj
 0001:00019180       mdlInitializeConditions    000000018001a180 f   sfc_mex:sfc_sf.obj
 0001:00019240       mdlGetSimState             000000018001a240 f   sfc_mex:sfc_sf.obj
 0001:00019250       mdlSetSimState             000000018001a250 f   sfc_mex:sfc_sf.obj
 0001:00019260       mdl_ext_mode_exec_processing 000000018001a260 f   sfc_mex:sfc_sf.obj
 0001:00019280       mdlExtModeExec             000000018001a280 f   sfc_mex:sfc_sf.obj
 0001:00019410       mdlTerminate               000000018001a410 f   sfc_mex:sfc_sf.obj
 0001:00019480       mdlRTW                     000000018001a480 f   sfc_mex:sfc_sf.obj
 0001:000194b0       mdlSetWorkWidths           000000018001a4b0 f   sfc_mex:sfc_sf.obj
 0001:000194c0       mdlProcessParameters       000000018001a4c0 f   sfc_mex:sfc_sf.obj
 0001:000194d0       mdl_start_processing       000000018001a4d0 f   sfc_mex:sfc_sf.obj
 0001:00019510       mdlStart                   000000018001a510 f   sfc_mex:sfc_sf.obj
 0001:00019600       mdlEnable                  000000018001a600 f   sfc_mex:sfc_sf.obj
 0001:000196d0       mdlDisable                 000000018001a6d0 f   sfc_mex:sfc_sf.obj
 0001:00019780       sf_get_chart_instance_ptr  000000018001a780 f   sfc_mex:sfc_sf.obj
 0001:000197a0       sf_rtw_info_uint_prop      000000018001a7a0 f   sfc_mex:sfc_sf.obj
 0001:00019910       sf_is_chart_inlinable      000000018001a910 f   sfc_mex:sfc_sf.obj
 0001:00019930       sf_mark_output_events_with_multiple_callers 000000018001a930 f   sfc_mex:sfc_sf.obj
 0001:00019af0       sf_mark_chart_reusable_outputs 000000018001aaf0 f   sfc_mex:sfc_sf.obj
 0001:00019d70       sf_mark_chart_expressionable_inputs 000000018001ad70 f   sfc_mex:sfc_sf.obj
 0001:0001a0d0       sf_get_subchart_simstruct  000000018001b0d0 f   sfc_mex:sfc_sf.obj
 0001:0001a120       sf_write_symbol_mapping    000000018001b120 f   sfc_mex:sfc_sf.obj
 0001:0001a370       sf_get_fixpt_data_type_id  000000018001b370 f   sfc_mex:sfc_sf.obj
 0001:0001a3b0       sf_get_enum_data_type_id   000000018001b3b0 f   sfc_mex:sfc_sf.obj
 0001:0001a3f0       sf_get_param_data_type_id  000000018001b3f0 f   sfc_mex:sfc_sf.obj
 0001:0001a420       sf_mex_listen_for_ctrl_c_force 000000018001b420 f   sfc_mex:sfc_sf.obj
 0001:0001a530       sf_mex_draw_now            000000018001b530 f   sfc_mex:sfc_sf.obj
 0001:0001a570       sf_mex_set_debugger_sim_status_listener_fcn 000000018001b570 f   sfc_mex:sfc_sf.obj
 0001:0001a580       sf_mex_listen_for_ctrl_c   000000018001b580 f   sfc_mex:sfc_sf.obj
 0001:0001a610       sf_mex_get_sfun_param      000000018001b610 f   sfc_mex:sfc_sf.obj
 0001:0001a660       sf_get_runtime_param_data  000000018001b660 f   sfc_mex:sfc_sf.obj
 0001:0001a6a0       sf_call_output_fcn_call    000000018001b6a0 f   sfc_mex:sfc_sf.obj
 0001:0001a7e0       sf_call_output_fcn_enable  000000018001b7e0 f   sfc_mex:sfc_sf.obj
 0001:0001a870       sf_call_output_fcn_disable 000000018001b870 f   sfc_mex:sfc_sf.obj
 0001:0001a900       sf_clear_rtw_identifier    000000018001b900 f   sfc_mex:sfc_sf.obj
 0001:0001b0f0       sf_set_encoded_dwork_info  000000018001c0f0 f   sfc_mex:sfc_sf.obj
 0001:0001b140       sf_get_dwork_info_from_mat_file 000000018001c140 f   sfc_mex:sfc_sf.obj
 0001:0001b330       sf_set_rtw_dwork_info      000000018001c330 f   sfc_mex:sfc_sf.obj
 0001:0001b4a0       mdlOutputs                 000000018001c4a0 f   sfc_mex:sfc_sf.obj
 0001:0001b640       sf_debug_disp              000000018001c640 f   sfc_debug:sfcdebug.obj
 0001:0001b8a0       sf_debug_data_runtime_size_mismatch_error_check 000000018001c8a0 f   sfc_debug:sfcdebug.obj
 0001:0001b940       sf_debug_try_loading_machine 000000018001c940 f   sfc_debug:sfcdebug.obj
 0001:0001ba40       sf_debug_reset_current_state_configuration 000000018001ca40 f   sfc_debug:sfcdebug.obj
 0001:0001bad0       sf_debug_store_current_state_configuration 000000018001cad0 f   sfc_debug:sfcdebug.obj
 0001:0001bb60       sf_debug_restore_previous_state_configuration 000000018001cb60 f   sfc_debug:sfcdebug.obj
 0001:0001bbf0       sf_debug_restore_previous_state_configuration2 000000018001cbf0 f   sfc_debug:sfcdebug.obj
 0001:0001bc80       sf_debug_get_event_scope   000000018001cc80 f   sfc_debug:sfcdebug.obj
 0001:0001bdf0       use_debugger_step_animation 000000018001cdf0 f   sfc_debug:sfcdebug.obj
 0001:0001be10       sf_debug_get_script_id     000000018001ce10 f   sfc_debug:sfcdebug.obj
 0001:0001bea0       sf_debug_set_script_translation 000000018001cea0 f   sfc_debug:sfcdebug.obj
 0001:0001bf60       sf_debug_get_current_machine_id 000000018001cf60 f   sfc_debug:sfcdebug.obj
 0001:0001bf80       sf_debug_get_current_optional_integer 000000018001cf80 f   sfc_debug:sfcdebug.obj
 0001:0001bf90       sf_debug_get_current_machine_number 000000018001cf90 f   sfc_debug:sfcdebug.obj
 0001:0001bfb0       sf_debug_get_current_machine_name 000000018001cfb0 f   sfc_debug:sfcdebug.obj
 0001:0001bfd0       sf_debug_get_current_chart_id 000000018001cfd0 f   sfc_debug:sfcdebug.obj
 0001:0001c020       sf_debug_get_current_chart_number 000000018001d020 f   sfc_debug:sfcdebug.obj
 0001:0001c030       sf_debug_get_current_instance_number 000000018001d030 f   sfc_debug:sfcdebug.obj
 0001:0001c040       sf_debug_get_current_is_minor_time_step 000000018001d040 f   sfc_debug:sfcdebug.obj
 0001:0001c0c0       sf_debug_get_current_object_type 000000018001d0c0 f   sfc_debug:sfcdebug.obj
 0001:0001c0d0       sf_debug_get_current_instance_handle 000000018001d0d0 f   sfc_debug:sfcdebug.obj
 0001:0001c130       sf_debug_get_current_event_type 000000018001d130 f   sfc_debug:sfcdebug.obj
 0001:0001c140       sf_debug_get_current_object_id 000000018001d140 f   sfc_debug:sfcdebug.obj
 0001:0001c180       sf_debug_get_current_active_event_type 000000018001d180 f   sfc_debug:sfcdebug.obj
 0001:0001c190       sf_debug_get_current_active_event_id 000000018001d190 f   sfc_debug:sfcdebug.obj
 0001:0001c1d0       sf_debug_get_current_tag_type 000000018001d1d0 f   sfc_debug:sfcdebug.obj
 0001:0001c1e0       sf_debug_get_current_simulation_time 000000018001d1e0 f   sfc_debug:sfcdebug.obj
 0001:0001c1f0       sf_debug_get_current_coverage_percentage 000000018001d1f0 f   sfc_debug:sfcdebug.obj
 0001:0001c200       sf_debug_current_statement_context 000000018001d200 f   sfc_debug:sfcdebug.obj
 0001:0001c290       sf_debug_get_current_statement_info 000000018001d290 f   sfc_debug:sfcdebug.obj
 0001:0001c410       sf_debug_terminate_instance 000000018001d410 f   sfc_debug:sfcdebug.obj
 0001:0001c720       sf_debug_assertion_failed  000000018001d720 f   sfc_debug:sfcdebug.obj
 0001:0001c8d0       sf_debug_set_number_of_data_with_change_event_for_machine 000000018001d8d0 f   sfc_debug:sfcdebug.obj
 0001:0001c910       sf_debug_set_machine_event_thresholds 000000018001d910 f   sfc_debug:sfcdebug.obj
 0001:0001c930       sf_debug_set_machine_event_scope 000000018001d930 f   sfc_debug:sfcdebug.obj
 0001:0001c970       sf_debug_set_machine_data_thresholds 000000018001d970 f   sfc_debug:sfcdebug.obj
 0001:0001c9b0       sf_debug_set_machine_data_scope 000000018001d9b0 f   sfc_debug:sfcdebug.obj
 0001:0001ca40       sf_debug_set_machine_data_name 000000018001da40 f   sfc_debug:sfcdebug.obj
 0001:0001cae0       sf_debug_set_machine_data_size 000000018001dae0 f   sfc_debug:sfcdebug.obj
 0001:0001cc20       sf_debug_set_machine_data_type 000000018001dc20 f   sfc_debug:sfcdebug.obj
 0001:0001cd90       sf_debug_get_chart_data_number 000000018001dd90 f   sfc_debug:sfcdebug.obj
 0001:0001cdb0       sf_debug_get_chart_event_number 000000018001ddb0 f   sfc_debug:sfcdebug.obj
 0001:0001cdd0       sf_debug_set_chart_state_info 000000018001ddd0 f   sfc_debug:sfcdebug.obj
 0001:0001ce50       sf_debug_set_chart_decomposition 000000018001de50 f   sfc_debug:sfcdebug.obj
 0001:0001cec0       sf_debug_set_chart_substate_count 000000018001dec0 f   sfc_debug:sfcdebug.obj
 0001:0001cfa0       sf_debug_set_chart_substate_index 000000018001dfa0 f   sfc_debug:sfcdebug.obj
 0001:0001d010       sf_debug_set_chart_state_substate_count 000000018001e010 f   sfc_debug:sfcdebug.obj
 0001:0001d120       sf_debug_set_chart_state_substate_index 000000018001e120 f   sfc_debug:sfcdebug.obj
 0001:0001d1a0       sf_debug_set_number_of_data_with_change_event_for_chart 000000018001e1a0 f   sfc_debug:sfcdebug.obj
 0001:0001d220       sf_debug_set_number_of_states_with_entry_event_for_chart 000000018001e220 f   sfc_debug:sfcdebug.obj
 0001:0001d290       sf_debug_set_number_of_states_with_exit_event_for_chart 000000018001e290 f   sfc_debug:sfcdebug.obj
 0001:0001d300       sf_debug_set_chart_disable_implicit_casting 000000018001e300 f   sfc_debug:sfcdebug.obj
 0001:0001d370       sf_debug_set_chart_event_thresholds 000000018001e370 f   sfc_debug:sfcdebug.obj
 0001:0001d3e0       sf_debug_set_chart_data_compiled_props 000000018001e3e0 f   sfc_debug:sfcdebug.obj
 0001:0001d730       sf_debug_set_chart_data_props 000000018001e730 f   sfc_debug:sfcdebug.obj
 0001:0001da50       sf_debug_check_fi_license  000000018001ea50 f   sfc_debug:sfcdebug.obj
 0001:0001dc40       sf_debug_symbol_scope_push 000000018001ec40 f   sfc_debug:sfcdebug.obj
 0001:0001dc80       sf_debug_symbol_scope_push_eml 000000018001ec80 f   sfc_debug:sfcdebug.obj
 0001:0001dcd0       sf_debug_symbol_scope_pop  000000018001ecd0 f   sfc_debug:sfcdebug.obj
 0001:0001dd10       sf_debug_symbol_scope_add_importable 000000018001ed10 f   sfc_debug:sfcdebug.obj
 0001:0001dd90       sf_debug_symbol_scope_add  000000018001ed90 f   sfc_debug:sfcdebug.obj
 0001:0001de10       sf_debug_symbol_scope_add_dyn_importable 000000018001ee10 f   sfc_debug:sfcdebug.obj
 0001:0001ded0       sf_debug_symbol_scope_add_dyn 000000018001eed0 f   sfc_debug:sfcdebug.obj
 0001:0001df00       sf_debug_symbol_scope_add_eml_importable 000000018001ef00 f   sfc_debug:sfcdebug.obj
 0001:0001df40       sf_debug_symbol_scope_add_eml 000000018001ef40 f   sfc_debug:sfcdebug.obj
 0001:0001df80       sf_debug_symbol_scope_add_eml_dyn_importable 000000018001ef80 f   sfc_debug:sfcdebug.obj
 0001:0001dff0       sf_debug_symbol_scope_add_eml_dyn 000000018001eff0 f   sfc_debug:sfcdebug.obj
 0001:0001e050       sf_debug_symbol_switch     000000018001f050 f   sfc_debug:sfcdebug.obj
 0001:0001e070       sf_debug_symbol_scope_add_verbose 000000018001f070 f   sfc_debug:sfcdebug.obj
 0001:0001e140       sf_debug_set_machine_data_value_ptr 000000018001f140 f   sfc_debug:sfcdebug.obj
 0001:0001e180       sf_debug_set_instance_data_value_ptr 000000018001f180 f   sfc_debug:sfcdebug.obj
 0001:0001e240       sf_debug_unset_instance_data_value_ptr 000000018001f240 f   sfc_debug:sfcdebug.obj
 0001:0001e2f0       sf_debug_set_chart_event_scope 000000018001f2f0 f   sfc_debug:sfcdebug.obj
 0001:0001e370       sf_debug_set_chart_transition_coverage_maps 000000018001f370 f   sfc_debug:sfcdebug.obj
 0001:0001e480       sf_debug_set_chart_state_coverage_maps 000000018001f480 f   sfc_debug:sfcdebug.obj
 0001:0001e560       sf_debug_set_instance_transition_coverage_weights 000000018001f560 f   sfc_debug:sfcdebug.obj
 0001:0001e600       sf_debug_set_instance_state_coverage_weights 000000018001f600 f   sfc_debug:sfcdebug.obj
 0001:0001e850       sf_debug_unload_machine    000000018001f850 f   sfc_debug:sfcdebug.obj
 0001:0001e8a0       sf_debug_load_machine      000000018001f8a0 f   sfc_debug:sfcdebug.obj
 0001:0001e9a0       sf_debug_set_active_instance_in_data_dictionary 000000018001f9a0 f   sfc_debug:sfcdebug.obj
 0001:0001eb80       sf_debug_set_active_instance 000000018001fb80 f   sfc_debug:sfcdebug.obj
 0001:0001ecc0       sf_debug_chart_visiblity_change 000000018001fcc0 f   sfc_debug:sfcdebug.obj
 0001:0001eda0       sf_debug_select_chart      000000018001fda0 f   sfc_debug:sfcdebug.obj
 0001:0001ee70       sf_debug_set_instance_cv_ids 000000018001fe70 f   sfc_debug:sfcdebug.obj
 0001:0001f180       sf_debug_select_charts     0000000180020180 f   sfc_debug:sfcdebug.obj
 0001:0001f2c0       sf_debug_initialized       00000001800202c0 f   sfc_debug:sfcdebug.obj
 0001:0001f2d0       sf_debug_is_uninterruptible 00000001800202d0 f   sfc_debug:sfcdebug.obj
 0001:0001f300       sf_debug_initialize_debugger_gui 0000000180020300 f   sfc_debug:sfcdebug.obj
 0001:0001f6f0       sf_debug_resume            00000001800206f0 f   sfc_debug:sfcdebug.obj
 0001:0001f710       sf_debug_go                0000000180020710 f   sfc_debug:sfcdebug.obj
 0001:0001f720       sf_debug_break             0000000180020720 f   sfc_debug:sfcdebug.obj
 0001:0001f730       sf_debug_step_over         0000000180020730 f   sfc_debug:sfcdebug.obj
 0001:0001f740       sf_debug_step_out          0000000180020740 f   sfc_debug:sfcdebug.obj
 0001:0001f750       sf_debug_set_disable_all_breakpoints 0000000180020750 f   sfc_debug:sfcdebug.obj
 0001:0001f760       sf_debug_disable_all_breakpoints_and_go 0000000180020760 f   sfc_debug:sfcdebug.obj
 0001:0001f770       sf_debug_break_on_chart_entry 0000000180020770 f   sfc_debug:sfcdebug.obj
 0001:0001f780       sf_debug_break_on_event_broadcast 0000000180020780 f   sfc_debug:sfcdebug.obj
 0001:0001f790       sf_debug_break_on_state_entry 0000000180020790 f   sfc_debug:sfcdebug.obj
 0001:0001f7a0       sf_debug_break_between_times 00000001800207a0 f   sfc_debug:sfcdebug.obj
 0001:0001f7c0       sf_debug_browse_data       00000001800207c0 f   sfc_debug:sfcdebug.obj
 0001:0001f7e0       sf_debug_watch_data        00000001800207e0 f   sfc_debug:sfcdebug.obj
 0001:0001f800       sf_debug_assign_data       0000000180020800 f   sfc_debug:sfcdebug.obj
 0001:0001f820       sf_debug_whos              0000000180020820 f   sfc_debug:sfcdebug.obj
 0001:0001f840       sf_debug_get_consistency_info 0000000180020840 f   sfc_debug:sfcdebug.obj
 0001:0001f850       sf_debug_browse_trace      0000000180020850 f   sfc_debug:sfcdebug.obj
 0001:0001f860       sf_debug_set_breakpoints   0000000180020860 f   sfc_debug:sfcdebug.obj
 0001:0001f9c0       sf_debug_set_eml_breakpoints 00000001800209c0 f   sfc_debug:sfcdebug.obj
 0001:0001fb20       sf_debug_set_script_breakpoints 0000000180020b20 f   sfc_debug:sfcdebug.obj
 0001:0001fba0       sf_debug_add_script_breakpoints 0000000180020ba0 f   sfc_debug:sfcdebug.obj
 0001:0001fc10       sf_debug_clear_script_breakpoints 0000000180020c10 f   sfc_debug:sfcdebug.obj
 0001:0001fc80       sf_debug_query_script_breakpoints 0000000180020c80 f   sfc_debug:sfcdebug.obj
 0001:0001fd40       sf_debug_get_eml_script_id 0000000180020d40 f   sfc_debug:sfcdebug.obj
 0001:0001fd90       sf_debug_set_watch         0000000180020d90 f   sfc_debug:sfcdebug.obj
 0001:0001ffc0       sf_debug_get_coverage      0000000180020fc0 f   sfc_debug:sfcdebug.obj
 0001:0001ffd0       sf_debug_get_instance_handle 0000000180020fd0 f   sfc_debug:sfcdebug.obj
 0001:00020060       sf_debug_get_active_states 0000000180021060 f   sfc_debug:sfcdebug.obj
 0001:00020070       sf_debug_get_animation     0000000180021070 f   sfc_debug:sfcdebug.obj
 0001:00020080       sf_debug_set_animation     0000000180021080 f   sfc_debug:sfcdebug.obj
 0001:00020090       sf_debug_animate           0000000180021090 f   sfc_debug:sfcdebug.obj
 0001:000200c0       sf_debug_cycle_detection_check 00000001800210c0 f   sfc_debug:sfcdebug.obj
 0001:000200d0       sf_debug_data_range_check  00000001800210d0 f   sfc_debug:sfcdebug.obj
 0001:000200e0       sf_debug_transition_conflict_check 00000001800210e0 f   sfc_debug:sfcdebug.obj
 0001:000200f0       sf_debug_state_consistency_check 00000001800210f0 f   sfc_debug:sfcdebug.obj
 0001:00020100       sf_debug_data_range_check_enabled 0000000180021100 f   sfc_debug:sfcdebug.obj
 0001:00020120       sf_debug_transition_conflict_check_enabled 0000000180021120 f   sfc_debug:sfcdebug.obj
 0001:00020140       sf_debug_transition_conflict_check_begin 0000000180021140 f   sfc_debug:sfcdebug.obj
 0001:00020160       sf_debug_transition_conflict_check_end 0000000180021160 f   sfc_debug:sfcdebug.obj
 0001:00020180       sf_debug_stop_debugging    0000000180021180 f   sfc_debug:sfcdebug.obj
 0001:000201b0       sf_debug_is_cycle_detected 00000001800211b0 f   sfc_debug:sfcdebug.obj
 0001:000201c0       sf_debug_is_array_bounds_detected 00000001800211c0 f   sfc_debug:sfcdebug.obj
 0001:000201d0       sf_debug_get_state_vectors_data_size 00000001800211d0 f   sfc_debug:sfcdebug.obj
 0001:00020210       sf_debug_get_state_vectors_data 0000000180021210 f   sfc_debug:sfcdebug.obj
 0001:00020310       sf_debug_set_state_vectors_data 0000000180021310 f   sfc_debug:sfcdebug.obj
 0001:000205d0       sf_debug_get_script_index  00000001800215d0 f   sfc_debug:sfcdebug.obj
 0001:00020760       sf_debug_add_script        0000000180021760 f   sfc_debug:sfcdebug.obj
 0001:000208f0       cv_eval_point              00000001800218f0 f   sfc_debug:sfcdebug.obj
 0001:00020a60       sf_debug_cv_init_state     0000000180021a60 f   sfc_debug:sfcdebug.obj
 0001:00020b80       sf_debug_cv_init_chart     0000000180021b80 f   sfc_debug:sfcdebug.obj
 0001:00020c60       sf_debug_cv_init_trans     0000000180021c60 f   sfc_debug:sfcdebug.obj
 0001:00020dd0       cv_eml_init_script         0000000180021dd0 f   sfc_debug:sfcdebug.obj
 0001:00020eb0       cv_eml_init_fcn            0000000180021eb0 f   sfc_debug:sfcdebug.obj
 0001:00020f60       cv_eml_init_testobjective  0000000180021f60 f   sfc_debug:sfcdebug.obj
 0001:00021010       cv_eml_init_if             0000000180022010 f   sfc_debug:sfcdebug.obj
 0001:000210c0       cv_eml_init_for            00000001800220c0 f   sfc_debug:sfcdebug.obj
 0001:00021170       cv_eml_init_while          0000000180022170 f   sfc_debug:sfcdebug.obj
 0001:00021220       cv_eml_init_mcdc           0000000180022220 f   sfc_debug:sfcdebug.obj
 0001:00021320       cv_eml_init_switch         0000000180022320 f   sfc_debug:sfcdebug.obj
 0001:00021400       cv_eml_eval                0000000180022400 f   sfc_debug:sfcdebug.obj
 0001:000214e0       sf_debug_bm_is_a_eml_breakpoint 00000001800224e0 f   sfc_debug:sfcdebug.obj
 0001:00021630       sf_debug_temporal_threshold 0000000180022630 f   sfc_debug:sfcdebug.obj
 0001:00021990       sf_debug_transition_conflict_error 0000000180022990 f   sfc_debug:sfcdebug.obj
 0001:00021d10       sf_debug_state_inconsistency_error 0000000180022d10 f   sfc_debug:sfcdebug.obj
 0001:00021e30       sf_debug_check_for_state_inconsistency 0000000180022e30 f   sfc_debug:sfcdebug.obj
 0001:00021e60       sf_debug_cycle_detecton_error 0000000180022e60 f   sfc_debug:sfcdebug.obj
 0001:00022650       sf_debug_size_eq_check_1d  0000000180023650 f   sfc_debug:sfcdebug.obj
 0001:00022670       sf_debug_size_eq_check_nd  0000000180023670 f   sfc_debug:sfcdebug.obj
 0001:00022850       sf_debug_dim_size_eq_check 0000000180023850 f   sfc_debug:sfcdebug.obj
 0001:00022880       sf_debug_dim_size_geq_check 0000000180023880 f   sfc_debug:sfcdebug.obj
 0001:000228b0       sf_debug_sub_assign_size_check_nd 00000001800238b0 f   sfc_debug:sfcdebug.obj
 0001:00022af0       sf_debug_matrix_matrix_index_check 0000000180023af0 f   sfc_debug:sfcdebug.obj
 0001:00022b20       sf_debug_vector_vector_index_check 0000000180023b20 f   sfc_debug:sfcdebug.obj
 0001:00022b50       sf_debug_runtime_error_msgid 0000000180023b50 f   sfc_debug:sfcdebug.obj
 0001:00022be0       sf_debug_data_array_bounds_error_check 0000000180023be0 f   sfc_debug:sfcdebug.obj
 0001:00022cf0       sf_debug_eml_data_array_bounds_error_check 0000000180023cf0 f   sfc_debug:sfcdebug.obj
 0001:000231d0       sf_debug_integer_check     00000001800241d0 f   sfc_debug:sfcdebug.obj
 0001:000232b0       sf_debug_not_nan_check     00000001800242b0 f   sfc_debug:sfcdebug.obj
 0001:00023370       sf_debug_non_negative_check 0000000180024370 f   sfc_debug:sfcdebug.obj
 0001:00023430       sf_debug_overflow_detection 0000000180024430 f   sfc_debug:sfcdebug.obj
 0001:00023b20       sf_debug_cast_to_real32_T  0000000180024b20 f   sfc_debug:sfcdebug.obj
 0001:00023be0       sf_debug_cast_to_int8_T    0000000180024be0 f   sfc_debug:sfcdebug.obj
 0001:00023ca0       sf_debug_cast_to_uint8_T   0000000180024ca0 f   sfc_debug:sfcdebug.obj
 0001:00023d60       sf_debug_cast_to_int16_T   0000000180024d60 f   sfc_debug:sfcdebug.obj
 0001:00023e20       sf_debug_cast_to_uint16_T  0000000180024e20 f   sfc_debug:sfcdebug.obj
 0001:00023ee0       sf_debug_cast_to_int32_T   0000000180024ee0 f   sfc_debug:sfcdebug.obj
 0001:00023fa0       sf_debug_cast_to_uint32_T  0000000180024fa0 f   sfc_debug:sfcdebug.obj
 0001:00024060       sf_debug_data_range_error  0000000180025060 f   sfc_debug:sfcdebug.obj
 0001:000244e0       sf_debug_data_range_error_wrapper_min_max 00000001800254e0 f   sfc_debug:sfcdebug.obj
 0001:000245d0       sf_debug_data_range_error_wrapper_min 00000001800255d0 f   sfc_debug:sfcdebug.obj
 0001:000246b0       sf_debug_data_range_error_wrapper_max 00000001800256b0 f   sfc_debug:sfcdebug.obj
 0001:00024790       sf_debug_data_range_wrapper 0000000180025790 f   sfc_debug:sfcdebug.obj
 0001:00024840       sf_debug_set_current_status_info 0000000180025840 f   sfc_debug:sfcdebug.obj
 0001:00024bf0       sf_debug_call              0000000180025bf0 f   sfc_debug:sfcdebug.obj
 0001:00025ab0       sf_debug_initialize_machine 0000000180026ab0 f   sfc_debug:sfcdebug.obj
 0001:00025dc0       sf_debug_initialize_chart  0000000180026dc0 f   sfc_debug:sfcdebug.obj
 0001:000262a0       sf_debug_ensure_script     00000001800272a0 f   sfc_debug:sfcdebug.obj
 0001:00026360       cv_script_init_script      0000000180027360 f   sfc_debug:sfcdebug.obj
 0001:00026440       cv_script_init_fcn         0000000180027440 f   sfc_debug:sfcdebug.obj
 0001:000264f0       cv_script_init_testobjective 00000001800274f0 f   sfc_debug:sfcdebug.obj
 0001:000265a0       cv_script_init_if          00000001800275a0 f   sfc_debug:sfcdebug.obj
 0001:00026650       cv_script_init_for         0000000180027650 f   sfc_debug:sfcdebug.obj
 0001:00026700       cv_script_init_while       0000000180027700 f   sfc_debug:sfcdebug.obj
 0001:000267b0       cv_script_init_mcdc        00000001800277b0 f   sfc_debug:sfcdebug.obj
 0001:000268b0       cv_script_init_switch      00000001800278b0 f   sfc_debug:sfcdebug.obj
 0001:00026990       cv_script_eval             0000000180027990 f   sfc_debug:sfcdebug.obj
 0001:00026a70       eml_debug_line_call        0000000180027a70 f   sfc_debug:sfcdebug.obj
 0001:00026c20       sf_debug_terminate         0000000180027c20 f   sfc_debug:sfcdebug.obj
 0001:00026d90       sf_debug_set_script_cv_ids 0000000180027d90 f   sfc_debug:sfcdebug.obj
 0001:00026f60       sf_debug_api               0000000180027f60 f   sfc_debug:sfc_api.obj
 0001:00028790       sf_debug_sm_terminate      0000000180029790 f   sfc_debug:sfdb_animation.obj
 0001:00028950       sf_debug_reset_path_objects 0000000180029950 f   sfc_debug:sfdb_animation.obj
 0001:000289d0       sf_debug_sm_reset_object_selection_status 00000001800299d0 f   sfc_debug:sfdb_animation.obj
 0001:00028a70       sf_debug_sm_reset_state_buffer 0000000180029a70 f   sfc_debug:sfdb_animation.obj
 0001:00028b40       sf_debug_sm_store_state_buffer 0000000180029b40 f   sfc_debug:sfdb_animation.obj
 0001:00028bc0       sf_debug_sm_restore_state_buffer1 0000000180029bc0 f   sfc_debug:sfdb_animation.obj
 0001:00028c30       sf_debug_sm_restore_state_buffer2 0000000180029c30 f   sfc_debug:sfdb_animation.obj
 0001:00028ca0       sf_debug_sm_chart_active   0000000180029ca0 f   sfc_debug:sfdb_animation.obj
 0001:00028cf0       sf_debug_sm_select_active_objects 0000000180029cf0 f   sfc_debug:sfdb_animation.obj
 0001:000291a0       sf_debug_sm_is_chart_active 000000018002a1a0 f   sfc_debug:sfdb_animation.obj
 0001:000291e0       sf_debug_sm_is_state_active 000000018002a1e0 f   sfc_debug:sfdb_animation.obj
 0001:00029420       sf_debug_sm_get_active_states 000000018002a420 f   sfc_debug:sfdb_animation.obj
 0001:000299e0       sf_debug_sm_initialize_instance 000000018002a9e0 f   sfc_debug:sfdb_animation.obj
 0001:00029c30       sf_debug_sm_change_object_selection_status 000000018002ac30 f   sfc_debug:sfdb_animation.obj
 0001:00029f20       cv_create_interface        000000018002af20 f   sfc_debug:cv_sfinterface.obj
 0001:0002a280       cv_init_trans              000000018002b280 f   sfc_debug:cv_sfinterface.obj
 0001:0002a2d0       cv_init_state              000000018002b2d0 f   sfc_debug:cv_sfinterface.obj
 0001:0002a340       cv_init_chart              000000018002b340 f   sfc_debug:cv_sfinterface.obj
 0001:0002a390       cv_dec_update_call         000000018002b390 f   sfc_debug:cv_sfinterface.obj
 0001:0002a3d0       cv_cond_update_call        000000018002b3d0 f   sfc_debug:cv_sfinterface.obj
 0001:0002a410       cv_sigrange_update         000000018002b410 f   sfc_debug:cv_sfinterface.obj
 0001:0002a450       cvsf_eml_eval              000000018002b450 f   sfc_debug:cv_sfinterface.obj
 0001:0002a530       cvsf_eml_init_script       000000018002b530 f   sfc_debug:cv_sfinterface.obj
 0001:0002a5b0       cvsf_eml_init_fcn          000000018002b5b0 f   sfc_debug:cv_sfinterface.obj
 0001:0002a610       cvsf_eml_init_testobjective 000000018002b610 f   sfc_debug:cv_sfinterface.obj
 0001:0002a670       cvsf_eml_init_if           000000018002b670 f   sfc_debug:cv_sfinterface.obj
 0001:0002a6d0       cvsf_eml_init_for          000000018002b6d0 f   sfc_debug:cv_sfinterface.obj
 0001:0002a720       cvsf_eml_init_while        000000018002b720 f   sfc_debug:cv_sfinterface.obj
 0001:0002a770       cvsf_eml_init_mcdc         000000018002b770 f   sfc_debug:cv_sfinterface.obj
 0001:0002a800       cvsf_eml_init_switch       000000018002b800 f   sfc_debug:cv_sfinterface.obj
 0001:0002a870       cvsf_script_eval           000000018002b870 f   sfc_debug:cv_sfinterface.obj
 0001:0002a950       cvsf_script_init_script    000000018002b950 f   sfc_debug:cv_sfinterface.obj
 0001:0002a9d0       cvsf_script_init_fcn       000000018002b9d0 f   sfc_debug:cv_sfinterface.obj
 0001:0002aa30       cvsf_script_init_testobjective 000000018002ba30 f   sfc_debug:cv_sfinterface.obj
 0001:0002aa90       cvsf_script_init_if        000000018002ba90 f   sfc_debug:cv_sfinterface.obj
 0001:0002aaf0       cvsf_script_init_for       000000018002baf0 f   sfc_debug:cv_sfinterface.obj
 0001:0002ab40       cvsf_script_init_while     000000018002bb40 f   sfc_debug:cv_sfinterface.obj
 0001:0002ab90       cvsf_script_init_mcdc      000000018002bb90 f   sfc_debug:cv_sfinterface.obj
 0001:0002ac20       cvsf_script_init_switch    000000018002bc20 f   sfc_debug:cv_sfinterface.obj
 0001:0002ac90       cv_destroy_interface       000000018002bc90 f   sfc_debug:cv_sfinterface.obj
 0001:0002acb0       cv_create_instance_objects 000000018002bcb0 f   sfc_debug:cv_sfinterface.obj
 0001:0002b160       cv_is_enabled              000000018002c160 f   sfc_debug:cv_sfinterface.obj
 0001:0002b170       sf_debug_cv_initialize_script 000000018002c170 f   sfc_debug:cv_sfinterface.obj
 0001:0002b320       sf_debug_cv_initialize_instance 000000018002c320 f   sfc_debug:cv_sfinterface.obj
 0001:0002b6c0       sf_debug_cv_terminate_chart 000000018002c6c0 f   sfc_debug:cv_sfinterface.obj
 0001:0002b800       cv_call_trans_test         000000018002c800 f   sfc_debug:cv_sfinterface.obj
 0001:0002b810       cv_call_sub_cond_test      000000018002c810 f   sfc_debug:cv_sfinterface.obj
 0001:0002b940       sf_debug_hm_initialize_instance 000000018002c940 f   sfc_debug:sfdb_handle_management.obj
 0001:0002bec0       sf_debug_hm_get_object_id  000000018002cec0 f   sfc_debug:sfdb_handle_management.obj
 0001:0002de30       sf_debug_object_is_eml_function 000000018002ee30 f   sfc_debug:sfdb_handle_management.obj
 0001:0002dea0       sf_debug_hm_initialize_ids_in_machine 000000018002eea0 f   sfc_debug:sfdb_handle_management.obj
 0001:0002e010       sf_debug_hm_initialize_ids_in_chart 000000018002f010 f   sfc_debug:sfdb_handle_management.obj
 0001:0002e150       sf_debug_hm_initialize_chart 000000018002f150 f   sfc_debug:sfdb_handle_management.obj
 0001:0002e900       sf_debug_hm_terminate      000000018002f900 f   sfc_debug:sfdb_handle_management.obj
 0001:0002e960       sf_debug_hm_initialize_machine 000000018002f960 f   sfc_debug:sfdb_handle_management.obj
 0001:0002f110       sf_debug_st_initialize_machine 0000000180030110 f   sfc_debug:sfdb_data_browse.obj
 0001:0002f1d0       sf_debug_st_initialize_instance 00000001800301d0 f   sfc_debug:sfdb_data_browse.obj
 0001:0002f400       sf_debug_st_terminate      0000000180030400 f   sfc_debug:sfdb_data_browse.obj
 0001:0002f7a0       sf_debug_st_set_data_value_ptr_in_machine 00000001800307a0 f   sfc_debug:sfdb_data_browse.obj
 0001:0002f830       sf_debug_st_set_data_value_ptr_in_instance 0000000180030830 f   sfc_debug:sfdb_data_browse.obj
 0001:0002f910       sf_debug_st_unset_data_value_ptr_in_machine 0000000180030910 f   sfc_debug:sfdb_data_browse.obj
 0001:0002f980       sf_debug_st_unset_data_value_ptr_in_instance 0000000180030980 f   sfc_debug:sfdb_data_browse.obj
 0001:0002fc90       sf_debug_mx_value          0000000180030c90 f   sfc_debug:sfdb_data_browse.obj
 0001:0002fcf0       sf_debug_mx_packed_vector  0000000180030cf0 f   sfc_debug:sfdb_data_browse.obj
 0001:0002fdd0       sf_debug_mx_uint_vector    0000000180030dd0 f   sfc_debug:sfdb_data_browse.obj
 0001:0002fe90       sf_debug_st_get_double_value_from_void_ptr_vector 0000000180030e90 f   sfc_debug:sfdb_data_browse.obj
 0001:00030980       sf_debug_st_browse_data    0000000180031980 f   sfc_debug:sfdb_data_browse.obj
 0001:00031120       sf_debug_ss_initialize     0000000180032120 f   sfc_debug:sfdb_symbol_scope.obj
 0001:00031140       sf_debug_ss_terminate      0000000180032140 f   sfc_debug:sfdb_symbol_scope.obj
 0001:000311d0       sf_debug_ss_push_symbol_scope 00000001800321d0 f   sfc_debug:sfdb_symbol_scope.obj
 0001:000312d0       sf_debug_ss_push_symbol_scope_eml 00000001800322d0 f   sfc_debug:sfdb_symbol_scope.obj
 0001:00031330       sf_debug_ss_pop_symbol_scope 0000000180032330 f   sfc_debug:sfdb_symbol_scope.obj
 0001:000313e0       sf_debug_ss_add_symbol     00000001800323e0 f   sfc_debug:sfdb_symbol_scope.obj
 0001:00031540       sf_debug_ss_add_symbol_eml 0000000180032540 f   sfc_debug:sfdb_symbol_scope.obj
 0001:00032220       sf_debug_ss_set_data_value 0000000180033220 f   sfc_debug:sfdb_symbol_scope.obj
 0001:000326c0       sf_debug_ss_watch_data     00000001800336c0 f   sfc_debug:sfdb_symbol_scope.obj
 0001:00032760       sf_debug_ss_assign_data    0000000180033760 f   sfc_debug:sfdb_symbol_scope.obj
 0001:00033160       get_data_entry_name        0000000180034160 f   sfc_debug:sfdb_symbol_scope.obj
 0001:000331b0       sf_debug_ss_whos           00000001800341b0 f   sfc_debug:sfdb_symbol_scope.obj
 0001:000338c0       sf_debug_cc_initialize_chart 00000001800348c0 f   sfc_debug:sfdb_coverage.obj
 0001:000342b0       sf_debug_cc_initialize_instance 00000001800352b0 f   sfc_debug:sfdb_coverage.obj
 0001:000350b0       sf_debug_cc_terminate      00000001800360b0 f   sfc_debug:sfdb_coverage.obj
 0001:000351a0       sf_debug_cc_set_transition_maps 00000001800361a0 f   sfc_debug:sfdb_coverage.obj
 0001:000352d0       sf_debug_cc_set_state_maps 00000001800362d0 f   sfc_debug:sfdb_coverage.obj
 0001:000353b0       sf_debug_cc_set_transition_weights 00000001800363b0 f   sfc_debug:sfdb_coverage.obj
 0001:00035680       sf_debug_cc_set_state_weights 0000000180036680 f   sfc_debug:sfdb_coverage.obj
 0001:00035950       sf_debug_cc_mark_transition_guard 0000000180036950 f   sfc_debug:sfdb_coverage.obj
 0001:000359e0       sf_debug_cc_mark_transition_trigger 00000001800369e0 f   sfc_debug:sfdb_coverage.obj
 0001:00035a70       sf_debug_cc_mark_transition_decision 0000000180036a70 f   sfc_debug:sfdb_coverage.obj
 0001:00035ae0       sf_debug_cc_mark_transition_condition_action 0000000180036ae0 f   sfc_debug:sfdb_coverage.obj
 0001:00035b30       sf_debug_cc_mark_transition_transition_action 0000000180036b30 f   sfc_debug:sfdb_coverage.obj
 0001:00035b80       sf_debug_cc_mark_state_entry 0000000180036b80 f   sfc_debug:sfdb_coverage.obj
 0001:00035bd0       sf_debug_cc_mark_state_during 0000000180036bd0 f   sfc_debug:sfdb_coverage.obj
 0001:00035c20       sf_debug_cc_mark_state_exit 0000000180036c20 f   sfc_debug:sfdb_coverage.obj
 0001:00036460       sf_debug_cc_get_coverage   0000000180037460 f   sfc_debug:sfdb_coverage.obj
 0001:00036a00       sf_debug_bm_clear_script_breakpoints 0000000180037a00 f   sfc_debug:sfdb_breakpoints.obj
 0001:00036a30       sf_debug_bm_set_script_breakpoint 0000000180037a30 f   sfc_debug:sfdb_breakpoints.obj
 0001:00036ab0       sf_debug_bm_clear_single_script_breakpoint 0000000180037ab0 f   sfc_debug:sfdb_breakpoints.obj
 0001:00036b30       sf_debug_bm_query_script_breakpoint 0000000180037b30 f   sfc_debug:sfdb_breakpoints.obj
 0001:00036b80       sf_debug_bm_initialize_scripts 0000000180037b80 f   sfc_debug:sfdb_breakpoints.obj
 0001:000372a0       sf_debug_bm_terminate      00000001800382a0 f   sfc_debug:sfdb_breakpoints.obj
 0001:00037590       sf_debug_bm_remove_all_breakpoints_in_machine 0000000180038590 f   sfc_debug:sfdb_breakpoints.obj
 0001:00037600       sf_debug_bm_remove_all_breakpoints_in_chart 0000000180038600 f   sfc_debug:sfdb_breakpoints.obj
 0001:00037750       sf_debug_bm_initialize_global_breakpoints 0000000180038750 f   sfc_debug:sfdb_breakpoints.obj
 0001:000378d0       sf_debug_bm_set_breakpoint 00000001800388d0 f   sfc_debug:sfdb_breakpoints.obj
 0001:00037f00       sf_debug_bm_set_eml_breakpoint 0000000180038f00 f   sfc_debug:sfdb_breakpoints.obj
 0001:00037fa0       sf_debug_bm_initialize_machine_breakpoint_map 0000000180038fa0 f   sfc_debug:sfdb_breakpoints.obj
 0001:000383c0       sf_debug_bm_is_a_breakpoint 00000001800393c0 f   sfc_debug:sfdb_breakpoints.obj
 0001:000388e0       sf_debug_bm_get_all_breakpoints_in_machine 00000001800398e0 f   sfc_debug:sfdb_breakpoints.obj
 0001:00038be0       sf_debug_bm_get_all_breakpoints_in_chart 0000000180039be0 f   sfc_debug:sfdb_breakpoints.obj
 0001:000398a0       sf_debug_bm_initialize_machine 000000018003a8a0 f   sfc_debug:sfdb_breakpoints.obj
 0001:00039970       sf_debug_bm_initialize_chart 000000018003a970 f   sfc_debug:sfdb_breakpoints.obj
 0001:00039d90       sf_debug_sc_terminate      000000018003ad90 f   sfc_debug:sfdb_state_consistency.obj
 0001:0003a0c0       sf_debug_sc_is_chart_consistent 000000018003b0c0 f   sfc_debug:sfdb_state_consistency.obj
 0001:0003a370       sf_debug_sc_get_consistency_error_info 000000018003b370 f   sfc_debug:sfdb_state_consistency.obj
 0001:0003a7c0       sf_debug_tm_terminate      000000018003b7c0 f   sfc_debug:sfdb_call_stack.obj
 0001:0003a880       sf_debug_tm_push_chart_instance 000000018003b880 f   sfc_debug:sfdb_call_stack.obj
 0001:0003a9d0       sf_debug_tm_pop_chart_instance 000000018003b9d0 f   sfc_debug:sfdb_call_stack.obj
 0001:0003aa30       sf_debug_tm_push_trace_node 000000018003ba30 f   sfc_debug:sfdb_call_stack.obj
 0001:0003abc0       sf_debug_tm_pop_trace_node 000000018003bbc0 f   sfc_debug:sfdb_call_stack.obj
 0001:0003ac40       sf_debug_tm_get_current_global_trace_index 000000018003bc40 f   sfc_debug:sfdb_call_stack.obj
 0001:0003ac50       sf_debug_tm_get_current_local_trace_index 000000018003bc50 f   sfc_debug:sfdb_call_stack.obj
 0001:0003ac80       sf_debug_tm_set_cycle_detected_flag 000000018003bc80 f   sfc_debug:sfdb_call_stack.obj
 0001:0003acc0       sf_debug_tm_set_cycle_started_flag 000000018003bcc0 f   sfc_debug:sfdb_call_stack.obj
 0001:0003ad00       sf_debug_tm_get_chart_number_from_stack 000000018003bd00 f   sfc_debug:sfdb_call_stack.obj
 0001:0003af00       sf_debug_tm_browse_trace   000000018003bf00 f   sfc_debug:sfdb_call_stack.obj
 0001:0003b240       sf_debug_cd_initialize_instance 000000018003c240 f   sfc_debug:sfdb_cycle_detection.obj
 0001:0003b4f0       sf_debug_cd_mark_processed_transition_in_instance 000000018003c4f0 f   sfc_debug:sfdb_cycle_detection.obj
 0001:0003b590       sf_debug_cd_checksum_push  000000018003c590 f   sfc_debug:sfdb_cycle_detection.obj
 0001:0003b850       sf_debug_cd_checksum_pop   000000018003c850 f   sfc_debug:sfdb_cycle_detection.obj
 0001:0003b8c0       sf_debug_cd_turn_off_cycle_detection 000000018003c8c0 f   sfc_debug:sfdb_cycle_detection.obj
 0001:0003b910       sf_debug_cd_terminate      000000018003c910 f   sfc_debug:sfdb_cycle_detection.obj
 0001:0003bb50       md5_initialize_state       000000018003cb50 f   sfc_debug:ckmd5.obj
 0001:0003c5c0       md5_update_state           000000018003d5c0 f   sfc_debug:ckmd5.obj
 0001:0003c5e0       md5_get_hash               000000018003d5e0 f   sfc_debug:ckmd5.obj
 0001:0003c610       md5_get_hash_for_a_single_string 000000018003d610 f   sfc_debug:ckmd5.obj
 0001:0003c674       mxGetPr                    000000018003d674 f   libmx:libmx.dll
 0001:0003c67a       mxCreateDoubleScalar       000000018003d67a f   libmx:libmx.dll
 0001:0003c680       mxSetField_730             000000018003d680 f   libmx:libmx.dll
 0001:0003c686       mxCreateDoubleMatrix_730   000000018003d686 f   libmx:libmx.dll
 0001:0003c68c       mxCreateStructMatrix_730   000000018003d68c f   libmx:libmx.dll
 0001:0003c692       mxDestroyArray             000000018003d692 f   libmx:libmx.dll
 0001:0003c698       mxCreateString             000000018003d698 f   libmx:libmx.dll
 0001:0003c69e       mxDuplicateArray           000000018003d69e f   libmx:libmx.dll
 0001:0003c6a4       mxGetString_730            000000018003d6a4 f   libmx:libmx.dll
 0001:0003c6aa       mxIsChar                   000000018003d6aa f   libmx:libmx.dll
 0001:0003c6b0       mxGetClassID               000000018003d6b0 f   libmx:libmx.dll
 0001:0003c6b6       mxIsNumeric                000000018003d6b6 f   libmx:libmx.dll
 0001:0003c6bc       mxIsComplex                000000018003d6bc f   libmx:libmx.dll
 0001:0003c6c2       mxGetN                     000000018003d6c2 f   libmx:libmx.dll
 0001:0003c6c8       mxGetM                     000000018003d6c8 f   libmx:libmx.dll
 0001:0003c6ce       mxCalloc                   000000018003d6ce f   libmx:libmx.dll
 0001:0003c6d4       mxGetScalar                000000018003d6d4 f   libmx:libmx.dll
 0001:0003c6da       mxIsLogical                000000018003d6da f   libmx:libmx.dll
 0001:0003c6e0       mxCreateDoubleMatrix_700   000000018003d6e0 f   libmx:libmx.dll
 0001:0003c6e6       mxFree                     000000018003d6e6 f   libmx:libmx.dll
 0001:0003c6ec       mxArrayToString            000000018003d6ec f   libmx:libmx.dll
 0001:0003c6f2       mxCreateCellMatrix_700     000000018003d6f2 f   libmx:libmx.dll
 0001:0003c6f8       mxSetCell_700              000000018003d6f8 f   libmx:libmx.dll
 0001:0003c6fe       mxGetCell_700              000000018003d6fe f   libmx:libmx.dll
 0001:0003c704       mxGetClassName             000000018003d704 f   libmx:libmx.dll
 0001:0003c70a       mxSetField_700             000000018003d70a f   libmx:libmx.dll
 0001:0003c710       mxAddField                 000000018003d710 f   libmx:libmx.dll
 0001:0003c716       mxGetField_700             000000018003d716 f   libmx:libmx.dll
 0001:0003c71c       mxGetNumberOfElements      000000018003d71c f   libmx:libmx.dll
 0001:0003c722       mxIsStruct                 000000018003d722 f   libmx:libmx.dll
 0001:0003c728       mxIsClass                  000000018003d728 f   libmx:libmx.dll
 0001:0003c72e       mxGetLogicals              000000018003d72e f   libmx:libmx.dll
 0001:0003c734       mxIsSparse                 000000018003d734 f   libmx:libmx.dll
 0001:0003c73a       mxSetFieldByNumber_700     000000018003d73a f   libmx:libmx.dll
 0001:0003c740       mxGetFieldByNumber_700     000000018003d740 f   libmx:libmx.dll
 0001:0003c746       mxGetFieldNameByNumber     000000018003d746 f   libmx:libmx.dll
 0001:0003c74c       mxGetNumberOfFields        000000018003d74c f   libmx:libmx.dll
 0001:0003c752       mxCreateStructMatrix_700   000000018003d752 f   libmx:libmx.dll
 0001:0003c758       mxGetFieldNumber           000000018003d758 f   libmx:libmx.dll
 0001:0003c75e       mxIsNaN                    000000018003d75e f   libmx:libmx.dll
 0001:0003c764       mxIsEmpty                  000000018003d764 f   libmx:libmx.dll
 0001:0003c76a       mxGetData                  000000018003d76a f   libmx:libmx.dll
 0001:0003c770       mxGetImagData              000000018003d770 f   libmx:libmx.dll
 0001:0003c776       mxArrayClassIDName         000000018003d776 f   libmx:libmx.dll
 0001:0003c77c       mxCreateNumericMatrix_700  000000018003d77c f   libmx:libmx.dll
 0001:0003c782       mxCreateStructArray_700    000000018003d782 f   libmx:libmx.dll
 0001:0003c788       mxCalcSingleSubscript_700  000000018003d788 f   libmx:libmx.dll
 0001:0003c78e       mxGetDimensions_700        000000018003d78e f   libmx:libmx.dll
 0001:0003c794       mxGetNumberOfDimensions_700 000000018003d794 f   libmx:libmx.dll
 0001:0003c79a       mxCreateNumericArray_700   000000018003d79a f   libmx:libmx.dll
 0001:0003c7a0       mxGetElementSize           000000018003d7a0 f   libmx:libmx.dll
 0001:0003c7a6       mxCreateStringFromNChars_700 000000018003d7a6 f   libmx:libmx.dll
 0001:0003c7ac       mxGetString_700            000000018003d7ac f   libmx:libmx.dll
 0001:0003c7b2       mxIsLogicalScalarTrue      000000018003d7b2 f   libmx:libmx.dll
 0001:0003c7b8       mxCreateLogicalScalar      000000018003d7b8 f   libmx:libmx.dll
 0001:0003c7be       mexUnlock                  000000018003d7be f   libmex:libmex.dll
 0001:0003c7c4       mexIsLocked                000000018003d7c4 f   libmex:libmex.dll
 0001:0003c7ca       mexWarnMsgTxt              000000018003d7ca f   libmex:libmex.dll
 0001:0003c7d0       mexCallMATLAB              000000018003d7d0 f   libmex:libmex.dll
 0001:0003c7d6       mexErrMsgTxt               000000018003d7d6 f   libmex:libmex.dll
 0001:0003c7dc       mexSetTrapFlag             000000018003d7dc f   libmex:libmex.dll
 0001:0003c7e2       mexMakeArrayPersistent     000000018003d7e2 f   libmex:libmex.dll
 0001:0003c7e8       mexPutVariable             000000018003d7e8 f   libmex:libmex.dll
 0001:0003c7ee       mexGetVariable             000000018003d7ee f   libmex:libmex.dll
 0001:0003c7f4       mexLock                    000000018003d7f4 f   libmex:libmex.dll
 0001:0003c7fa       mexMakeMemoryPersistent    000000018003d7fa f   libmex:libmex.dll
 0001:0003c800       mexFunctionName            000000018003d800 f   libmex:libmex.dll
 0001:0003c806       ssRegisterDataTypeFxpFSlopeFixExpBias 000000018003d806 f   libfixedpoint:libfixedpoint.dll
 0001:0003c80c       utVSNprintf                000000018003d80c f   libut:libut.dll
 0001:0003c812       utCPUtime                  000000018003d812 f   libut:libut.dll
 0001:0003c818       utFree                     000000018003d818 f   libut:libut.dll
 0001:0003c81e       utMalloc                   000000018003d81e f   libut:libut.dll
 0001:0003c824       muDoubleScalarSqrt         000000018003d824 f   libmwmathutil:libmwmathutil.dll
 0001:0003c82a       muDoubleScalarAbs          000000018003d82a f   libmwmathutil:libmwmathutil.dll
 0001:0003c830       muDoubleScalarIsNaN        000000018003d830 f   libmwmathutil:libmwmathutil.dll
 0001:0003c836       emlrtCheckBuiltInCtxR2011a 000000018003d836 f   libemlrt:libemlrt.dll
 0001:0003c83c       emlrtCheckVsBuiltInCtxR2011a 000000018003d83c f   libemlrt:libemlrt.dll
 0001:0003c842       emlrtCheckEnumR2009a       000000018003d842 f   libemlrt:libemlrt.dll
 0001:0003c848       emlrtCreateEnumR2010a      000000018003d848 f   libemlrt:libemlrt.dll
 0001:0003c84e       emlrtGetEnumElementR2009a  000000018003d84e f   libemlrt:libemlrt.dll
 0001:0003c854       emlrtCreateReference       000000018003d854 f   libemlrt:libemlrt.dll
 0001:0003c85a       emlrtImportVsFiArrayR2009b 000000018003d85a f   libemlrt:libemlrt.dll
 0001:0003c860       emlrtExtractMessageId      000000018003d860 f   libemlrt:libemlrt.dll
 0001:0003c866       emlrtTranslateMessageIDtoLCPstring 000000018003d866 f   libemlrt:libemlrt.dll
 0001:0003c86c       emlrtGetEnumUnderlyingArrayR2009a 000000018003d86c f   libemlrt:libemlrt.dll
 0001:0003c872       emlrtIsEnumR2009a          000000018003d872 f   libemlrt:libemlrt.dll
 0001:0003c878       dnrm232                    000000018003d878 f   libmwblascompat32:libmwblascompat32.dll
 0001:0003c87e       idamax32                   000000018003d87e f   libmwblascompat32:libmwblascompat32.dll
 0001:0003c884       dswap32                    000000018003d884 f   libmwblascompat32:libmwblascompat32.dll
 0001:0003c88a       dscal32                    000000018003d88a f   libmwblascompat32:libmwblascompat32.dll
 0001:0003c890       dgemv32                    000000018003d890 f   libmwblascompat32:libmwblascompat32.dll
 0001:0003c896       dger32                     000000018003d896 f   libmwblascompat32:libmwblascompat32.dll
 0001:0003c89c       __GSHandlerCheckCommon     000000018003d89c f   MSVCRT:gshandler.obj
 0001:0003c900       __GSHandlerCheck           000000018003d900 f   MSVCRT:gshandler.obj
 0001:0003c91e       strlen                     000000018003d91e f   MSVCRT:MSVCR100.dll
 0001:0003c940       __security_check_cookie    000000018003d940 f   MSVCRT:amdsecgs.obj
 0001:0003c960       memset                     000000018003d960 f   MSVCRT:MSVCR100.dll
 0001:0003c966       malloc                     000000018003d966 f   MSVCRT:MSVCR100.dll
 0001:0003c96c       free                       000000018003d96c f   MSVCRT:MSVCR100.dll
 0001:0003c972       strcmp                     000000018003d972 f   MSVCRT:MSVCR100.dll
 0001:0003c978       sprintf                    000000018003d978 f   MSVCRT:MSVCR100.dll
 0001:0003c97e       strcat                     000000018003d97e f   MSVCRT:MSVCR100.dll
 0001:0003c984       memcpy                     000000018003d984 f   MSVCRT:MSVCR100.dll
 0001:0003c98c       NtCurrentTeb               000000018003d98c f i MSVCRT:crtdll.obj
 0001:0003c9f8       _CRT_INIT                  000000018003d9f8 f   MSVCRT:crtdll.obj
 0001:0003cd90       _DllMainCRTStartup         000000018003dd90 f   MSVCRT:crtdll.obj
 0001:0003cdce       strncpy                    000000018003ddce f   MSVCRT:MSVCR100.dll
 0001:0003cdf0       __chkstk                   000000018003ddf0 f   MSVCRT:chkstk.obj
 0001:0003cdf0       _alloca_probe              000000018003ddf0     MSVCRT:chkstk.obj
 0001:0003ce3e       longjmp                    000000018003de3e f   MSVCRT:MSVCR100.dll
 0001:0003ce44       strncmp                    000000018003de44 f   MSVCRT:MSVCR100.dll
 0001:0003ce4a       ceil                       000000018003de4a f   MSVCRT:MSVCR100.dll
 0001:0003ce50       strrchr                    000000018003de50 f   MSVCRT:MSVCR100.dll
 0001:0003ce56       _setjmp                    000000018003de56 f   MSVCRT:MSVCR100.dll
 0001:0003ce5c       calloc                     000000018003de5c f   MSVCRT:MSVCR100.dll
 0001:0003ce62       realloc                    000000018003de62 f   MSVCRT:MSVCR100.dll
 0001:0003ce68       ldexp                      000000018003de68 f   MSVCRT:MSVCR100.dll
 0001:0003ce70       __report_gsfailure         000000018003de70 f   MSVCRT:gs_report.obj
 0001:0003cfbc       __clean_type_info_names    000000018003dfbc f   MSVCRT:tncleanup.obj
 0001:0003cfc8       _onexit                    000000018003dfc8 f   MSVCRT:atonexit.obj
 0001:0003d078       atexit                     000000018003e078 f   MSVCRT:atonexit.obj
 0001:0003d090       _RTC_Initialize            000000018003e090 f   MSVCRT:_initsect_.obj
 0001:0003d0c8       _RTC_Terminate             000000018003e0c8 f   MSVCRT:_initsect_.obj
 0001:0003d100       _malloc_crt                000000018003e100 f   MSVCRT:MSVCR100.dll
 0001:0003d110       _ValidateImageBase         000000018003e110 f   MSVCRT:pesect.obj
 0001:0003d140       _FindPESection             000000018003e140 f   MSVCRT:pesect.obj
 0001:0003d190       _IsNonwritableInCurrentImage 000000018003e190 f   MSVCRT:pesect.obj
 0001:0003d1d2       _initterm                  000000018003e1d2 f   MSVCRT:MSVCR100.dll
 0001:0003d1d8       _initterm_e                000000018003e1d8 f   MSVCRT:MSVCR100.dll
 0001:0003d1de       _encoded_null              000000018003e1de f   MSVCRT:MSVCR100.dll
 0001:0003d1e4       _amsg_exit                 000000018003e1e4 f   MSVCRT:MSVCR100.dll
 0001:0003d1ea       __C_specific_handler       000000018003e1ea f   MSVCRT:MSVCR100.dll
 0001:0003d1f0       __CppXcptFilter            000000018003e1f0 f   MSVCRT:MSVCR100.dll
 0001:0003d1f8       DllMain                    000000018003e1f8 f   MSVCRT:dllmain.obj
 0001:0003d21c       __security_init_cookie     000000018003e21c f   MSVCRT:gs_support.obj
 0001:0003d2d0       __crt_debugger_hook        000000018003e2d0 f   MSVCRT:MSVCR100.dll
 0001:0003d2d6       __clean_type_info_names_internal 000000018003e2d6 f   MSVCRT:MSVCR100.dll
 0001:0003d2dc       _unlock                    000000018003e2dc f   MSVCRT:MSVCR100.dll
 0001:0003d2e2       __dllonexit                000000018003e2e2 f   MSVCRT:MSVCR100.dll
 0001:0003d2e8       _lock                      000000018003e2e8 f   MSVCRT:MSVCR100.dll
 0001:0003d2ee       EncodePointer              000000018003e2ee f   kernel32:KERNEL32.dll
 0001:0003d2f4       DecodePointer              000000018003e2f4 f   kernel32:KERNEL32.dll
 0001:0003d2fa       Sleep                      000000018003e2fa f   kernel32:KERNEL32.dll
 0001:0003d300       TerminateProcess           000000018003e300 f   kernel32:KERNEL32.dll
 0001:0003d306       GetCurrentProcess          000000018003e306 f   kernel32:KERNEL32.dll
 0001:0003d30c       UnhandledExceptionFilter   000000018003e30c f   kernel32:KERNEL32.dll
 0001:0003d312       SetUnhandledExceptionFilter 000000018003e312 f   kernel32:KERNEL32.dll
 0001:0003d318       IsDebuggerPresent          000000018003e318 f   kernel32:KERNEL32.dll
 0001:0003d31e       RtlVirtualUnwind           000000018003e31e f   kernel32:KERNEL32.dll
 0001:0003d324       RtlLookupFunctionEntry     000000018003e324 f   kernel32:KERNEL32.dll
 0001:0003d32a       RtlCaptureContext          000000018003e32a f   kernel32:KERNEL32.dll
 0001:0003d330       DisableThreadLibraryCalls  000000018003e330 f   kernel32:KERNEL32.dll
 0001:0003d336       QueryPerformanceCounter    000000018003e336 f   kernel32:KERNEL32.dll
 0001:0003d33c       GetTickCount               000000018003e33c f   kernel32:KERNEL32.dll
 0001:0003d342       GetCurrentThreadId         000000018003e342 f   kernel32:KERNEL32.dll
 0001:0003d348       GetCurrentProcessId        000000018003e348 f   kernel32:KERNEL32.dll
 0001:0003d34e       GetSystemTimeAsFileTime    000000018003e34e f   kernel32:KERNEL32.dll
 0002:00000000       __imp_DisableThreadLibraryCalls 000000018003f000     kernel32:KERNEL32.dll
 0002:00000008       __imp_RtlCaptureContext    000000018003f008     kernel32:KERNEL32.dll
 0002:00000010       __imp_RtlLookupFunctionEntry 000000018003f010     kernel32:KERNEL32.dll
 0002:00000018       __imp_RtlVirtualUnwind     000000018003f018     kernel32:KERNEL32.dll
 0002:00000020       __imp_IsDebuggerPresent    000000018003f020     kernel32:KERNEL32.dll
 0002:00000028       __imp_SetUnhandledExceptionFilter 000000018003f028     kernel32:KERNEL32.dll
 0002:00000030       __imp_UnhandledExceptionFilter 000000018003f030     kernel32:KERNEL32.dll
 0002:00000038       __imp_GetCurrentProcess    000000018003f038     kernel32:KERNEL32.dll
 0002:00000040       __imp_TerminateProcess     000000018003f040     kernel32:KERNEL32.dll
 0002:00000048       __imp_Sleep                000000018003f048     kernel32:KERNEL32.dll
 0002:00000050       __imp_DecodePointer        000000018003f050     kernel32:KERNEL32.dll
 0002:00000058       __imp_EncodePointer        000000018003f058     kernel32:KERNEL32.dll
 0002:00000060       __imp_GetTickCount         000000018003f060     kernel32:KERNEL32.dll
 0002:00000068       __imp_GetCurrentThreadId   000000018003f068     kernel32:KERNEL32.dll
 0002:00000070       __imp_GetCurrentProcessId  000000018003f070     kernel32:KERNEL32.dll
 0002:00000078       __imp_GetSystemTimeAsFileTime 000000018003f078     kernel32:KERNEL32.dll
 0002:00000080       __imp_QueryPerformanceCounter 000000018003f080     kernel32:KERNEL32.dll
 0002:00000088       \177KERNEL32_NULL_THUNK_DATA 000000018003f088     kernel32:KERNEL32.dll
 0002:00000090       __imp__onexit              000000018003f090     MSVCRT:MSVCR100.dll
 0002:00000098       __imp__lock                000000018003f098     MSVCRT:MSVCR100.dll
 0002:000000a0       __imp___dllonexit          000000018003f0a0     MSVCRT:MSVCR100.dll
 0002:000000a8       __imp__unlock              000000018003f0a8     MSVCRT:MSVCR100.dll
 0002:000000b0       __imp___clean_type_info_names_internal 000000018003f0b0     MSVCRT:MSVCR100.dll
 0002:000000b8       __imp___crt_debugger_hook  000000018003f0b8     MSVCRT:MSVCR100.dll
 0002:000000c0       __imp___CppXcptFilter      000000018003f0c0     MSVCRT:MSVCR100.dll
 0002:000000c8       __imp___C_specific_handler 000000018003f0c8     MSVCRT:MSVCR100.dll
 0002:000000d0       __imp__amsg_exit           000000018003f0d0     MSVCRT:MSVCR100.dll
 0002:000000d8       __imp__encoded_null        000000018003f0d8     MSVCRT:MSVCR100.dll
 0002:000000e0       __imp__initterm_e          000000018003f0e0     MSVCRT:MSVCR100.dll
 0002:000000e8       __imp__initterm            000000018003f0e8     MSVCRT:MSVCR100.dll
 0002:000000f0       __imp__malloc_crt          000000018003f0f0     MSVCRT:MSVCR100.dll
 0002:000000f8       __imp_ldexp                000000018003f0f8     MSVCRT:MSVCR100.dll
 0002:00000100       __imp_realloc              000000018003f100     MSVCRT:MSVCR100.dll
 0002:00000108       __imp_calloc               000000018003f108     MSVCRT:MSVCR100.dll
 0002:00000110       __imp__setjmp              000000018003f110     MSVCRT:MSVCR100.dll
 0002:00000118       __imp_strrchr              000000018003f118     MSVCRT:MSVCR100.dll
 0002:00000120       __imp_ceil                 000000018003f120     MSVCRT:MSVCR100.dll
 0002:00000128       __imp_strncmp              000000018003f128     MSVCRT:MSVCR100.dll
 0002:00000130       __imp_longjmp              000000018003f130     MSVCRT:MSVCR100.dll
 0002:00000138       __imp_strncpy              000000018003f138     MSVCRT:MSVCR100.dll
 0002:00000140       __imp_memcpy               000000018003f140     MSVCRT:MSVCR100.dll
 0002:00000148       __imp_strcat               000000018003f148     MSVCRT:MSVCR100.dll
 0002:00000150       __imp_sprintf              000000018003f150     MSVCRT:MSVCR100.dll
 0002:00000158       __imp_strcmp               000000018003f158     MSVCRT:MSVCR100.dll
 0002:00000160       __imp_free                 000000018003f160     MSVCRT:MSVCR100.dll
 0002:00000168       __imp_malloc               000000018003f168     MSVCRT:MSVCR100.dll
 0002:00000170       __imp_memset               000000018003f170     MSVCRT:MSVCR100.dll
 0002:00000178       __imp_strlen               000000018003f178     MSVCRT:MSVCR100.dll
 0002:00000180       \177MSVCR100_NULL_THUNK_DATA 000000018003f180     MSVCRT:MSVCR100.dll
 0002:00000188       __imp_emlrtIsEnumR2009a    000000018003f188     libemlrt:libemlrt.dll
 0002:00000190       __imp_emlrtGetEnumUnderlyingArrayR2009a 000000018003f190     libemlrt:libemlrt.dll
 0002:00000198       __imp_emlrtTranslateMessageIDtoLCPstring 000000018003f198     libemlrt:libemlrt.dll
 0002:000001a0       __imp_emlrtExtractMessageId 000000018003f1a0     libemlrt:libemlrt.dll
 0002:000001a8       __imp_emlrtImportVsFiArrayR2009b 000000018003f1a8     libemlrt:libemlrt.dll
 0002:000001b0       __imp_emlrtCreateReference 000000018003f1b0     libemlrt:libemlrt.dll
 0002:000001b8       __imp_emlrtGetEnumElementR2009a 000000018003f1b8     libemlrt:libemlrt.dll
 0002:000001c0       __imp_emlrtCreateEnumR2010a 000000018003f1c0     libemlrt:libemlrt.dll
 0002:000001c8       __imp_emlrtCheckEnumR2009a 000000018003f1c8     libemlrt:libemlrt.dll
 0002:000001d0       __imp_emlrtCheckVsBuiltInCtxR2011a 000000018003f1d0     libemlrt:libemlrt.dll
 0002:000001d8       __imp_emlrtCheckBuiltInCtxR2011a 000000018003f1d8     libemlrt:libemlrt.dll
 0002:000001e0       \177libemlrt_NULL_THUNK_DATA 000000018003f1e0     libemlrt:libemlrt.dll
 0002:000001e8       __imp_ssRegisterDataTypeFxpFSlopeFixExpBias 000000018003f1e8     libfixedpoint:libfixedpoint.dll
 0002:000001f0       \177libfixedpoint_NULL_THUNK_DATA 000000018003f1f0     libfixedpoint:libfixedpoint.dll
 0002:000001f8       __imp_mexGetVariable       000000018003f1f8     libmex:libmex.dll
 0002:00000200       __imp_mexMakeArrayPersistent 000000018003f200     libmex:libmex.dll
 0002:00000208       __imp_mexMakeMemoryPersistent 000000018003f208     libmex:libmex.dll
 0002:00000210       __imp_mexFunctionName      000000018003f210     libmex:libmex.dll
 0002:00000218       __imp_mexLock              000000018003f218     libmex:libmex.dll
 0002:00000220       __imp_mexPutVariable       000000018003f220     libmex:libmex.dll
 0002:00000228       __imp_mexSetTrapFlag       000000018003f228     libmex:libmex.dll
 0002:00000230       __imp_mexUnlock            000000018003f230     libmex:libmex.dll
 0002:00000238       __imp_mexIsLocked          000000018003f238     libmex:libmex.dll
 0002:00000240       __imp_mexWarnMsgTxt        000000018003f240     libmex:libmex.dll
 0002:00000248       __imp_mexCallMATLAB        000000018003f248     libmex:libmex.dll
 0002:00000250       __imp_mexErrMsgTxt         000000018003f250     libmex:libmex.dll
 0002:00000258       \177libmex_NULL_THUNK_DATA 000000018003f258     libmex:libmex.dll
 0002:00000260       __imp_idamax32             000000018003f260     libmwblascompat32:libmwblascompat32.dll
 0002:00000268       __imp_dswap32              000000018003f268     libmwblascompat32:libmwblascompat32.dll
 0002:00000270       __imp_dscal32              000000018003f270     libmwblascompat32:libmwblascompat32.dll
 0002:00000278       __imp_dger32               000000018003f278     libmwblascompat32:libmwblascompat32.dll
 0002:00000280       __imp_dgemv32              000000018003f280     libmwblascompat32:libmwblascompat32.dll
 0002:00000288       __imp_dnrm232              000000018003f288     libmwblascompat32:libmwblascompat32.dll
 0002:00000290       \177libmwblascompat32_NULL_THUNK_DATA 000000018003f290     libmwblascompat32:libmwblascompat32.dll
 0002:00000298       __imp_muDoubleScalarAbs    000000018003f298     libmwmathutil:libmwmathutil.dll
 0002:000002a0       __imp_muDoubleScalarIsNaN  000000018003f2a0     libmwmathutil:libmwmathutil.dll
 0002:000002a8       __imp_muDoubleScalarSqrt   000000018003f2a8     libmwmathutil:libmwmathutil.dll
 0002:000002b0       \177libmwmathutil_NULL_THUNK_DATA 000000018003f2b0     libmwmathutil:libmwmathutil.dll
 0002:000002b8       __imp_mxCreateLogicalScalar 000000018003f2b8     libmx:libmx.dll
 0002:000002c0       __imp_mxGetString_700      000000018003f2c0     libmx:libmx.dll
 0002:000002c8       __imp_mxCreateStringFromNChars_700 000000018003f2c8     libmx:libmx.dll
 0002:000002d0       __imp_mxGetElementSize     000000018003f2d0     libmx:libmx.dll
 0002:000002d8       __imp_mxCreateNumericArray_700 000000018003f2d8     libmx:libmx.dll
 0002:000002e0       __imp_mxGetScalar          000000018003f2e0     libmx:libmx.dll
 0002:000002e8       __imp_mxCalloc             000000018003f2e8     libmx:libmx.dll
[...]
 0001:00014ac0       _ml_generic_castability_check 0000000180015ac0 f   sfc_mex:sfc_mex.obj
 0001:00015820       ml_generic_castability_check 0000000180016820 f   sfc_mex:sfc_mex.obj
 0001:000158c0       ml_check_mx_array_for_single_castability 00000001800168c0 f   sfc_mex:sfc_mex.obj
 0001:00015960       ml_check_mx_array_for_logical_castability 0000000180016960 f   sfc_mex:sfc_mex.obj
 0001:00015a00       ml_check_mx_array_for_int8_castability 0000000180016a00 f   sfc_mex:sfc_mex.obj
 0001:00015ab0       ml_check_mx_array_for_uint8_castability 0000000180016ab0 f   sfc_mex:sfc_mex.obj
 0001:00015b10       ml_check_mx_array_for_int16_castability 0000000180016b10 f   sfc_mex:sfc_mex.obj
 0001:00015b70       ml_check_mx_array_for_uint16_castability 0000000180016b70 f   sfc_mex:sfc_mex.obj
 0001:00015bd0       ml_check_mx_array_for_int32_castability 0000000180016bd0 f   sfc_mex:sfc_mex.obj
 0001:00015c30       ml_check_mx_array_for_uint32_castability 0000000180016c30 f   sfc_mex:sfc_mex.obj
 0001:00015c90       ml_check_mx_array_for_castability 0000000180016c90 f   sfc_mex:sfc_mex.obj
 0001:000165c0       set_data_value             00000001800175c0 f   sfc_mex:sfc_mex.obj
 0001:00016930       get_data_value             0000000180017930 f   sfc_mex:sfc_mex.obj
 0001:00016a40       get_next_element_address   0000000180017a40 f   sfc_mex:sfc_mex.obj
 0001:00016b10       sf_normalize_index         0000000180017b10 f   sfc_mex:sfc_mex.obj
 0001:00016ea0       ml_array_index_bound_check 0000000180017ea0 f   sfc_mex:sfc_mex.obj
 0001:000179c0       mx_value                   00000001800189c0 f   sfc_mex:sfc_mex.obj
 0001:00017a10       sf_create_numeric_array    0000000180018a10 f   sfc_mex:sfc_mex.obj
 0001:00017ab0       sf_mex_assign_to_mx_array  0000000180018ab0 f   sfc_mex:sfc_mex.obj
 0001:00017e00       assign_from_mx_array       0000000180018e00 f   sfc_mex:sfc_mex.obj
 0001:00018630       sf_mex_import_v            0000000180019630 f   sfc_mex:sfc_mex.obj
 0001:00018c00       get_machine_and_chart_file_number 0000000180019c00 f   sfc_mex:sfc_sf.obj
 0001:00018cf0       get_sfun_block_specialization 0000000180019cf0 f   sfc_mex:sfc_sf.obj
 0001:00018d70       call_sf_machine_global_method_dispatcher 0000000180019d70 f   sfc_mex:sfc_sf.obj
 0001:00018fa0       mdl_zeroCrossings_processing 0000000180019fa0 f   sfc_mex:sfc_sf.obj
 0001:00019070       mdl_derivatives_processing 000000018001a070 f   sfc_mex:sfc_sf.obj
 0001:00019330       mdl_outputs_continuous_legacy 000000018001a330 f   sfc_mex:sfc_sf.obj
 0001:000193b0       mdl_outputs_processing     000000018001a3b0 f   sfc_mex:sfc_sf.obj
 0001:000195e0       mdl_enable_processing      000000018001a5e0 f   sfc_mex:sfc_sf.obj
 0001:000196b0       mdl_disable_processing     000000018001a6b0 f   sfc_mex:sfc_sf.obj
 0001:0001a000       write_symbol_mapping       000000018001b000 f   sfc_mex:sfc_sf.obj
 0001:0001a720       sf_call_output_fcn_enable_disable 000000018001b720 f   sfc_mex:sfc_sf.obj
 0001:0001a9a0       set_dwork_information_from_mx_array 000000018001b9a0 f   sfc_mex:sfc_sf.obj
 0001:0001b290       ptr2mxStruct               000000018001c290 f   sfc_mex:sfc_sf.obj
 0001:0001b5a0       SNPRINTF_WRAPPER           000000018001c5a0 f   sfc_debug:sfcdebug.obj
 0001:0001b5c0       sf_debug_chart_instance_initialized_quick 000000018001c5c0 f   sfc_debug:sfcdebug.obj
 0001:0001b5d0       sf_debug_chart_instance_initialized 000000018001c5d0 f   sfc_debug:sfcdebug.obj
 0001:0001b770       sfrtAddSize                000000018001c770 f   sfc_debug:sfcdebug.obj
 0001:0001b830       sfrtGenSizeString          000000018001c830 f   sfc_debug:sfcdebug.obj
 0001:0001bf40       sf_debug_sim_status_listener 000000018001cf40 f   sfc_debug:sfcdebug.obj
 0001:0001c4b0       sf_debug_form_mask_bits    000000018001d4b0 f   sfc_debug:sfcdebug.obj
 0001:0001c4f0       sf_debug_form_sf_data_type_offsets 000000018001d4f0 f   sfc_debug:sfcdebug.obj
 0001:0001c5b0       sf_debug_free_all          000000018001d5b0 f   sfc_debug:sfcdebug.obj
 0001:0001c730       sf_debug_append_debugger_context 000000018001d730 f   sfc_debug:sfcdebug.obj
 0001:0001c9f0       local_strdup               000000018001d9f0 f   sfc_debug:sfcdebug.obj
 0001:0001d8d0       sf_debug_em_terminate      000000018001e8d0 f   sfc_debug:sfcdebug.obj
 0001:0001d910       sf_debug_push_eml_function 000000018001e910 f   sfc_debug:sfcdebug.obj
 0001:0001d9b0       sf_debug_pop_eml_function  000000018001e9b0 f   sfc_debug:sfcdebug.obj
 0001:0001e6b0       sf_debug_get_machine_number_from_id_or_name 000000018001f6b0 f   sfc_debug:sfcdebug.obj
 0001:0001e800       sf_debug_get_chart_number_from_id 000000018001f800 f   sfc_debug:sfcdebug.obj
 0001:0001f470       sf_debug_transfer_control_to_debugger_GUI 0000000180020470 f   sfc_debug:sfcdebug.obj
 0001:00020410       sf_debug_scripts_rehash    0000000180021410 f   sfc_debug:sfcdebug.obj
 0001:00020650       sf_debug_get_script_line_count 0000000180021650 f   sfc_debug:sfcdebug.obj
 0001:00020d60       cv_eml_state_cvId          0000000180021d60 f   sfc_debug:sfcdebug.obj
 0001:00021f80       sf_debug_data_array_bounds_error 0000000180022f80 f   sfc_debug:sfcdebug.obj
 0001:000223b0       eml_debug_runtime_error_doclink 00000001800233b0 f   sfc_debug:sfcdebug.obj
 0001:00022530       sf_debug_runtime_error     0000000180023530 f   sfc_debug:sfcdebug.obj
 0001:000225a0       sf_debug_matlab_error      00000001800235a0 f   sfc_debug:sfcdebug.obj
 0001:00022e50       sf_debug_data_value_error  0000000180023e50 f   sfc_debug:sfcdebug.obj
 0001:00023750       sf_debug_data_loss_error   0000000180024750 f   sfc_debug:sfcdebug.obj
 0001:000243b0       call_cv_range_check        00000001800253b0 f   sfc_debug:sfcdebug.obj
 0001:00024b80       sf_debug_invoke_cycle_detection_code 0000000180025b80 f   sfc_debug:sfcdebug.obj
 0001:000259f0       sf_reset_debug_info_struct 00000001800269f0 f   sfc_debug:sfcdebug.obj
 0001:000262e0       cv_script_cvId             00000001800272e0 f   sfc_debug:sfcdebug.obj
 0001:000270d0       sfc_api_chart_visible      00000001800280d0 f   sfc_debug:sfc_api.obj
 0001:00027150       sfc_api_active_instance    0000000180028150 f   sfc_debug:sfc_api.obj
 0001:000271d0       sfc_api_machine_load       00000001800281d0 f   sfc_debug:sfc_api.obj
 0001:000272a0       sfc_api_debugger_alive     00000001800282a0 f   sfc_debug:sfc_api.obj
 0001:000272b0       sfc_api_go                 00000001800282b0 f   sfc_debug:sfc_api.obj
 0001:000272c0       sfc_api_step_over          00000001800282c0 f   sfc_debug:sfc_api.obj
 0001:000272d0       sfc_api_step_out           00000001800282d0 f   sfc_debug:sfc_api.obj
 0001:000272e0       sfc_api_resume             00000001800282e0 f   sfc_debug:sfc_api.obj
 0001:000272f0       sfc_api_break              00000001800282f0 f   sfc_debug:sfc_api.obj
 0001:00027300       sfc_api_stop_debugging     0000000180028300 f   sfc_debug:sfc_api.obj
 0001:00027350       sfc_api_is_cycle_detected  0000000180028350 f   sfc_debug:sfc_api.obj
 0001:000273a0       sfc_api_is_array_bounds_detected 00000001800283a0 f   sfc_debug:sfc_api.obj
 0001:000273f0       sfc_api_set_disable_all_breakpoints 00000001800283f0 f   sfc_debug:sfc_api.obj
 0001:00027460       sfc_api_disable_all_breakpoints_and_go 0000000180028460 f   sfc_debug:sfc_api.obj
 0001:00027470       sfc_api_close              0000000180028470 f   sfc_debug:sfc_api.obj
 0001:00027480       sfc_api_browse_data        0000000180028480 f   sfc_debug:sfc_api.obj
 0001:000274f0       sfc_api_watch_data         00000001800284f0 f   sfc_debug:sfc_api.obj
 0001:00027590       sfc_api_assign_data        0000000180028590 f   sfc_debug:sfc_api.obj
 0001:00027630       sfc_api_whos               0000000180028630 f   sfc_debug:sfc_api.obj
 0001:000276c0       sfc_api_get_consistency_info 00000001800286c0 f   sfc_debug:sfc_api.obj
 0001:000276d0       sfc_api_browse_trace       00000001800286d0 f   sfc_debug:sfc_api.obj
 0001:000276e0       sfc_api_break_on_chart_entry 00000001800286e0 f   sfc_debug:sfc_api.obj
 0001:00027700       sfc_api_break_on_event_broadcast 0000000180028700 f   sfc_debug:sfc_api.obj
 0001:00027720       sfc_api_break_on_state_entry 0000000180028720 f   sfc_debug:sfc_api.obj
 0001:00027740       sfc_api_set_watch          0000000180028740 f   sfc_debug:sfc_api.obj
 0001:000277e0       sfc_api_set_breakpoints    00000001800287e0 f   sfc_debug:sfc_api.obj
 0001:00027880       sfc_api_set_eml_breakpoints 0000000180028880 f   sfc_debug:sfc_api.obj
 0001:00027900       sfc_api_set_script_breakpoints 0000000180028900 f   sfc_debug:sfc_api.obj
 0001:00027950       sfc_api_add_script_breakpoints 0000000180028950 f   sfc_debug:sfc_api.obj
 0001:000279a0       sfc_api_clear_script_breakpoints 00000001800289a0 f   sfc_debug:sfc_api.obj
 0001:000279f0       sfc_api_query_script_breakpoints 00000001800289f0 f   sfc_debug:sfc_api.obj
 0001:00027a50       sfc_api_get_script_id      0000000180028a50 f   sfc_debug:sfc_api.obj
 0001:00027b10       sfc_api_get_active_states  0000000180028b10 f   sfc_debug:sfc_api.obj
 0001:00027b90       sfc_api_break_between_times 0000000180028b90 f   sfc_debug:sfc_api.obj
 0001:00027bf0       sfc_api_get_instance_handle 0000000180028bf0 f   sfc_debug:sfc_api.obj
 0001:00027ca0       sfc_api_get_coverage       0000000180028ca0 f   sfc_debug:sfc_api.obj
 0001:00027d20       sfc_api_set_animation      0000000180028d20 f   sfc_debug:sfc_api.obj
 0001:00027d70       sfc_api_select_chart       0000000180028d70 f   sfc_debug:sfc_api.obj
 0001:00027dd0       sfc_api_select_charts      0000000180028dd0 f   sfc_debug:sfc_api.obj
 0001:00027e00       sfc_api_cycle_detection_check 0000000180028e00 f   sfc_debug:sfc_api.obj
 0001:00027e50       sfc_api_data_range_check   0000000180028e50 f   sfc_debug:sfc_api.obj
 0001:00027ea0       sfc_api_transition_conflict_check 0000000180028ea0 f   sfc_debug:sfc_api.obj
 0001:00027ef0       sfc_api_state_consistency_check 0000000180028ef0 f   sfc_debug:sfc_api.obj
 0001:00027f40       sfc_api_set_instance_cv_ids 0000000180028f40 f   sfc_debug:sfc_api.obj
 0001:00028050       sfc_api_set_script_cv_ids  0000000180029050 f   sfc_debug:sfc_api.obj
 0001:000280f0       sfc_api_get_current_machine_id 00000001800290f0 f   sfc_debug:sfc_api.obj
 0001:00028120       sfc_api_get_current_machine_number 0000000180029120 f   sfc_debug:sfc_api.obj
 0001:00028150       sfc_api_get_current_chart_number 0000000180029150 f   sfc_debug:sfc_api.obj
 0001:00028180       sfc_api_get_current_instance_number 0000000180029180 f   sfc_debug:sfc_api.obj
 0001:000281b0       sfc_api_get_current_instance_handle 00000001800291b0 f   sfc_debug:sfc_api.obj
 0001:000281d0       sfc_api_get_current_is_minor_time_step 00000001800291d0 f   sfc_debug:sfc_api.obj
 0001:00028200       sfc_api_get_current_machine_name 0000000180029200 f   sfc_debug:sfc_api.obj
 0001:00028220       sfc_api_get_current_chart_id 0000000180029220 f   sfc_debug:sfc_api.obj
 0001:00028250       sfc_api_get_current_object_type 0000000180029250 f   sfc_debug:sfc_api.obj
 0001:00028280       sfc_api_get_current_event_type 0000000180029280 f   sfc_debug:sfc_api.obj
 0001:000282b0       sfc_api_get_current_object_id 00000001800292b0 f   sfc_debug:sfc_api.obj
 0001:000282e0       sfc_get_current_active_event_type 00000001800292e0 f   sfc_debug:sfc_api.obj
 0001:00028310       sfc_api_get_current_active_event_id 0000000180029310 f   sfc_debug:sfc_api.obj
 0001:00028340       sfc_api_get_current_simulation_time 0000000180029340 f   sfc_debug:sfc_api.obj
 0001:00028360       sfc_get_current_tag_type   0000000180029360 f   sfc_debug:sfc_api.obj
 0001:00028390       sfc_get_current_coverage_percentage 0000000180029390 f   sfc_debug:sfc_api.obj
 0001:000283b0       sfc_get_current_statement_context 00000001800293b0 f   sfc_debug:sfc_api.obj
 0001:000283d0       sfc_get_current_optional_integer 00000001800293d0 f   sfc_debug:sfc_api.obj
 0001:00028400       sfc_get_current_statement_info 0000000180029400 f   sfc_debug:sfc_api.obj
 0001:000284a0       sfc_api_get                00000001800294a0 f   sfc_debug:sfc_api.obj
 0001:00028600       sf_debug_sm_is_using_unified_editors 0000000180029600 f   sfc_debug:sfdb_animation.obj
 0001:000286a0       sf_debug_sm_is_chart_visible_in_unified_editors 00000001800296a0 f   sfc_debug:sfdb_animation.obj
 0001:00028760       sf_debug_sm_check_if_chart_is_visible 0000000180029760 f   sfc_debug:sfdb_animation.obj
 0001:00029260       sf_debug_sm_fill_state_activity_data 000000018002a260 f   sfc_debug:sfdb_animation.obj
 0001:0002b850       sf_debug_hm_get_simulink_handle 000000018002c850 f   sfc_debug:sfdb_handle_management.obj
 0001:0002c3a0       sf_debug_hm_initialize_globals 000000018002d3a0 f   sfc_debug:sfdb_handle_management.obj
 0001:0002c4a0       sf_debug_hm_get_machine_debug_flag 000000018002d4a0 f   sfc_debug:sfdb_handle_management.obj
 0001:0002c610       sf_debug_hm_get_machine_id 000000018002d610 f   sfc_debug:sfdb_handle_management.obj
 0001:0002c730       sf_debug_hm_get_chart_id   000000018002d730 f   sfc_debug:sfdb_handle_management.obj
 0001:0002c8d0       sf_debug_hm_register_executing_SFunction 000000018002d8d0 f   sfc_debug:sfdb_handle_management.obj
 0001:0002ca70       sf_debug_hm_get_chart_active_instance 000000018002da70 f   sfc_debug:sfdb_handle_management.obj
 0001:0002cbe0       sf_debug_hm_get_chart_visibility 000000018002dbe0 f   sfc_debug:sfdb_handle_management.obj
 0001:0002cd30       sf_debug_hm_form_object_boolean_properties 000000018002dd30 f   sfc_debug:sfdb_handle_management.obj
 0001:0002d000       sf_debug_hm_form_object_properties 000000018002e000 f   sfc_debug:sfdb_handle_management.obj
 0001:0002d240       sf_debug_hm_terminate_charts 000000018002e240 f   sfc_debug:sfdb_handle_management.obj
 0001:0002d9b0       sf_debug_hm_terminate_machines 000000018002e9b0 f   sfc_debug:sfdb_handle_management.obj
 0001:0002f2d0       void_ptr_stack_vector_free_total 00000001800302d0 f   sfc_debug:sfdb_data_browse.obj
 0001:0002f360       sf_debug_st_terminate_machine 0000000180030360 f   sfc_debug:sfdb_data_browse.obj
 0001:0002f3a0       sf_debug_st_terminate_instance 00000001800303a0 f   sfc_debug:sfdb_data_browse.obj
 0001:0002f750       push_on_to_void_ptr_stack  0000000180030750 f   sfc_debug:sfdb_data_browse.obj
 0001:0002f8e0       pop_from_void_ptr_stack    00000001800308e0 f   sfc_debug:sfdb_data_browse.obj
 0001:0002fa10       sf_debug_st_get_data_value 0000000180030a10 f   sfc_debug:sfdb_data_browse.obj
 0001:0002ffa0       mx_value                   0000000180030fa0 f   sfc_debug:sfdb_data_browse.obj
 0001:0002ffe0       sf_debug_st_fill_data_struct 0000000180030fe0 f   sfc_debug:sfdb_data_browse.obj
 0001:00030320       data_type_format_strings   0000000180031320 f   sfc_debug:sfdb_data_browse.obj
 0001:000303d0       sf_debug_st_fill_data      00000001800313d0 f   sfc_debug:sfdb_data_browse.obj
 0001:00031610       sf_debug_ss_copy_dimension 0000000180032610 f   sfc_debug:sfdb_symbol_scope.obj
 0001:000316d0       sf_debug_ss_get_number_elements 00000001800326d0 f   sfc_debug:sfdb_symbol_scope.obj
 0001:000316f0       sf_debug_ss_fill_data_struct 00000001800326f0 f   sfc_debug:sfdb_symbol_scope.obj
 0001:00031a40       sf_debug_ss_reset_data_info 0000000180032a40 f   sfc_debug:sfdb_symbol_scope.obj
 0001:00031aa0       sf_debug_fill_data_info_by_symbol_scope_entry 0000000180032aa0 f   sfc_debug:sfdb_symbol_scope.obj
 0001:00031b60       sf_debug_fill_data_info_by_data_vector 0000000180032b60 f   sfc_debug:sfdb_symbol_scope.obj
 0001:00031db0       sf_debug_ss_get_data_info  0000000180032db0 f   sfc_debug:sfdb_symbol_scope.obj
 0001:000320a0       sf_debug_select_mex_function 00000001800330a0 f   sfc_debug:sfdb_symbol_scope.obj
 0001:000320d0       sf_debug_is_dyn_matrix_initialized 00000001800330d0 f   sfc_debug:sfdb_symbol_scope.obj
 0001:000320f0       sf_debug_ss_set_data_value_try 00000001800330f0 f   sfc_debug:sfdb_symbol_scope.obj
 0001:000322c0       sf_debug_ss_get_data_value 00000001800332c0 f   sfc_debug:sfdb_symbol_scope.obj
 0001:00032810       sf_debug_ss_data_bytes_string 0000000180033810 f   sfc_debug:sfdb_symbol_scope.obj
 0001:000328c0       sf_debug_ss_data_class_string 00000001800338c0 f   sfc_debug:sfdb_symbol_scope.obj
 0001:00032c50       sf_debug_ss_data_size_string 0000000180033c50 f   sfc_debug:sfdb_symbol_scope.obj
 0001:00032d30       sf_debug_ss_data_create_data_info_struct 0000000180033d30 f   sfc_debug:sfdb_symbol_scope.obj
 0001:00033000       sf_debug_ss_data_create_name_value_pair 0000000180034000 f   sfc_debug:sfdb_symbol_scope.obj
 0001:000330a0       sf_debug_ss_data_get_whos_info 00000001800340a0 f   sfc_debug:sfdb_symbol_scope.obj
 0001:000330b0       same_named_data_in_data_array 00000001800340b0 f   sfc_debug:sfdb_symbol_scope.obj
 0001:00034920       sf_debug_cc_terminate_chart 0000000180035920 f   sfc_debug:sfdb_coverage.obj
 0001:00034cc0       sf_debug_cc_terminate_instance 0000000180035cc0 f   sfc_debug:sfdb_coverage.obj
 0001:000358b0       sf_debug_cc_mark_object_if_needed 00000001800368b0 f   sfc_debug:sfdb_coverage.obj
 0001:00035c70       sf_debug_cc_fill_transition_coverage_data 0000000180036c70 f   sfc_debug:sfdb_coverage.obj
 0001:00035e00       sf_debug_cc_fill_transition_coverage_map 0000000180036e00 f   sfc_debug:sfdb_coverage.obj
 0001:000360b0       sf_debug_cc_fill_state_coverage_map 00000001800370b0 f   sfc_debug:sfdb_coverage.obj
 0001:00036300       sf_debug_cc_fill_state_coverage_data 0000000180037300 f   sfc_debug:sfdb_coverage.obj
 0001:00036f40       sf_debug_bm_initialize_eml 0000000180037f40 f   sfc_debug:sfdb_breakpoints.obj
 0001:000380b0       sf_debug_bm_map_debug_tag_to_breakpoint_tag 00000001800390b0 f   sfc_debug:sfdb_breakpoints.obj
 0001:00038190       sf_debug_bm_is_a_eml_breakpoint_impl 0000000180039190 f   sfc_debug:sfdb_breakpoints.obj
 0001:00039c10       sf_debug_sc_push_on_error_stack 000000018003ac10 f   sfc_debug:sfdb_state_consistency.obj
 0001:00039d40       sf_debug_sc_reset_error_stack 000000018003ad40 f   sfc_debug:sfdb_state_consistency.obj
 0001:00039ed0       sf_debug_sc_is_state_inconsistent 000000018003aed0 f   sfc_debug:sfdb_state_consistency.obj
 0001:0003a1d0       sf_debug_sc_fill_consistency_info 000000018003b1d0 f   sfc_debug:sfdb_state_consistency.obj
 0001:0003a7b0       void_assertion_fcn         000000018003b7b0 f   sfc_debug:sfdb_call_stack.obj
 0001:0003ad30       sf_debug_tm_fill_local_trace 000000018003bd30 f   sfc_debug:sfdb_call_stack.obj
 0001:0003b300       sf_debug_cd_terminate_instance 000000018003c300 f   sfc_debug:sfdb_cycle_detection.obj
 0001:0003b360       sf_debug_cd_free_checksum_stack 000000018003c360 f   sfc_debug:sfdb_cycle_detection.obj
 0001:0003b3b0       sf_debug_cd_reset_pack_strings 000000018003c3b0 f   sfc_debug:sfdb_cycle_detection.obj
 0001:0003ba70       md5file_clear              000000018003ca70 f   sfc_debug:ckmd5.obj
 0001:0003baa0       Encode                     000000018003caa0 f   sfc_debug:ckmd5.obj
 0001:0003baf0       Decode                     000000018003caf0 f   sfc_debug:ckmd5.obj
 0001:0003bb90       MD5Transform               000000018003cb90 f   sfc_debug:ckmd5.obj
 0001:0003c3e0       md5file_addn               000000018003d3e0 f   sfc_debug:ckmd5.obj
 0001:0003c4b0       md5file_hash               000000018003d4b0 f   sfc_debug:ckmd5.obj
 0001:0003c998       pre_c_init                 000000018003d998 f   MSVCRT:crtdll.obj
 0001:0003cc54       __DllMainCRTStartup        000000018003dc54 f   MSVCRT:crtdll.obj
 0001:0003d360       __DllMainCRTStartup$filt$0 000000018003e360 f   MSVCRT:crtdll.obj
 0001:0003d390       __DllMainCRTStartup$fin$1  000000018003e390 f   MSVCRT:crtdll.obj
 0001:0003d3aa       _onexit$fin$0              000000018003e3aa f   MSVCRT:atonexit.obj
 0001:0003d3d0       _IsNonwritableInCurrentImage$filt$0 000000018003e3d0 f   MSVCRT:pesect.obj
