 lin_model_PI_MRAC_Sim_CASE2_sfun

 Timestamp is 545f1387 (Sun Nov 09 01:11:03 2014)

 Preferred load address is 0000000180000000

 Start         Length     Name                   Class
 0001:00000000 00049824H .text                   CODE
 0001:00049830 00000092H .text$x                 CODE
 0002:00000000 000004a0H .idata$5                DATA
 0002:000004a0 00000008H .CRT$XCA                DATA
 0002:000004a8 00000008H .CRT$XCZ                DATA
 0002:000004b0 00000008H .CRT$XIA                DATA
 0002:000004b8 00000008H .CRT$XIAA               DATA
 0002:000004c0 00000008H .CRT$XIZ                DATA
 0002:000004d0 00004afcH .rdata                  DATA
 0002:00004fd0 00000008H .rtc$IAA                DATA
 0002:00004fd8 00000008H .rtc$IZZ                DATA
 0002:00004fe0 00000008H .rtc$TAA                DATA
 0002:00004fe8 00000008H .rtc$TZZ                DATA
 0002:00004ff0 0000432cH .xdata                  DATA
 0002:0000931c 000000b4H .idata$2                DATA
 0002:000093d0 00000014H .idata$3                DATA
 0002:000093e8 000004a0H .idata$4                DATA
 0002:00009888 00000a68H .idata$6                DATA
 0002:0000a2f0 00000066H .edata                  DATA
 0003:00000000 00006938H .data                   DATA
 0003:00006940 000027d8H .bss                    DATA
 0004:00000000 000033d8H .pdata                  DATA

  Address         Publics by Value              Rva+Base               Lib:Object

 0000:00000000       ___safe_se_handler_count   0000000000000000     <absolute>
 0000:00000000       ___safe_se_handler_table   0000000000000000     <absolute>
 0000:00000000       __ImageBase                0000000180000000     <linker-defined>
 0001:00000000       sf_c1_lin_model_PI_MRAC_Sim_CASE2_get_eml_resolved_functions_info 0000000180001000 f   c1_lin_model_PI_MRAC_Sim_CASE2.obj
 0001:00002250       sf_c1_lin_model_PI_MRAC_Sim_CASE2_get_check_sum 0000000180003250 f   c1_lin_model_PI_MRAC_Sim_CASE2.obj
 0001:000022d0       sf_c1_lin_model_PI_MRAC_Sim_CASE2_get_autoinheritance_info 00000001800032d0 f   c1_lin_model_PI_MRAC_Sim_CASE2.obj
 0001:000028a0       sf_internal_get_sim_state_c1_lin_model_PI_MRAC_Sim_CASE2 00000001800038a0 f   c1_lin_model_PI_MRAC_Sim_CASE2.obj
 0001:00002c50       sf_internal_set_sim_state_c1_lin_model_PI_MRAC_Sim_CASE2 0000000180003c50 f   c1_lin_model_PI_MRAC_Sim_CASE2.obj
 0001:00003130       c1_lin_model_PI_MRAC_Sim_CASE2_method_dispatcher 0000000180004130 f   c1_lin_model_PI_MRAC_Sim_CASE2.obj
 0001:0000ba10       sf_c2_lin_model_PI_MRAC_Sim_CASE2_get_eml_resolved_functions_info 000000018000ca10 f   c2_lin_model_PI_MRAC_Sim_CASE2.obj
 0001:0000dcd0       sf_c2_lin_model_PI_MRAC_Sim_CASE2_get_check_sum 000000018000ecd0 f   c2_lin_model_PI_MRAC_Sim_CASE2.obj
 0001:0000dd50       sf_c2_lin_model_PI_MRAC_Sim_CASE2_get_autoinheritance_info 000000018000ed50 f   c2_lin_model_PI_MRAC_Sim_CASE2.obj
 0001:0000e320       sf_internal_get_sim_state_c2_lin_model_PI_MRAC_Sim_CASE2 000000018000f320 f   c2_lin_model_PI_MRAC_Sim_CASE2.obj
 0001:0000e6d0       sf_internal_set_sim_state_c2_lin_model_PI_MRAC_Sim_CASE2 000000018000f6d0 f   c2_lin_model_PI_MRAC_Sim_CASE2.obj
 0001:0000eba0       c2_lin_model_PI_MRAC_Sim_CASE2_method_dispatcher 000000018000fba0 f   c2_lin_model_PI_MRAC_Sim_CASE2.obj
 0001:000173a0       sf_process_check_sum_call  00000001800183a0 f   lin_model_PI_MRAC_Sim_CASE2_sfun_registry.obj
 0001:000173f0       sf_process_autoinheritance_call 00000001800183f0 f   lin_model_PI_MRAC_Sim_CASE2_sfun_registry.obj
 0001:00017570       sf_process_get_eml_resolved_functions_info_call 0000000180018570 f   lin_model_PI_MRAC_Sim_CASE2_sfun_registry.obj
 0001:000176f0       sf_mex_unlock_call         00000001800186f0 f   lin_model_PI_MRAC_Sim_CASE2_sfun_registry.obj
 0001:000177a0       sf_machine_global_initializer_called 00000001800187a0 f   lin_model_PI_MRAC_Sim_CASE2_sfun_registry.obj
 0001:000177d0       sf_machine_global_method_dispatcher 00000001800187d0 f   lin_model_PI_MRAC_Sim_CASE2_sfun_registry.obj
 0001:00017830       sf_machine_global_terminator 0000000180018830 f   lin_model_PI_MRAC_Sim_CASE2_sfun_registry.obj
 0001:00017870       sf_register_machine_exported_symbols 0000000180018870 f   lin_model_PI_MRAC_Sim_CASE2_sfun_registry.obj
 0001:00017890       callCustomFcn              0000000180018890 f   lin_model_PI_MRAC_Sim_CASE2_sfun_registry.obj
 0001:000178a0       sf_machine_global_initializer 00000001800188a0 f   lin_model_PI_MRAC_Sim_CASE2_sfun_registry.obj
 0001:00017910       _ssSetStateAbsTol          0000000180018910 f   lin_model_PI_MRAC_Sim_CASE2_sfun_registry.obj
 0001:000179f0       _ssGetAbsTol               00000001800189f0 f   lin_model_PI_MRAC_Sim_CASE2_sfun_registry.obj
 0001:00017a60       _ssSetInputPortMatrixDimensions 0000000180018a60 f   lin_model_PI_MRAC_Sim_CASE2_sfun_registry.obj
 0001:00017b70       _ssSetOutputPortMatrixDimensions 0000000180018b70 f   lin_model_PI_MRAC_Sim_CASE2_sfun_registry.obj
 0001:00017c80       _ssSetInputPortVectorDimension 0000000180018c80 f   lin_model_PI_MRAC_Sim_CASE2_sfun_registry.obj
 0001:00017d50       _ssSetOutputPortVectorDimension 0000000180018d50 f   lin_model_PI_MRAC_Sim_CASE2_sfun_registry.obj
 0001:00017e20       ssIsRunTimeParamTunable    0000000180018e20 f   lin_model_PI_MRAC_Sim_CASE2_sfun_registry.obj
 0001:00017e90       ssGetSFuncBlockHandle      0000000180018e90 f   lin_model_PI_MRAC_Sim_CASE2_sfun_registry.obj
 0001:00017f00       _ssGetCurrentInputPortWidth 0000000180018f00 f   lin_model_PI_MRAC_Sim_CASE2_sfun_registry.obj
 0001:00018020       _ssGetCurrentOutputPortWidth 0000000180019020 f   lin_model_PI_MRAC_Sim_CASE2_sfun_registry.obj
 0001:00018140       _ssGetCallSystemNumFcnCallDestinations 0000000180019140 f   lin_model_PI_MRAC_Sim_CASE2_sfun_registry.obj
 0001:000181b0       ssWarning                  00000001800191b0 f   lin_model_PI_MRAC_Sim_CASE2_sfun_registry.obj
 0001:000182c0       ssGetIsZeroCrossControlDisabled 00000001800192c0 f   lin_model_PI_MRAC_Sim_CASE2_sfun_registry.obj
 0001:00018330       ssSetIsInputPortUsedForContZcSignal 0000000180019330 f   lin_model_PI_MRAC_Sim_CASE2_sfun_registry.obj
 0001:000183a0       ssSetZcSignalIsZcElementDisc 00000001800193a0 f   lin_model_PI_MRAC_Sim_CASE2_sfun_registry.obj
 0001:00018450       ssSetZcSignalName          0000000180019450 f   lin_model_PI_MRAC_Sim_CASE2_sfun_registry.obj
 0001:000184c0       ssSetZcSignalWidth         00000001800194c0 f   lin_model_PI_MRAC_Sim_CASE2_sfun_registry.obj
 0001:00018530       ssSetZcSignalZcEventType   0000000180019530 f   lin_model_PI_MRAC_Sim_CASE2_sfun_registry.obj
 0001:000185a0       ssSetZcSignalType          00000001800195a0 f   lin_model_PI_MRAC_Sim_CASE2_sfun_registry.obj
 0001:00018610       ssSetZcSignalZcTol         0000000180019610 f   lin_model_PI_MRAC_Sim_CASE2_sfun_registry.obj
 0001:00018680       ssSetZcSignalNeedsEventNotification 0000000180019680 f   lin_model_PI_MRAC_Sim_CASE2_sfun_registry.obj
 0001:000186f0       ssCreateAndAddZcSignalInfo 00000001800196f0 f   lin_model_PI_MRAC_Sim_CASE2_sfun_registry.obj
 0001:00018760       ssCloneAndAddZcSignalInfo  0000000180019760 f   lin_model_PI_MRAC_Sim_CASE2_sfun_registry.obj
 0001:000187d0       ssGetNumZcSignals          00000001800197d0 f   lin_model_PI_MRAC_Sim_CASE2_sfun_registry.obj
 0001:00018840       ssGetZcSignalVector        0000000180019840 f   lin_model_PI_MRAC_Sim_CASE2_sfun_registry.obj
 0001:000188b0       ssGetZcSignalZcEvents      00000001800198b0 f   lin_model_PI_MRAC_Sim_CASE2_sfun_registry.obj
 0001:00018920       ssGetZcSignalName          0000000180019920 f   lin_model_PI_MRAC_Sim_CASE2_sfun_registry.obj
 0001:00018990       ssGetZcSignalWidth         0000000180019990 f   lin_model_PI_MRAC_Sim_CASE2_sfun_registry.obj
 0001:00018a00       ssGetZcSignalZcEventType   0000000180019a00 f   lin_model_PI_MRAC_Sim_CASE2_sfun_registry.obj
 0001:00018a70       ssGetZcSignalType          0000000180019a70 f   lin_model_PI_MRAC_Sim_CASE2_sfun_registry.obj
 0001:00018ae0       ssGetZcSignalZcTol         0000000180019ae0 f   lin_model_PI_MRAC_Sim_CASE2_sfun_registry.obj
 0001:00018b60       ssGetZcSignalNeedsEventNotification 0000000180019b60 f   lin_model_PI_MRAC_Sim_CASE2_sfun_registry.obj
 0001:00018bd0       ssGetZcSignalIsZcElementDisc 0000000180019bd0 f   lin_model_PI_MRAC_Sim_CASE2_sfun_registry.obj
 0001:00018c70       ssGetIsInputPortElementContinuous 0000000180019c70 f   lin_model_PI_MRAC_Sim_CASE2_sfun_registry.obj
 0001:00018d10       _ssGetInputPortSignalPtrsFcn 0000000180019d10 f   lin_model_PI_MRAC_Sim_CASE2_sfun_registry.obj
 0001:00018fd0       _ssGetInputPortSignalFcn   0000000180019fd0 f   lin_model_PI_MRAC_Sim_CASE2_sfun_registry.obj
 0001:000191f0       _ssSetInputPortDirectFeedThroughFcn 000000018001a1f0 f   lin_model_PI_MRAC_Sim_CASE2_sfun_registry.obj
 0001:00019350       _ssSetInputPortReusableFcn 000000018001a350 f   lin_model_PI_MRAC_Sim_CASE2_sfun_registry.obj
 0001:00019440       _ssSetOutputPortReusableFcn 000000018001a440 f   lin_model_PI_MRAC_Sim_CASE2_sfun_registry.obj
 0001:00019520       ssGetDTypeIdFromMxArray    000000018001a520 f   lin_model_PI_MRAC_Sim_CASE2_sfun_registry.obj
 0001:00019640       ssWriteRTWStr              000000018001a640 f   lin_model_PI_MRAC_Sim_CASE2_sfun_registry.obj
 0001:000196a0       ssWriteRTWMxVectParam      000000018001a6a0 f   lin_model_PI_MRAC_Sim_CASE2_sfun_registry.obj
 0001:00019700       ssWriteRTWMx2dMatParam     000000018001a700 f   lin_model_PI_MRAC_Sim_CASE2_sfun_registry.obj
 0001:00019780       ssWriteRTWNameValuePair    000000018001a780 f   lin_model_PI_MRAC_Sim_CASE2_sfun_registry.obj
 0001:00019c70       ssWriteRTWParameters       000000018001ac70 f   lin_model_PI_MRAC_Sim_CASE2_sfun_registry.obj
 0001:0001a270       ssWriteRTWParamSettings    000000018001b270 f   lin_model_PI_MRAC_Sim_CASE2_sfun_registry.obj
 0001:0001a940       ssWriteRTWWorkVect         000000018001b940 f   lin_model_PI_MRAC_Sim_CASE2_sfun_registry.obj
 0001:0001ae40       mexFunction                000000018001be40 f   lin_model_PI_MRAC_Sim_CASE2_sfun_registry.obj
 0001:0001ca80       ProcessMexSfunctionEveryCall 000000018001da80 f   lin_model_PI_MRAC_Sim_CASE2_sfun_registry.obj
 0001:0001cbf0       lin_model_PI_MRAC_Sim_CASE2_initializer 000000018001dbf0 f   lin_model_PI_MRAC_Sim_CASE2_sfun.obj
 0001:0001cc00       lin_model_PI_MRAC_Sim_CASE2_terminator 000000018001dc00 f   lin_model_PI_MRAC_Sim_CASE2_sfun.obj
 0001:0001cc10       sf_lin_model_PI_MRAC_Sim_CASE2_method_dispatcher 000000018001dc10 f   lin_model_PI_MRAC_Sim_CASE2_sfun.obj
 0001:0001cc80       sf_lin_model_PI_MRAC_Sim_CASE2_process_check_sum_call 000000018001dc80 f   lin_model_PI_MRAC_Sim_CASE2_sfun.obj
 0001:0001d0a0       sf_lin_model_PI_MRAC_Sim_CASE2_autoinheritance_info 000000018001e0a0 f   lin_model_PI_MRAC_Sim_CASE2_sfun.obj
 0001:0001d1b0       sf_lin_model_PI_MRAC_Sim_CASE2_get_eml_resolved_functions_info 000000018001e1b0 f   lin_model_PI_MRAC_Sim_CASE2_sfun.obj
 0001:0001d320       lin_model_PI_MRAC_Sim_CASE2_debug_initialize 000000018001e320 f   lin_model_PI_MRAC_Sim_CASE2_sfun.obj
 0001:0001d390       lin_model_PI_MRAC_Sim_CASE2_register_exported_symbols 000000018001e390 f   lin_model_PI_MRAC_Sim_CASE2_sfun.obj
 0001:0001d440       sf_mex_mx_is_numeric       000000018001e440 f   sfc_mex:sfc_mex.obj
 0001:0001d480       strcmp_ignore_ws           000000018001e480 f   sfc_mex:sfc_mex.obj
 0001:0001d5c0       sf_mex_duplicatearraysafe  000000018001e5c0 f   sfc_mex:sfc_mex.obj
 0001:0001d720       sf_set_error_debugger_context_message_fcn 000000018001e720 f   sfc_mex:sfc_mex.obj
 0001:0001d730       sf_set_debugger_matlab_error_fcn 000000018001e730 f   sfc_mex:sfc_mex.obj
 0001:0001d760       sf_set_error_prefix_string 000000018001e760 f   sfc_mex:sfc_mex.obj
 0001:0001d790       sf_get_error_prefix_string 000000018001e790 f   sfc_mex:sfc_mex.obj
 0001:0001d7a0       sf_get_current_jmp_buf_ptr 000000018001e7a0 f   sfc_mex:sfc_mex.obj
 0001:0001d7b0       sf_set_current_jmp_buf_ptr 000000018001e7b0 f   sfc_mex:sfc_mex.obj
 0001:0001d7c0       sf_mex_set_halt_simulation 000000018001e7c0 f   sfc_mex:sfc_mex.obj
 0001:0001d7d0       sf_mex_get_halt_simulation 000000018001e7d0 f   sfc_mex:sfc_mex.obj
 0001:0001d7e0       sf_mex_clear_error_message 000000018001e7e0 f   sfc_mex:sfc_mex.obj
 0001:0001d800       sf_mex_get_error_message_for_read 000000018001e800 f   sfc_mex:sfc_mex.obj
 0001:0001d810       sf_mex_get_error_message_buffer_length 000000018001e810 f   sfc_mex:sfc_mex.obj
 0001:0001d8f0       sf_mex_warning_message     000000018001e8f0 f   sfc_mex:sfc_mex.obj
 0001:0001d960       sf_mex_v_errbuf_createf    000000018001e960 f   sfc_mex:sfc_mex.obj
 0001:0001d970       sf_mex_errbuf_createf      000000018001e970 f   sfc_mex:sfc_mex.obj
 0001:0001d9a0       sf_mex_v_errbuf_catf       000000018001e9a0 f   sfc_mex:sfc_mex.obj
 0001:0001d9e0       sf_mex_errbuf_catf         000000018001e9e0 f   sfc_mex:sfc_mex.obj
 0001:0001da30       sf_mex_errbuf_copy         000000018001ea30 f   sfc_mex:sfc_mex.obj
 0001:0001da40       sf_mex_errbuf_clear        000000018001ea40 f   sfc_mex:sfc_mex.obj
 0001:0001da50       sf_mex_errbuf_isempty      000000018001ea50 f   sfc_mex:sfc_mex.obj
 0001:0001db60       sf_mex_set_error_status    000000018001eb60 f   sfc_mex:sfc_mex.obj
 0001:0001dbb0       sf_mex_error_direct_call   000000018001ebb0 f   sfc_mex:sfc_mex.obj
 0001:0001dbd0       sf_mex_error_message_no_long_jump 000000018001ebd0 f   sfc_mex:sfc_mex.obj
 0001:0001dbf0       sf_mex_long_jump_on_error  000000018001ebf0 f   sfc_mex:sfc_mex.obj
 0001:0001dc20       sf_mex_call_matlab         000000018001ec20 f   sfc_mex:sfc_mex.obj
 0001:0001dd40       sf_mex_check_builtin       000000018001ed40 f   sfc_mex:sfc_mex.obj
 0001:0001dd80       sf_mex_check_builtin_vs    000000018001ed80 f   sfc_mex:sfc_mex.obj
 0001:0001dde0       sf_mex_check_enum          000000018001ede0 f   sfc_mex:sfc_mex.obj
 0001:0001de10       sf_mex_create_enum         000000018001ee10 f   sfc_mex:sfc_mex.obj
 0001:0001de30       sf_mex_get_enum_element    000000018001ee30 f   sfc_mex:sfc_mex.obj
 0001:0001de40       sf_mex_createcellarray     000000018001ee40 f   sfc_mex:sfc_mex.obj
 0001:0001de50       sf_mex_setcell             000000018001ee50 f   sfc_mex:sfc_mex.obj
 0001:0001de60       sf_mex_getcell             000000018001ee60 f   sfc_mex:sfc_mex.obj
 0001:0001de70       sf_mex_dup                 000000018001ee70 f   sfc_mex:sfc_mex.obj
 0001:0001de90       sf_mex_assign              000000018001ee90 f   sfc_mex:sfc_mex.obj
 0001:0001def0       sf_mex_destroy             000000018001eef0 f   sfc_mex:sfc_mex.obj
 0001:0001df20       mx_array_has_fi_type       000000018001ef20 f   sfc_mex:sfc_mex.obj
 0001:0001df50       sf_mex_convert_from_fi     000000018001ef50 f   sfc_mex:sfc_mex.obj
 0001:0001e000       sf_mex_convert_to_double   000000018001f000 f   sfc_mex:sfc_mex.obj
 0001:0001e120       sf_mex_import_fi_vs        000000018001f120 f   sfc_mex:sfc_mex.obj
 0001:0001e2e0       sf_matrix_matrix_index_ok  000000018001f2e0 f   sfc_mex:sfc_mex.obj
 0001:0001e370       sf_vector_vector_index_ok  000000018001f370 f   sfc_mex:sfc_mex.obj
 0001:0001e3a0       ssGetCurrentInputPortDimensions_wrapper 000000018001f3a0 f   sfc_mex:sfc_mex.obj
 0001:0001e3c0       ssGetCurrentOutputPortDimensions_wrapper 000000018001f3c0 f   sfc_mex:sfc_mex.obj
 0001:0001e3e0       sf_mex_emlrt_context_is_debug_mode 000000018001f3e0 f   sfc_mex:sfc_mex.obj
 0001:0001e3f0       sf_mex_emlrt_context_set_debug_mode 000000018001f3f0 f   sfc_mex:sfc_mex.obj
 0001:0001e460       sf_clear_error_manager_info 000000018001f460 f   sfc_mex:sfc_mex.obj
 0001:0001e4b0       sf_mex_stop_simulation_abruptly_wo_error 000000018001f4b0 f   sfc_mex:sfc_mex.obj
 0001:0001e4f0       sf_mex_error_message       000000018001f4f0 f   sfc_mex:sfc_mex.obj
 0001:0001e550       sf_react_to_error_in_matlab_call 000000018001f550 f   sfc_mex:sfc_mex.obj
 0001:0001e580       sf_mex_addfield            000000018001f580 f   sfc_mex:sfc_mex.obj
 0001:0001e620       sf_mex_getfield            000000018001f620 f   sfc_mex:sfc_mex.obj
 0001:0001e920       sf_mex_check_class         000000018001f920 f   sfc_mex:sfc_mex.obj
 0001:0001ea10       sf_mex_is_real             000000018001fa10 f   sfc_mex:sfc_mex.obj
 0001:0001ee80       sf_mex_decode_encoded_mx_struct_array 000000018001fe80 f   sfc_mex:sfc_mex.obj
 0001:0001f160       sf_mex_lw_bounds_check     0000000180020160 f   sfc_mex:sfc_mex.obj
 0001:0001f190       sf_mex_lw_size_eq_check_1d 0000000180020190 f   sfc_mex:sfc_mex.obj
 0001:0001f1b0       sf_mex_lw_size_eq_check_nd 00000001800201b0 f   sfc_mex:sfc_mex.obj
 0001:0001f390       sf_mex_lw_dim_size_eq_check 0000000180020390 f   sfc_mex:sfc_mex.obj
 0001:0001f3c0       sf_mex_lw_dim_size_geq_check 00000001800203c0 f   sfc_mex:sfc_mex.obj
 0001:0001f3f0       sf_mex_lw_sub_assign_size_check_nd 00000001800203f0 f   sfc_mex:sfc_mex.obj
 0001:0001f620       sf_mex_lw_runtime_error_msgid 0000000180020620 f   sfc_mex:sfc_mex.obj
 0001:0001f710       sf_mex_lw_matrix_matrix_index_check 0000000180020710 f   sfc_mex:sfc_mex.obj
 0001:0001f730       sf_mex_lw_vector_vector_index_check 0000000180020730 f   sfc_mex:sfc_mex.obj
 0001:0001f770       sf_mex_lw_non_negative_check 0000000180020770 f   sfc_mex:sfc_mex.obj
 0001:0001f7b0       sf_mex_overflow_error      00000001800207b0 f   sfc_mex:sfc_mex.obj
 0001:0001f7c0       sf_mex_dividebyzero_error  00000001800207c0 f   sfc_mex:sfc_mex.obj
 0001:0001f7d0       sf_mex_unsafe_enum_error   00000001800207d0 f   sfc_mex:sfc_mex.obj
 0001:0001f7e0       sf_emlrtErrHandler         00000001800207e0 f   sfc_mex:sfc_mex.obj
 0001:0001f8a0       sf_mex_printf              00000001800208a0 f   sfc_mex:sfc_mex.obj
 0001:0001fa30       sf_mex_check_size          0000000180020a30 f   sfc_mex:sfc_mex.obj
 0001:0001fd00       sf_mex_check_struct        0000000180020d00 f   sfc_mex:sfc_mex.obj
 0001:0001ff60       sf_mex_check_struct_vs     0000000180020f60 f   sfc_mex:sfc_mex.obj
 0001:0001fff0       sf_mex_check_fi            0000000180020ff0 f   sfc_mex:sfc_mex.obj
 0001:000200f0       sf_mex_check_fi_vs         00000001800210f0 f   sfc_mex:sfc_mex.obj
 0001:00020190       sf_echo_expression         0000000180021190 f   sfc_mex:sfc_mex.obj
 0001:000201f0       sf_assertion_failed        00000001800211f0 f   sfc_mex:sfc_mex.obj
 0001:000204d0       sf_mex_evalin              00000001800214d0 f   sfc_mex:sfc_mex.obj
 0001:00020740       sf_mex_export              0000000180021740 f   sfc_mex:sfc_mex.obj
 0001:00020800       sf_mex_get_ml_var_no_error 0000000180021800 f   sfc_mex:sfc_mex.obj
 0001:000209a0       sf_mex_get_ml_var          00000001800219a0 f   sfc_mex:sfc_mex.obj
 0001:00020e40       ml_set_element_value_in_array 0000000180021e40 f   sfc_mex:sfc_mex.obj
 0001:00022510       sf_mex_call_impl           0000000180023510 f   sfc_mex:sfc_mex.obj
 0001:00022a40       sf_mex_call_debug          0000000180023a40 f   sfc_mex:sfc_mex.obj
 0001:00022a70       sf_mex_call                0000000180023a70 f   sfc_mex:sfc_mex.obj
 0001:000230c0       sf_mex_createstruct        00000001800240c0 f   sfc_mex:sfc_mex.obj
 0001:000231b0       sf_mex_createstructarray   00000001800241b0 f   sfc_mex:sfc_mex.obj
 0001:00023230       sf_mex_get_mx_datatype_from_sf_datatype 0000000180024230 f   sfc_mex:sfc_mex.obj
 0001:00023540       sf_mex_ml_var_sub          0000000180024540 f   sfc_mex:sfc_mex.obj
 0001:00023710       sf_mex_ml_var_subsasgn     0000000180024710 f   sfc_mex:sfc_mex.obj
 0001:00023b00       sf_mex_sub                 0000000180024b00 f   sfc_mex:sfc_mex.obj
 0001:00023d00       sf_mex_subsasgn            0000000180024d00 f   sfc_mex:sfc_mex.obj
 0001:000241e0       sf_mex_create              00000001800251e0 f   sfc_mex:sfc_mex.obj
 0001:00024c30       sf_mex_import_named        0000000180025c30 f   sfc_mex:sfc_mex.obj
 0001:00024c90       sf_mex_import              0000000180025c90 f   sfc_mex:sfc_mex.obj
 0001:00024ce0       sf_mex_import_vs           0000000180025ce0 f   sfc_mex:sfc_mex.obj
 0001:00024df0       sf_mex_lower_fixpt_mx_array 0000000180025df0 f   sfc_mex:sfc_mex.obj
 0001:000253e0       sim_mode_is_rtw_gen        00000001800263e0 f   sfc_mex:sfc_sf.obj
 0001:00025410       sim_mode_is_external       0000000180026410 f   sfc_mex:sfc_sf.obj
 0001:00025420       sim_mode_is_modelref_sim   0000000180026420 f   sfc_mex:sfc_sf.obj
 0001:00025440       mdlInitializeSizes         0000000180026440 f   sfc_mex:sfc_sf.obj
 0001:00025460       mdlInitializeSampleTimes   0000000180026460 f   sfc_mex:sfc_sf.obj
 0001:000254a0       mdlZeroCrossings           00000001800264a0 f   sfc_mex:sfc_sf.obj
 0001:00025580       mdlDerivatives             0000000180026580 f   sfc_mex:sfc_sf.obj
 0001:00025630       mdl_initialize_conditions_processing 0000000180026630 f   sfc_mex:sfc_sf.obj
 0001:00025660       mdlInitializeConditions    0000000180026660 f   sfc_mex:sfc_sf.obj
 0001:00025720       mdlGetSimState             0000000180026720 f   sfc_mex:sfc_sf.obj
 0001:00025730       mdlSetSimState             0000000180026730 f   sfc_mex:sfc_sf.obj
 0001:00025740       mdl_ext_mode_exec_processing 0000000180026740 f   sfc_mex:sfc_sf.obj
 0001:00025760       mdlExtModeExec             0000000180026760 f   sfc_mex:sfc_sf.obj
 0001:000258f0       mdlTerminate               00000001800268f0 f   sfc_mex:sfc_sf.obj
 0001:00025960       mdlRTW                     0000000180026960 f   sfc_mex:sfc_sf.obj
 0001:00025990       mdlSetWorkWidths           0000000180026990 f   sfc_mex:sfc_sf.obj
 0001:000259a0       mdlProcessParameters       00000001800269a0 f   sfc_mex:sfc_sf.obj
 0001:000259b0       mdl_start_processing       00000001800269b0 f   sfc_mex:sfc_sf.obj
 0001:000259f0       mdlStart                   00000001800269f0 f   sfc_mex:sfc_sf.obj
 0001:00025ae0       mdlEnable                  0000000180026ae0 f   sfc_mex:sfc_sf.obj
 0001:00025bb0       mdlDisable                 0000000180026bb0 f   sfc_mex:sfc_sf.obj
 0001:00025c60       sf_get_chart_instance_ptr  0000000180026c60 f   sfc_mex:sfc_sf.obj
 0001:00025c80       sf_rtw_info_uint_prop      0000000180026c80 f   sfc_mex:sfc_sf.obj
 0001:00025df0       sf_is_chart_inlinable      0000000180026df0 f   sfc_mex:sfc_sf.obj
 0001:00025e10       sf_mark_output_events_with_multiple_callers 0000000180026e10 f   sfc_mex:sfc_sf.obj
 0001:00025fd0       sf_mark_chart_reusable_outputs 0000000180026fd0 f   sfc_mex:sfc_sf.obj
 0001:00026250       sf_mark_chart_expressionable_inputs 0000000180027250 f   sfc_mex:sfc_sf.obj
 0001:000265b0       sf_get_subchart_simstruct  00000001800275b0 f   sfc_mex:sfc_sf.obj
 0001:00026600       sf_write_symbol_mapping    0000000180027600 f   sfc_mex:sfc_sf.obj
 0001:00026850       sf_get_fixpt_data_type_id  0000000180027850 f   sfc_mex:sfc_sf.obj
 0001:00026890       sf_get_enum_data_type_id   0000000180027890 f   sfc_mex:sfc_sf.obj
 0001:000268d0       sf_get_param_data_type_id  00000001800278d0 f   sfc_mex:sfc_sf.obj
 0001:00026900       sf_mex_listen_for_ctrl_c_force 0000000180027900 f   sfc_mex:sfc_sf.obj
 0001:00026a10       sf_mex_draw_now            0000000180027a10 f   sfc_mex:sfc_sf.obj
 0001:00026a50       sf_mex_set_debugger_sim_status_listener_fcn 0000000180027a50 f   sfc_mex:sfc_sf.obj
 0001:00026a60       sf_mex_listen_for_ctrl_c   0000000180027a60 f   sfc_mex:sfc_sf.obj
 0001:00026af0       sf_mex_get_sfun_param      0000000180027af0 f   sfc_mex:sfc_sf.obj
 0001:00026b40       sf_get_runtime_param_data  0000000180027b40 f   sfc_mex:sfc_sf.obj
 0001:00026b80       sf_call_output_fcn_call    0000000180027b80 f   sfc_mex:sfc_sf.obj
 0001:00026cc0       sf_call_output_fcn_enable  0000000180027cc0 f   sfc_mex:sfc_sf.obj
 0001:00026d50       sf_call_output_fcn_disable 0000000180027d50 f   sfc_mex:sfc_sf.obj
 0001:00026de0       sf_clear_rtw_identifier    0000000180027de0 f   sfc_mex:sfc_sf.obj
 0001:000275d0       sf_set_encoded_dwork_info  00000001800285d0 f   sfc_mex:sfc_sf.obj
 0001:00027620       sf_get_dwork_info_from_mat_file 0000000180028620 f   sfc_mex:sfc_sf.obj
 0001:00027810       sf_set_rtw_dwork_info      0000000180028810 f   sfc_mex:sfc_sf.obj
 0001:00027980       mdlOutputs                 0000000180028980 f   sfc_mex:sfc_sf.obj
 0001:00027b20       sf_debug_disp              0000000180028b20 f   sfc_debug:sfcdebug.obj
 0001:00027d80       sf_debug_data_runtime_size_mismatch_error_check 0000000180028d80 f   sfc_debug:sfcdebug.obj
 0001:00027e20       sf_debug_try_loading_machine 0000000180028e20 f   sfc_debug:sfcdebug.obj
 0001:00027f20       sf_debug_reset_current_state_configuration 0000000180028f20 f   sfc_debug:sfcdebug.obj
 0001:00027fb0       sf_debug_store_current_state_configuration 0000000180028fb0 f   sfc_debug:sfcdebug.obj
 0001:00028040       sf_debug_restore_previous_state_configuration 0000000180029040 f   sfc_debug:sfcdebug.obj
 0001:000280d0       sf_debug_restore_previous_state_configuration2 00000001800290d0 f   sfc_debug:sfcdebug.obj
 0001:00028160       sf_debug_get_event_scope   0000000180029160 f   sfc_debug:sfcdebug.obj
 0001:000282d0       use_debugger_step_animation 00000001800292d0 f   sfc_debug:sfcdebug.obj
 0001:000282f0       sf_debug_get_script_id     00000001800292f0 f   sfc_debug:sfcdebug.obj
 0001:00028380       sf_debug_set_script_translation 0000000180029380 f   sfc_debug:sfcdebug.obj
 0001:00028440       sf_debug_get_current_machine_id 0000000180029440 f   sfc_debug:sfcdebug.obj
 0001:00028460       sf_debug_get_current_optional_integer 0000000180029460 f   sfc_debug:sfcdebug.obj
 0001:00028470       sf_debug_get_current_machine_number 0000000180029470 f   sfc_debug:sfcdebug.obj
 0001:00028490       sf_debug_get_current_machine_name 0000000180029490 f   sfc_debug:sfcdebug.obj
 0001:000284b0       sf_debug_get_current_chart_id 00000001800294b0 f   sfc_debug:sfcdebug.obj
 0001:00028500       sf_debug_get_current_chart_number 0000000180029500 f   sfc_debug:sfcdebug.obj
 0001:00028510       sf_debug_get_current_instance_number 0000000180029510 f   sfc_debug:sfcdebug.obj
 0001:00028520       sf_debug_get_current_is_minor_time_step 0000000180029520 f   sfc_debug:sfcdebug.obj
 0001:000285a0       sf_debug_get_current_object_type 00000001800295a0 f   sfc_debug:sfcdebug.obj
 0001:000285b0       sf_debug_get_current_instance_handle 00000001800295b0 f   sfc_debug:sfcdebug.obj
 0001:00028610       sf_debug_get_current_event_type 0000000180029610 f   sfc_debug:sfcdebug.obj
 0001:00028620       sf_debug_get_current_object_id 0000000180029620 f   sfc_debug:sfcdebug.obj
 0001:00028660       sf_debug_get_current_active_event_type 0000000180029660 f   sfc_debug:sfcdebug.obj
 0001:00028670       sf_debug_get_current_active_event_id 0000000180029670 f   sfc_debug:sfcdebug.obj
 0001:000286b0       sf_debug_get_current_tag_type 00000001800296b0 f   sfc_debug:sfcdebug.obj
 0001:000286c0       sf_debug_get_current_simulation_time 00000001800296c0 f   sfc_debug:sfcdebug.obj
 0001:000286d0       sf_debug_get_current_coverage_percentage 00000001800296d0 f   sfc_debug:sfcdebug.obj
 0001:000286e0       sf_debug_current_statement_context 00000001800296e0 f   sfc_debug:sfcdebug.obj
 0001:00028770       sf_debug_get_current_statement_info 0000000180029770 f   sfc_debug:sfcdebug.obj
 0001:000288f0       sf_debug_terminate_instance 00000001800298f0 f   sfc_debug:sfcdebug.obj
 0001:00028c00       sf_debug_assertion_failed  0000000180029c00 f   sfc_debug:sfcdebug.obj
 0001:00028db0       sf_debug_set_number_of_data_with_change_event_for_machine 0000000180029db0 f   sfc_debug:sfcdebug.obj
 0001:00028df0       sf_debug_set_machine_event_thresholds 0000000180029df0 f   sfc_debug:sfcdebug.obj
 0001:00028e10       sf_debug_set_machine_event_scope 0000000180029e10 f   sfc_debug:sfcdebug.obj
 0001:00028e50       sf_debug_set_machine_data_thresholds 0000000180029e50 f   sfc_debug:sfcdebug.obj
 0001:00028e90       sf_debug_set_machine_data_scope 0000000180029e90 f   sfc_debug:sfcdebug.obj
 0001:00028f20       sf_debug_set_machine_data_name 0000000180029f20 f   sfc_debug:sfcdebug.obj
 0001:00028fc0       sf_debug_set_machine_data_size 0000000180029fc0 f   sfc_debug:sfcdebug.obj
 0001:00029100       sf_debug_set_machine_data_type 000000018002a100 f   sfc_debug:sfcdebug.obj
 0001:00029270       sf_debug_get_chart_data_number 000000018002a270 f   sfc_debug:sfcdebug.obj
 0001:00029290       sf_debug_get_chart_event_number 000000018002a290 f   sfc_debug:sfcdebug.obj
 0001:000292b0       sf_debug_set_chart_state_info 000000018002a2b0 f   sfc_debug:sfcdebug.obj
 0001:00029330       sf_debug_set_chart_decomposition 000000018002a330 f   sfc_debug:sfcdebug.obj
 0001:000293a0       sf_debug_set_chart_substate_count 000000018002a3a0 f   sfc_debug:sfcdebug.obj
 0001:00029480       sf_debug_set_chart_substate_index 000000018002a480 f   sfc_debug:sfcdebug.obj
 0001:000294f0       sf_debug_set_chart_state_substate_count 000000018002a4f0 f   sfc_debug:sfcdebug.obj
 0001:00029600       sf_debug_set_chart_state_substate_index 000000018002a600 f   sfc_debug:sfcdebug.obj
 0001:00029680       sf_debug_set_number_of_data_with_change_event_for_chart 000000018002a680 f   sfc_debug:sfcdebug.obj
 0001:00029700       sf_debug_set_number_of_states_with_entry_event_for_chart 000000018002a700 f   sfc_debug:sfcdebug.obj
 0001:00029770       sf_debug_set_number_of_states_with_exit_event_for_chart 000000018002a770 f   sfc_debug:sfcdebug.obj
 0001:000297e0       sf_debug_set_chart_disable_implicit_casting 000000018002a7e0 f   sfc_debug:sfcdebug.obj
 0001:00029850       sf_debug_set_chart_event_thresholds 000000018002a850 f   sfc_debug:sfcdebug.obj
 0001:000298c0       sf_debug_set_chart_data_compiled_props 000000018002a8c0 f   sfc_debug:sfcdebug.obj
 0001:00029c10       sf_debug_set_chart_data_props 000000018002ac10 f   sfc_debug:sfcdebug.obj
 0001:00029f30       sf_debug_check_fi_license  000000018002af30 f   sfc_debug:sfcdebug.obj
 0001:0002a120       sf_debug_symbol_scope_push 000000018002b120 f   sfc_debug:sfcdebug.obj
 0001:0002a160       sf_debug_symbol_scope_push_eml 000000018002b160 f   sfc_debug:sfcdebug.obj
 0001:0002a1b0       sf_debug_symbol_scope_pop  000000018002b1b0 f   sfc_debug:sfcdebug.obj
 0001:0002a1f0       sf_debug_symbol_scope_add_importable 000000018002b1f0 f   sfc_debug:sfcdebug.obj
 0001:0002a270       sf_debug_symbol_scope_add  000000018002b270 f   sfc_debug:sfcdebug.obj
 0001:0002a2f0       sf_debug_symbol_scope_add_dyn_importable 000000018002b2f0 f   sfc_debug:sfcdebug.obj
 0001:0002a3b0       sf_debug_symbol_scope_add_dyn 000000018002b3b0 f   sfc_debug:sfcdebug.obj
 0001:0002a3e0       sf_debug_symbol_scope_add_eml_importable 000000018002b3e0 f   sfc_debug:sfcdebug.obj
 0001:0002a420       sf_debug_symbol_scope_add_eml 000000018002b420 f   sfc_debug:sfcdebug.obj
 0001:0002a460       sf_debug_symbol_scope_add_eml_dyn_importable 000000018002b460 f   sfc_debug:sfcdebug.obj
 0001:0002a4d0       sf_debug_symbol_scope_add_eml_dyn 000000018002b4d0 f   sfc_debug:sfcdebug.obj
 0001:0002a530       sf_debug_symbol_switch     000000018002b530 f   sfc_debug:sfcdebug.obj
 0001:0002a550       sf_debug_symbol_scope_add_verbose 000000018002b550 f   sfc_debug:sfcdebug.obj
 0001:0002a620       sf_debug_set_machine_data_value_ptr 000000018002b620 f   sfc_debug:sfcdebug.obj
 0001:0002a660       sf_debug_set_instance_data_value_ptr 000000018002b660 f   sfc_debug:sfcdebug.obj
 0001:0002a720       sf_debug_unset_instance_data_value_ptr 000000018002b720 f   sfc_debug:sfcdebug.obj
 0001:0002a7d0       sf_debug_set_chart_event_scope 000000018002b7d0 f   sfc_debug:sfcdebug.obj
 0001:0002a850       sf_debug_set_chart_transition_coverage_maps 000000018002b850 f   sfc_debug:sfcdebug.obj
 0001:0002a960       sf_debug_set_chart_state_coverage_maps 000000018002b960 f   sfc_debug:sfcdebug.obj
 0001:0002aa40       sf_debug_set_instance_transition_coverage_weights 000000018002ba40 f   sfc_debug:sfcdebug.obj
 0001:0002aae0       sf_debug_set_instance_state_coverage_weights 000000018002bae0 f   sfc_debug:sfcdebug.obj
 0001:0002ad30       sf_debug_unload_machine    000000018002bd30 f   sfc_debug:sfcdebug.obj
 0001:0002ad80       sf_debug_load_machine      000000018002bd80 f   sfc_debug:sfcdebug.obj
 0001:0002ae80       sf_debug_set_active_instance_in_data_dictionary 000000018002be80 f   sfc_debug:sfcdebug.obj
 0001:0002b060       sf_debug_set_active_instance 000000018002c060 f   sfc_debug:sfcdebug.obj
 0001:0002b1a0       sf_debug_chart_visiblity_change 000000018002c1a0 f   sfc_debug:sfcdebug.obj
 0001:0002b280       sf_debug_select_chart      000000018002c280 f   sfc_debug:sfcdebug.obj
 0001:0002b350       sf_debug_set_instance_cv_ids 000000018002c350 f   sfc_debug:sfcdebug.obj
 0001:0002b660       sf_debug_select_charts     000000018002c660 f   sfc_debug:sfcdebug.obj
 0001:0002b7a0       sf_debug_initialized       000000018002c7a0 f   sfc_debug:sfcdebug.obj
 0001:0002b7b0       sf_debug_is_uninterruptible 000000018002c7b0 f   sfc_debug:sfcdebug.obj
 0001:0002b7e0       sf_debug_initialize_debugger_gui 000000018002c7e0 f   sfc_debug:sfcdebug.obj
 0001:0002bbd0       sf_debug_resume            000000018002cbd0 f   sfc_debug:sfcdebug.obj
 0001:0002bbf0       sf_debug_go                000000018002cbf0 f   sfc_debug:sfcdebug.obj
 0001:0002bc00       sf_debug_break             000000018002cc00 f   sfc_debug:sfcdebug.obj
 0001:0002bc10       sf_debug_step_over         000000018002cc10 f   sfc_debug:sfcdebug.obj
 0001:0002bc20       sf_debug_step_out          000000018002cc20 f   sfc_debug:sfcdebug.obj
 0001:0002bc30       sf_debug_set_disable_all_breakpoints 000000018002cc30 f   sfc_debug:sfcdebug.obj
 0001:0002bc40       sf_debug_disable_all_breakpoints_and_go 000000018002cc40 f   sfc_debug:sfcdebug.obj
 0001:0002bc50       sf_debug_break_on_chart_entry 000000018002cc50 f   sfc_debug:sfcdebug.obj
 0001:0002bc60       sf_debug_break_on_event_broadcast 000000018002cc60 f   sfc_debug:sfcdebug.obj
 0001:0002bc70       sf_debug_break_on_state_entry 000000018002cc70 f   sfc_debug:sfcdebug.obj
 0001:0002bc80       sf_debug_break_between_times 000000018002cc80 f   sfc_debug:sfcdebug.obj
 0001:0002bca0       sf_debug_browse_data       000000018002cca0 f   sfc_debug:sfcdebug.obj
 0001:0002bcc0       sf_debug_watch_data        000000018002ccc0 f   sfc_debug:sfcdebug.obj
 0001:0002bce0       sf_debug_assign_data       000000018002cce0 f   sfc_debug:sfcdebug.obj
 0001:0002bd00       sf_debug_whos              000000018002cd00 f   sfc_debug:sfcdebug.obj
 0001:0002bd20       sf_debug_get_consistency_info 000000018002cd20 f   sfc_debug:sfcdebug.obj
 0001:0002bd30       sf_debug_browse_trace      000000018002cd30 f   sfc_debug:sfcdebug.obj
 0001:0002bd40       sf_debug_set_breakpoints   000000018002cd40 f   sfc_debug:sfcdebug.obj
 0001:0002bea0       sf_debug_set_eml_breakpoints 000000018002cea0 f   sfc_debug:sfcdebug.obj
 0001:0002c000       sf_debug_set_script_breakpoints 000000018002d000 f   sfc_debug:sfcdebug.obj
 0001:0002c080       sf_debug_add_script_breakpoints 000000018002d080 f   sfc_debug:sfcdebug.obj
 0001:0002c0f0       sf_debug_clear_script_breakpoints 000000018002d0f0 f   sfc_debug:sfcdebug.obj
 0001:0002c160       sf_debug_query_script_breakpoints 000000018002d160 f   sfc_debug:sfcdebug.obj
 0001:0002c220       sf_debug_get_eml_script_id 000000018002d220 f   sfc_debug:sfcdebug.obj
 0001:0002c270       sf_debug_set_watch         000000018002d270 f   sfc_debug:sfcdebug.obj
 0001:0002c4a0       sf_debug_get_coverage      000000018002d4a0 f   sfc_debug:sfcdebug.obj
 0001:0002c4b0       sf_debug_get_instance_handle 000000018002d4b0 f   sfc_debug:sfcdebug.obj
 0001:0002c540       sf_debug_get_active_states 000000018002d540 f   sfc_debug:sfcdebug.obj
 0001:0002c550       sf_debug_get_animation     000000018002d550 f   sfc_debug:sfcdebug.obj
 0001:0002c560       sf_debug_set_animation     000000018002d560 f   sfc_debug:sfcdebug.obj
 0001:0002c570       sf_debug_animate           000000018002d570 f   sfc_debug:sfcdebug.obj
 0001:0002c5a0       sf_debug_cycle_detection_check 000000018002d5a0 f   sfc_debug:sfcdebug.obj
 0001:0002c5b0       sf_debug_data_range_check  000000018002d5b0 f   sfc_debug:sfcdebug.obj
 0001:0002c5c0       sf_debug_transition_conflict_check 000000018002d5c0 f   sfc_debug:sfcdebug.obj
 0001:0002c5d0       sf_debug_state_consistency_check 000000018002d5d0 f   sfc_debug:sfcdebug.obj
 0001:0002c5e0       sf_debug_data_range_check_enabled 000000018002d5e0 f   sfc_debug:sfcdebug.obj
 0001:0002c600       sf_debug_transition_conflict_check_enabled 000000018002d600 f   sfc_debug:sfcdebug.obj
 0001:0002c620       sf_debug_transition_conflict_check_begin 000000018002d620 f   sfc_debug:sfcdebug.obj
 0001:0002c640       sf_debug_transition_conflict_check_end 000000018002d640 f   sfc_debug:sfcdebug.obj
 0001:0002c660       sf_debug_stop_debugging    000000018002d660 f   sfc_debug:sfcdebug.obj
 0001:0002c690       sf_debug_is_cycle_detected 000000018002d690 f   sfc_debug:sfcdebug.obj
 0001:0002c6a0       sf_debug_is_array_bounds_detected 000000018002d6a0 f   sfc_debug:sfcdebug.obj
 0001:0002c6b0       sf_debug_get_state_vectors_data_size 000000018002d6b0 f   sfc_debug:sfcdebug.obj
 0001:0002c6f0       sf_debug_get_state_vectors_data 000000018002d6f0 f   sfc_debug:sfcdebug.obj
 0001:0002c7f0       sf_debug_set_state_vectors_data 000000018002d7f0 f   sfc_debug:sfcdebug.obj
 0001:0002cab0       sf_debug_get_script_index  000000018002dab0 f   sfc_debug:sfcdebug.obj
 0001:0002cc40       sf_debug_add_script        000000018002dc40 f   sfc_debug:sfcdebug.obj
 0001:0002cdd0       cv_eval_point              000000018002ddd0 f   sfc_debug:sfcdebug.obj
 0001:0002cf40       sf_debug_cv_init_state     000000018002df40 f   sfc_debug:sfcdebug.obj
 0001:0002d060       sf_debug_cv_init_chart     000000018002e060 f   sfc_debug:sfcdebug.obj
 0001:0002d140       sf_debug_cv_init_trans     000000018002e140 f   sfc_debug:sfcdebug.obj
 0001:0002d2b0       cv_eml_init_script         000000018002e2b0 f   sfc_debug:sfcdebug.obj
 0001:0002d390       cv_eml_init_fcn            000000018002e390 f   sfc_debug:sfcdebug.obj
 0001:0002d440       cv_eml_init_testobjective  000000018002e440 f   sfc_debug:sfcdebug.obj
 0001:0002d4f0       cv_eml_init_if             000000018002e4f0 f   sfc_debug:sfcdebug.obj
 0001:0002d5a0       cv_eml_init_for            000000018002e5a0 f   sfc_debug:sfcdebug.obj
 0001:0002d650       cv_eml_init_while          000000018002e650 f   sfc_debug:sfcdebug.obj
 0001:0002d700       cv_eml_init_mcdc           000000018002e700 f   sfc_debug:sfcdebug.obj
 0001:0002d800       cv_eml_init_switch         000000018002e800 f   sfc_debug:sfcdebug.obj
 0001:0002d8e0       cv_eml_eval                000000018002e8e0 f   sfc_debug:sfcdebug.obj
 0001:0002d9c0       sf_debug_bm_is_a_eml_breakpoint 000000018002e9c0 f   sfc_debug:sfcdebug.obj
 0001:0002db10       sf_debug_temporal_threshold 000000018002eb10 f   sfc_debug:sfcdebug.obj
 0001:0002de70       sf_debug_transition_conflict_error 000000018002ee70 f   sfc_debug:sfcdebug.obj
 0001:0002e1f0       sf_debug_state_inconsistency_error 000000018002f1f0 f   sfc_debug:sfcdebug.obj
 0001:0002e310       sf_debug_check_for_state_inconsistency 000000018002f310 f   sfc_debug:sfcdebug.obj
 0001:0002e340       sf_debug_cycle_detecton_error 000000018002f340 f   sfc_debug:sfcdebug.obj
 0001:0002eb30       sf_debug_size_eq_check_1d  000000018002fb30 f   sfc_debug:sfcdebug.obj
 0001:0002eb50       sf_debug_size_eq_check_nd  000000018002fb50 f   sfc_debug:sfcdebug.obj
 0001:0002ed30       sf_debug_dim_size_eq_check 000000018002fd30 f   sfc_debug:sfcdebug.obj
 0001:0002ed60       sf_debug_dim_size_geq_check 000000018002fd60 f   sfc_debug:sfcdebug.obj
 0001:0002ed90       sf_debug_sub_assign_size_check_nd 000000018002fd90 f   sfc_debug:sfcdebug.obj
 0001:0002efd0       sf_debug_matrix_matrix_index_check 000000018002ffd0 f   sfc_debug:sfcdebug.obj
 0001:0002f000       sf_debug_vector_vector_index_check 0000000180030000 f   sfc_debug:sfcdebug.obj
 0001:0002f030       sf_debug_runtime_error_msgid 0000000180030030 f   sfc_debug:sfcdebug.obj
 0001:0002f0c0       sf_debug_data_array_bounds_error_check 00000001800300c0 f   sfc_debug:sfcdebug.obj
 0001:0002f1d0       sf_debug_eml_data_array_bounds_error_check 00000001800301d0 f   sfc_debug:sfcdebug.obj
 0001:0002f6b0       sf_debug_integer_check     00000001800306b0 f   sfc_debug:sfcdebug.obj
 0001:0002f790       sf_debug_not_nan_check     0000000180030790 f   sfc_debug:sfcdebug.obj
 0001:0002f850       sf_debug_non_negative_check 0000000180030850 f   sfc_debug:sfcdebug.obj
 0001:0002f910       sf_debug_overflow_detection 0000000180030910 f   sfc_debug:sfcdebug.obj
 0001:00030000       sf_debug_cast_to_real32_T  0000000180031000 f   sfc_debug:sfcdebug.obj
 0001:000300c0       sf_debug_cast_to_int8_T    00000001800310c0 f   sfc_debug:sfcdebug.obj
 0001:00030180       sf_debug_cast_to_uint8_T   0000000180031180 f   sfc_debug:sfcdebug.obj
 0001:00030240       sf_debug_cast_to_int16_T   0000000180031240 f   sfc_debug:sfcdebug.obj
 0001:00030300       sf_debug_cast_to_uint16_T  0000000180031300 f   sfc_debug:sfcdebug.obj
 0001:000303c0       sf_debug_cast_to_int32_T   00000001800313c0 f   sfc_debug:sfcdebug.obj
 0001:00030480       sf_debug_cast_to_uint32_T  0000000180031480 f   sfc_debug:sfcdebug.obj
 0001:00030540       sf_debug_data_range_error  0000000180031540 f   sfc_debug:sfcdebug.obj
 0001:000309c0       sf_debug_data_range_error_wrapper_min_max 00000001800319c0 f   sfc_debug:sfcdebug.obj
 0001:00030ab0       sf_debug_data_range_error_wrapper_min 0000000180031ab0 f   sfc_debug:sfcdebug.obj
 0001:00030b90       sf_debug_data_range_error_wrapper_max 0000000180031b90 f   sfc_debug:sfcdebug.obj
 0001:00030c70       sf_debug_data_range_wrapper 0000000180031c70 f   sfc_debug:sfcdebug.obj
 0001:00030d20       sf_debug_set_current_status_info 0000000180031d20 f   sfc_debug:sfcdebug.obj
 0001:000310d0       sf_debug_call              00000001800320d0 f   sfc_debug:sfcdebug.obj
 0001:00031f90       sf_debug_initialize_machine 0000000180032f90 f   sfc_debug:sfcdebug.obj
 0001:000322a0       sf_debug_initialize_chart  00000001800332a0 f   sfc_debug:sfcdebug.obj
 0001:00032780       sf_debug_ensure_script     0000000180033780 f   sfc_debug:sfcdebug.obj
 0001:00032840       cv_script_init_script      0000000180033840 f   sfc_debug:sfcdebug.obj
 0001:00032920       cv_script_init_fcn         0000000180033920 f   sfc_debug:sfcdebug.obj
 0001:000329d0       cv_script_init_testobjective 00000001800339d0 f   sfc_debug:sfcdebug.obj
 0001:00032a80       cv_script_init_if          0000000180033a80 f   sfc_debug:sfcdebug.obj
 0001:00032b30       cv_script_init_for         0000000180033b30 f   sfc_debug:sfcdebug.obj
 0001:00032be0       cv_script_init_while       0000000180033be0 f   sfc_debug:sfcdebug.obj
 0001:00032c90       cv_script_init_mcdc        0000000180033c90 f   sfc_debug:sfcdebug.obj
 0001:00032d90       cv_script_init_switch      0000000180033d90 f   sfc_debug:sfcdebug.obj
 0001:00032e70       cv_script_eval             0000000180033e70 f   sfc_debug:sfcdebug.obj
 0001:00032f50       eml_debug_line_call        0000000180033f50 f   sfc_debug:sfcdebug.obj
 0001:00033100       sf_debug_terminate         0000000180034100 f   sfc_debug:sfcdebug.obj
 0001:00033270       sf_debug_set_script_cv_ids 0000000180034270 f   sfc_debug:sfcdebug.obj
 0001:00033440       sf_debug_api               0000000180034440 f   sfc_debug:sfc_api.obj
 0001:00034c70       sf_debug_sm_terminate      0000000180035c70 f   sfc_debug:sfdb_animation.obj
 0001:00034e30       sf_debug_reset_path_objects 0000000180035e30 f   sfc_debug:sfdb_animation.obj
 0001:00034eb0       sf_debug_sm_reset_object_selection_status 0000000180035eb0 f   sfc_debug:sfdb_animation.obj
 0001:00034f50       sf_debug_sm_reset_state_buffer 0000000180035f50 f   sfc_debug:sfdb_animation.obj
 0001:00035020       sf_debug_sm_store_state_buffer 0000000180036020 f   sfc_debug:sfdb_animation.obj
 0001:000350a0       sf_debug_sm_restore_state_buffer1 00000001800360a0 f   sfc_debug:sfdb_animation.obj
 0001:00035110       sf_debug_sm_restore_state_buffer2 0000000180036110 f   sfc_debug:sfdb_animation.obj
 0001:00035180       sf_debug_sm_chart_active   0000000180036180 f   sfc_debug:sfdb_animation.obj
 0001:000351d0       sf_debug_sm_select_active_objects 00000001800361d0 f   sfc_debug:sfdb_animation.obj
 0001:00035680       sf_debug_sm_is_chart_active 0000000180036680 f   sfc_debug:sfdb_animation.obj
 0001:000356c0       sf_debug_sm_is_state_active 00000001800366c0 f   sfc_debug:sfdb_animation.obj
 0001:00035900       sf_debug_sm_get_active_states 0000000180036900 f   sfc_debug:sfdb_animation.obj
 0001:00035ec0       sf_debug_sm_initialize_instance 0000000180036ec0 f   sfc_debug:sfdb_animation.obj
 0001:00036110       sf_debug_sm_change_object_selection_status 0000000180037110 f   sfc_debug:sfdb_animation.obj
 0001:00036400       cv_create_interface        0000000180037400 f   sfc_debug:cv_sfinterface.obj
 0001:00036760       cv_init_trans              0000000180037760 f   sfc_debug:cv_sfinterface.obj
 0001:000367b0       cv_init_state              00000001800377b0 f   sfc_debug:cv_sfinterface.obj
 0001:00036820       cv_init_chart              0000000180037820 f   sfc_debug:cv_sfinterface.obj
 0001:00036870       cv_dec_update_call         0000000180037870 f   sfc_debug:cv_sfinterface.obj
 0001:000368b0       cv_cond_update_call        00000001800378b0 f   sfc_debug:cv_sfinterface.obj
 0001:000368f0       cv_sigrange_update         00000001800378f0 f   sfc_debug:cv_sfinterface.obj
 0001:00036930       cvsf_eml_eval              0000000180037930 f   sfc_debug:cv_sfinterface.obj
 0001:00036a10       cvsf_eml_init_script       0000000180037a10 f   sfc_debug:cv_sfinterface.obj
 0001:00036a90       cvsf_eml_init_fcn          0000000180037a90 f   sfc_debug:cv_sfinterface.obj
 0001:00036af0       cvsf_eml_init_testobjective 0000000180037af0 f   sfc_debug:cv_sfinterface.obj
 0001:00036b50       cvsf_eml_init_if           0000000180037b50 f   sfc_debug:cv_sfinterface.obj
 0001:00036bb0       cvsf_eml_init_for          0000000180037bb0 f   sfc_debug:cv_sfinterface.obj
 0001:00036c00       cvsf_eml_init_while        0000000180037c00 f   sfc_debug:cv_sfinterface.obj
 0001:00036c50       cvsf_eml_init_mcdc         0000000180037c50 f   sfc_debug:cv_sfinterface.obj
 0001:00036ce0       cvsf_eml_init_switch       0000000180037ce0 f   sfc_debug:cv_sfinterface.obj
 0001:00036d50       cvsf_script_eval           0000000180037d50 f   sfc_debug:cv_sfinterface.obj
 0001:00036e30       cvsf_script_init_script    0000000180037e30 f   sfc_debug:cv_sfinterface.obj
 0001:00036eb0       cvsf_script_init_fcn       0000000180037eb0 f   sfc_debug:cv_sfinterface.obj
 0001:00036f10       cvsf_script_init_testobjective 0000000180037f10 f   sfc_debug:cv_sfinterface.obj
 0001:00036f70       cvsf_script_init_if        0000000180037f70 f   sfc_debug:cv_sfinterface.obj
 0001:00036fd0       cvsf_script_init_for       0000000180037fd0 f   sfc_debug:cv_sfinterface.obj
 0001:00037020       cvsf_script_init_while     0000000180038020 f   sfc_debug:cv_sfinterface.obj
 0001:00037070       cvsf_script_init_mcdc      0000000180038070 f   sfc_debug:cv_sfinterface.obj
 0001:00037100       cvsf_script_init_switch    0000000180038100 f   sfc_debug:cv_sfinterface.obj
 0001:00037170       cv_destroy_interface       0000000180038170 f   sfc_debug:cv_sfinterface.obj
 0001:00037190       cv_create_instance_objects 0000000180038190 f   sfc_debug:cv_sfinterface.obj
 0001:00037640       cv_is_enabled              0000000180038640 f   sfc_debug:cv_sfinterface.obj
 0001:00037650       sf_debug_cv_initialize_script 0000000180038650 f   sfc_debug:cv_sfinterface.obj
 0001:00037800       sf_debug_cv_initialize_instance 0000000180038800 f   sfc_debug:cv_sfinterface.obj
 0001:00037ba0       sf_debug_cv_terminate_chart 0000000180038ba0 f   sfc_debug:cv_sfinterface.obj
 0001:00037ce0       cv_call_trans_test         0000000180038ce0 f   sfc_debug:cv_sfinterface.obj
 0001:00037cf0       cv_call_sub_cond_test      0000000180038cf0 f   sfc_debug:cv_sfinterface.obj
 0001:00037e20       sf_debug_hm_initialize_instance 0000000180038e20 f   sfc_debug:sfdb_handle_management.obj
 0001:000383a0       sf_debug_hm_get_object_id  00000001800393a0 f   sfc_debug:sfdb_handle_management.obj
 0001:0003a310       sf_debug_object_is_eml_function 000000018003b310 f   sfc_debug:sfdb_handle_management.obj
 0001:0003a380       sf_debug_hm_initialize_ids_in_machine 000000018003b380 f   sfc_debug:sfdb_handle_management.obj
 0001:0003a4f0       sf_debug_hm_initialize_ids_in_chart 000000018003b4f0 f   sfc_debug:sfdb_handle_management.obj
 0001:0003a630       sf_debug_hm_initialize_chart 000000018003b630 f   sfc_debug:sfdb_handle_management.obj
 0001:0003ade0       sf_debug_hm_terminate      000000018003bde0 f   sfc_debug:sfdb_handle_management.obj
 0001:0003ae40       sf_debug_hm_initialize_machine 000000018003be40 f   sfc_debug:sfdb_handle_management.obj
 0001:0003b5f0       sf_debug_st_initialize_machine 000000018003c5f0 f   sfc_debug:sfdb_data_browse.obj
 0001:0003b6b0       sf_debug_st_initialize_instance 000000018003c6b0 f   sfc_debug:sfdb_data_browse.obj
 0001:0003b8e0       sf_debug_st_terminate      000000018003c8e0 f   sfc_debug:sfdb_data_browse.obj
 0001:0003bc80       sf_debug_st_set_data_value_ptr_in_machine 000000018003cc80 f   sfc_debug:sfdb_data_browse.obj
 0001:0003bd10       sf_debug_st_set_data_value_ptr_in_instance 000000018003cd10 f   sfc_debug:sfdb_data_browse.obj
 0001:0003bdf0       sf_debug_st_unset_data_value_ptr_in_machine 000000018003cdf0 f   sfc_debug:sfdb_data_browse.obj
 0001:0003be60       sf_debug_st_unset_data_value_ptr_in_instance 000000018003ce60 f   sfc_debug:sfdb_data_browse.obj
 0001:0003c170       sf_debug_mx_value          000000018003d170 f   sfc_debug:sfdb_data_browse.obj
 0001:0003c1d0       sf_debug_mx_packed_vector  000000018003d1d0 f   sfc_debug:sfdb_data_browse.obj
 0001:0003c2b0       sf_debug_mx_uint_vector    000000018003d2b0 f   sfc_debug:sfdb_data_browse.obj
 0001:0003c370       sf_debug_st_get_double_value_from_void_ptr_vector 000000018003d370 f   sfc_debug:sfdb_data_browse.obj
 0001:0003ce60       sf_debug_st_browse_data    000000018003de60 f   sfc_debug:sfdb_data_browse.obj
 0001:0003d600       sf_debug_ss_initialize     000000018003e600 f   sfc_debug:sfdb_symbol_scope.obj
 0001:0003d620       sf_debug_ss_terminate      000000018003e620 f   sfc_debug:sfdb_symbol_scope.obj
 0001:0003d6b0       sf_debug_ss_push_symbol_scope 000000018003e6b0 f   sfc_debug:sfdb_symbol_scope.obj
 0001:0003d7b0       sf_debug_ss_push_symbol_scope_eml 000000018003e7b0 f   sfc_debug:sfdb_symbol_scope.obj
 0001:0003d810       sf_debug_ss_pop_symbol_scope 000000018003e810 f   sfc_debug:sfdb_symbol_scope.obj
 0001:0003d8c0       sf_debug_ss_add_symbol     000000018003e8c0 f   sfc_debug:sfdb_symbol_scope.obj
 0001:0003da20       sf_debug_ss_add_symbol_eml 000000018003ea20 f   sfc_debug:sfdb_symbol_scope.obj
 0001:0003e700       sf_debug_ss_set_data_value 000000018003f700 f   sfc_debug:sfdb_symbol_scope.obj
 0001:0003eba0       sf_debug_ss_watch_data     000000018003fba0 f   sfc_debug:sfdb_symbol_scope.obj
 0001:0003ec40       sf_debug_ss_assign_data    000000018003fc40 f   sfc_debug:sfdb_symbol_scope.obj
 0001:0003f640       get_data_entry_name        0000000180040640 f   sfc_debug:sfdb_symbol_scope.obj
 0001:0003f690       sf_debug_ss_whos           0000000180040690 f   sfc_debug:sfdb_symbol_scope.obj
 0001:0003fda0       sf_debug_cc_initialize_chart 0000000180040da0 f   sfc_debug:sfdb_coverage.obj
 0001:00040790       sf_debug_cc_initialize_instance 0000000180041790 f   sfc_debug:sfdb_coverage.obj
 0001:00041590       sf_debug_cc_terminate      0000000180042590 f   sfc_debug:sfdb_coverage.obj
 0001:00041680       sf_debug_cc_set_transition_maps 0000000180042680 f   sfc_debug:sfdb_coverage.obj
 0001:000417b0       sf_debug_cc_set_state_maps 00000001800427b0 f   sfc_debug:sfdb_coverage.obj
 0001:00041890       sf_debug_cc_set_transition_weights 0000000180042890 f   sfc_debug:sfdb_coverage.obj
 0001:00041b60       sf_debug_cc_set_state_weights 0000000180042b60 f   sfc_debug:sfdb_coverage.obj
 0001:00041e30       sf_debug_cc_mark_transition_guard 0000000180042e30 f   sfc_debug:sfdb_coverage.obj
 0001:00041ec0       sf_debug_cc_mark_transition_trigger 0000000180042ec0 f   sfc_debug:sfdb_coverage.obj
 0001:00041f50       sf_debug_cc_mark_transition_decision 0000000180042f50 f   sfc_debug:sfdb_coverage.obj
 0001:00041fc0       sf_debug_cc_mark_transition_condition_action 0000000180042fc0 f   sfc_debug:sfdb_coverage.obj
 0001:00042010       sf_debug_cc_mark_transition_transition_action 0000000180043010 f   sfc_debug:sfdb_coverage.obj
 0001:00042060       sf_debug_cc_mark_state_entry 0000000180043060 f   sfc_debug:sfdb_coverage.obj
 0001:000420b0       sf_debug_cc_mark_state_during 00000001800430b0 f   sfc_debug:sfdb_coverage.obj
 0001:00042100       sf_debug_cc_mark_state_exit 0000000180043100 f   sfc_debug:sfdb_coverage.obj
 0001:00042940       sf_debug_cc_get_coverage   0000000180043940 f   sfc_debug:sfdb_coverage.obj
 0001:00042ee0       sf_debug_bm_clear_script_breakpoints 0000000180043ee0 f   sfc_debug:sfdb_breakpoints.obj
 0001:00042f10       sf_debug_bm_set_script_breakpoint 0000000180043f10 f   sfc_debug:sfdb_breakpoints.obj
 0001:00042f90       sf_debug_bm_clear_single_script_breakpoint 0000000180043f90 f   sfc_debug:sfdb_breakpoints.obj
 0001:00043010       sf_debug_bm_query_script_breakpoint 0000000180044010 f   sfc_debug:sfdb_breakpoints.obj
 0001:00043060       sf_debug_bm_initialize_scripts 0000000180044060 f   sfc_debug:sfdb_breakpoints.obj
 0001:00043780       sf_debug_bm_terminate      0000000180044780 f   sfc_debug:sfdb_breakpoints.obj
 0001:00043a70       sf_debug_bm_remove_all_breakpoints_in_machine 0000000180044a70 f   sfc_debug:sfdb_breakpoints.obj
 0001:00043ae0       sf_debug_bm_remove_all_breakpoints_in_chart 0000000180044ae0 f   sfc_debug:sfdb_breakpoints.obj
 0001:00043c30       sf_debug_bm_initialize_global_breakpoints 0000000180044c30 f   sfc_debug:sfdb_breakpoints.obj
 0001:00043db0       sf_debug_bm_set_breakpoint 0000000180044db0 f   sfc_debug:sfdb_breakpoints.obj
 0001:000443e0       sf_debug_bm_set_eml_breakpoint 00000001800453e0 f   sfc_debug:sfdb_breakpoints.obj
 0001:00044480       sf_debug_bm_initialize_machine_breakpoint_map 0000000180045480 f   sfc_debug:sfdb_breakpoints.obj
 0001:000448a0       sf_debug_bm_is_a_breakpoint 00000001800458a0 f   sfc_debug:sfdb_breakpoints.obj
 0001:00044dc0       sf_debug_bm_get_all_breakpoints_in_machine 0000000180045dc0 f   sfc_debug:sfdb_breakpoints.obj
 0001:000450c0       sf_debug_bm_get_all_breakpoints_in_chart 00000001800460c0 f   sfc_debug:sfdb_breakpoints.obj
 0001:00045d80       sf_debug_bm_initialize_machine 0000000180046d80 f   sfc_debug:sfdb_breakpoints.obj
 0001:00045e50       sf_debug_bm_initialize_chart 0000000180046e50 f   sfc_debug:sfdb_breakpoints.obj
 0001:00046270       sf_debug_sc_terminate      0000000180047270 f   sfc_debug:sfdb_state_consistency.obj
 0001:000465a0       sf_debug_sc_is_chart_consistent 00000001800475a0 f   sfc_debug:sfdb_state_consistency.obj
 0001:00046850       sf_debug_sc_get_consistency_error_info 0000000180047850 f   sfc_debug:sfdb_state_consistency.obj
 0001:00046ca0       sf_debug_tm_terminate      0000000180047ca0 f   sfc_debug:sfdb_call_stack.obj
 0001:00046d60       sf_debug_tm_push_chart_instance 0000000180047d60 f   sfc_debug:sfdb_call_stack.obj
 0001:00046eb0       sf_debug_tm_pop_chart_instance 0000000180047eb0 f   sfc_debug:sfdb_call_stack.obj
 0001:00046f10       sf_debug_tm_push_trace_node 0000000180047f10 f   sfc_debug:sfdb_call_stack.obj
 0001:000470a0       sf_debug_tm_pop_trace_node 00000001800480a0 f   sfc_debug:sfdb_call_stack.obj
 0001:00047120       sf_debug_tm_get_current_global_trace_index 0000000180048120 f   sfc_debug:sfdb_call_stack.obj
 0001:00047130       sf_debug_tm_get_current_local_trace_index 0000000180048130 f   sfc_debug:sfdb_call_stack.obj
 0001:00047160       sf_debug_tm_set_cycle_detected_flag 0000000180048160 f   sfc_debug:sfdb_call_stack.obj
 0001:000471a0       sf_debug_tm_set_cycle_started_flag 00000001800481a0 f   sfc_debug:sfdb_call_stack.obj
 0001:000471e0       sf_debug_tm_get_chart_number_from_stack 00000001800481e0 f   sfc_debug:sfdb_call_stack.obj
 0001:000473e0       sf_debug_tm_browse_trace   00000001800483e0 f   sfc_debug:sfdb_call_stack.obj
 0001:00047720       sf_debug_cd_initialize_instance 0000000180048720 f   sfc_debug:sfdb_cycle_detection.obj
 0001:000479d0       sf_debug_cd_mark_processed_transition_in_instance 00000001800489d0 f   sfc_debug:sfdb_cycle_detection.obj
 0001:00047a70       sf_debug_cd_checksum_push  0000000180048a70 f   sfc_debug:sfdb_cycle_detection.obj
 0001:00047d30       sf_debug_cd_checksum_pop   0000000180048d30 f   sfc_debug:sfdb_cycle_detection.obj
 0001:00047da0       sf_debug_cd_turn_off_cycle_detection 0000000180048da0 f   sfc_debug:sfdb_cycle_detection.obj
 0001:00047df0       sf_debug_cd_terminate      0000000180048df0 f   sfc_debug:sfdb_cycle_detection.obj
 0001:00048030       md5_initialize_state       0000000180049030 f   sfc_debug:ckmd5.obj
 0001:00048aa0       md5_update_state           0000000180049aa0 f   sfc_debug:ckmd5.obj
 0001:00048ac0       md5_get_hash               0000000180049ac0 f   sfc_debug:ckmd5.obj
 0001:00048af0       md5_get_hash_for_a_single_string 0000000180049af0 f   sfc_debug:ckmd5.obj
 0001:00048b54       mxGetPr                    0000000180049b54 f   libmx:libmx.dll
 0001:00048b5a       mxCreateDoubleScalar       0000000180049b5a f   libmx:libmx.dll
 0001:00048b60       mxSetField_730             0000000180049b60 f   libmx:libmx.dll
 0001:00048b66       mxCreateDoubleMatrix_730   0000000180049b66 f   libmx:libmx.dll
 0001:00048b6c       mxCreateStructMatrix_730   0000000180049b6c f   libmx:libmx.dll
 0001:00048b72       mxDestroyArray             0000000180049b72 f   libmx:libmx.dll
 0001:00048b78       mxCreateString             0000000180049b78 f   libmx:libmx.dll
 0001:00048b7e       mxDuplicateArray           0000000180049b7e f   libmx:libmx.dll
 0001:00048b84       mxGetString_730            0000000180049b84 f   libmx:libmx.dll
 0001:00048b8a       mxIsChar                   0000000180049b8a f   libmx:libmx.dll
 0001:00048b90       mxGetClassID               0000000180049b90 f   libmx:libmx.dll
 0001:00048b96       mxIsNumeric                0000000180049b96 f   libmx:libmx.dll
 0001:00048b9c       mxIsComplex                0000000180049b9c f   libmx:libmx.dll
 0001:00048ba2       mxGetN                     0000000180049ba2 f   libmx:libmx.dll
 0001:00048ba8       mxGetM                     0000000180049ba8 f   libmx:libmx.dll
 0001:00048bae       mxCalloc                   0000000180049bae f   libmx:libmx.dll
 0001:00048bb4       mxGetScalar                0000000180049bb4 f   libmx:libmx.dll
 0001:00048bba       mxIsLogical                0000000180049bba f   libmx:libmx.dll
 0001:00048bc0       mxCreateDoubleMatrix_700   0000000180049bc0 f   libmx:libmx.dll
 0001:00048bc6       mxFree                     0000000180049bc6 f   libmx:libmx.dll
 0001:00048bcc       mxArrayToString            0000000180049bcc f   libmx:libmx.dll
 0001:00048bd2       mxCreateCellMatrix_700     0000000180049bd2 f   libmx:libmx.dll
 0001:00048bd8       mxSetCell_700              0000000180049bd8 f   libmx:libmx.dll
 0001:00048bde       mxGetCell_700              0000000180049bde f   libmx:libmx.dll
 0001:00048be4       mxGetClassName             0000000180049be4 f   libmx:libmx.dll
 0001:00048bea       mxSetField_700             0000000180049bea f   libmx:libmx.dll
 0001:00048bf0       mxAddField                 0000000180049bf0 f   libmx:libmx.dll
 0001:00048bf6       mxGetField_700             0000000180049bf6 f   libmx:libmx.dll
 0001:00048bfc       mxGetNumberOfElements      0000000180049bfc f   libmx:libmx.dll
 0001:00048c02       mxIsStruct                 0000000180049c02 f   libmx:libmx.dll
 0001:00048c08       mxIsClass                  0000000180049c08 f   libmx:libmx.dll
 0001:00048c0e       mxGetLogicals              0000000180049c0e f   libmx:libmx.dll
 0001:00048c14       mxIsSparse                 0000000180049c14 f   libmx:libmx.dll
 0001:00048c1a       mxSetFieldByNumber_700     0000000180049c1a f   libmx:libmx.dll
 0001:00048c20       mxGetFieldByNumber_700     0000000180049c20 f   libmx:libmx.dll
 0001:00048c26       mxGetFieldNameByNumber     0000000180049c26 f   libmx:libmx.dll
 0001:00048c2c       mxGetNumberOfFields        0000000180049c2c f   libmx:libmx.dll
 0001:00048c32       mxCreateStructMatrix_700   0000000180049c32 f   libmx:libmx.dll
 0001:00048c38       mxGetFieldNumber           0000000180049c38 f   libmx:libmx.dll
 0001:00048c3e       mxIsNaN                    0000000180049c3e f   libmx:libmx.dll
 0001:00048c44       mxIsEmpty                  0000000180049c44 f   libmx:libmx.dll
 0001:00048c4a       mxGetData                  0000000180049c4a f   libmx:libmx.dll
 0001:00048c50       mxGetImagData              0000000180049c50 f   libmx:libmx.dll
 0001:00048c56       mxArrayClassIDName         0000000180049c56 f   libmx:libmx.dll
 0001:00048c5c       mxCreateNumericMatrix_700  0000000180049c5c f   libmx:libmx.dll
 0001:00048c62       mxCreateStructArray_700    0000000180049c62 f   libmx:libmx.dll
 0001:00048c68       mxCalcSingleSubscript_700  0000000180049c68 f   libmx:libmx.dll
 0001:00048c6e       mxGetDimensions_700        0000000180049c6e f   libmx:libmx.dll
 0001:00048c74       mxGetNumberOfDimensions_700 0000000180049c74 f   libmx:libmx.dll
 0001:00048c7a       mxCreateNumericArray_700   0000000180049c7a f   libmx:libmx.dll
 0001:00048c80       mxGetElementSize           0000000180049c80 f   libmx:libmx.dll
 0001:00048c86       mxCreateStringFromNChars_700 0000000180049c86 f   libmx:libmx.dll
 0001:00048c8c       mxGetString_700            0000000180049c8c f   libmx:libmx.dll
 0001:00048c92       mxIsLogicalScalarTrue      0000000180049c92 f   libmx:libmx.dll
 0001:00048c98       mxCreateLogicalScalar      0000000180049c98 f   libmx:libmx.dll
 0001:00048c9e       mexUnlock                  0000000180049c9e f   libmex:libmex.dll
 0001:00048ca4       mexIsLocked                0000000180049ca4 f   libmex:libmex.dll
 0001:00048caa       mexWarnMsgTxt              0000000180049caa f   libmex:libmex.dll
 0001:00048cb0       mexCallMATLAB              0000000180049cb0 f   libmex:libmex.dll
 0001:00048cb6       mexErrMsgTxt               0000000180049cb6 f   libmex:libmex.dll
 0001:00048cbc       mexSetTrapFlag             0000000180049cbc f   libmex:libmex.dll
 0001:00048cc2       mexMakeArrayPersistent     0000000180049cc2 f   libmex:libmex.dll
 0001:00048cc8       mexPutVariable             0000000180049cc8 f   libmex:libmex.dll
 0001:00048cce       mexGetVariable             0000000180049cce f   libmex:libmex.dll
 0001:00048cd4       mexLock                    0000000180049cd4 f   libmex:libmex.dll
 0001:00048cda       mexMakeMemoryPersistent    0000000180049cda f   libmex:libmex.dll
 0001:00048ce0       mexFunctionName            0000000180049ce0 f   libmex:libmex.dll
 0001:00048ce6       ssRegisterDataTypeFxpFSlopeFixExpBias 0000000180049ce6 f   libfixedpoint:libfixedpoint.dll
 0001:00048cec       utVSNprintf                0000000180049cec f   libut:libut.dll
 0001:00048cf2       utCPUtime                  0000000180049cf2 f   libut:libut.dll
 0001:00048cf8       utFree                     0000000180049cf8 f   libut:libut.dll
 0001:00048cfe       utMalloc                   0000000180049cfe f   libut:libut.dll
 0001:00048d04       muDoubleScalarSqrt         0000000180049d04 f   libmwmathutil:libmwmathutil.dll
 0001:00048d0a       muDoubleScalarAbs          0000000180049d0a f   libmwmathutil:libmwmathutil.dll
 0001:00048d10       muDoubleScalarIsNaN        0000000180049d10 f   libmwmathutil:libmwmathutil.dll
 0001:00048d16       emlrtCheckBuiltInCtxR2011a 0000000180049d16 f   libemlrt:libemlrt.dll
 0001:00048d1c       emlrtCheckVsBuiltInCtxR2011a 0000000180049d1c f   libemlrt:libemlrt.dll
 0001:00048d22       emlrtCheckEnumR2009a       0000000180049d22 f   libemlrt:libemlrt.dll
 0001:00048d28       emlrtCreateEnumR2010a      0000000180049d28 f   libemlrt:libemlrt.dll
 0001:00048d2e       emlrtGetEnumElementR2009a  0000000180049d2e f   libemlrt:libemlrt.dll
 0001:00048d34       emlrtCreateReference       0000000180049d34 f   libemlrt:libemlrt.dll
 0001:00048d3a       emlrtImportVsFiArrayR2009b 0000000180049d3a f   libemlrt:libemlrt.dll
 0001:00048d40       emlrtExtractMessageId      0000000180049d40 f   libemlrt:libemlrt.dll
 0001:00048d46       emlrtTranslateMessageIDtoLCPstring 0000000180049d46 f   libemlrt:libemlrt.dll
 0001:00048d4c       emlrtGetEnumUnderlyingArrayR2009a 0000000180049d4c f   libemlrt:libemlrt.dll
 0001:00048d52       emlrtIsEnumR2009a          0000000180049d52 f   libemlrt:libemlrt.dll
 0001:00048d58       dnrm232                    0000000180049d58 f   libmwblascompat32:libmwblascompat32.dll
 0001:00048d5e       idamax32                   0000000180049d5e f   libmwblascompat32:libmwblascompat32.dll
 0001:00048d64       dswap32                    0000000180049d64 f   libmwblascompat32:libmwblascompat32.dll
 0001:00048d6a       dscal32                    0000000180049d6a f   libmwblascompat32:libmwblascompat32.dll
 0001:00048d70       dgemv32                    0000000180049d70 f   libmwblascompat32:libmwblascompat32.dll
 0001:00048d76       dger32                     0000000180049d76 f   libmwblascompat32:libmwblascompat32.dll
 0001:00048d7c       __GSHandlerCheckCommon     0000000180049d7c f   MSVCRT:gshandler.obj
 0001:00048de0       __GSHandlerCheck           0000000180049de0 f   MSVCRT:gshandler.obj
 0001:00048dfe       strlen                     0000000180049dfe f   MSVCRT:MSVCR100.dll
 0001:00048e20       __security_check_cookie    0000000180049e20 f   MSVCRT:amdsecgs.obj
 0001:00048e40       memset                     0000000180049e40 f   MSVCRT:MSVCR100.dll
 0001:00048e46       malloc                     0000000180049e46 f   MSVCRT:MSVCR100.dll
 0001:00048e60       _alloca_probe              0000000180049e60     MSVCRT:chkstk.obj
 0001:00048e60       __chkstk                   0000000180049e60 f   MSVCRT:chkstk.obj
 0001:00048eae       free                       0000000180049eae f   MSVCRT:MSVCR100.dll
 0001:00048eb4       strcmp                     0000000180049eb4 f   MSVCRT:MSVCR100.dll
 0001:00048eba       sprintf                    0000000180049eba f   MSVCRT:MSVCR100.dll
 0001:00048ec0       strcat                     0000000180049ec0 f   MSVCRT:MSVCR100.dll
 0001:00048ec6       memcpy                     0000000180049ec6 f   MSVCRT:MSVCR100.dll
 0001:00048ecc       NtCurrentTeb               0000000180049ecc f i MSVCRT:crtdll.obj
 0001:00048f38       _CRT_INIT                  0000000180049f38 f   MSVCRT:crtdll.obj
 0001:000492d0       _DllMainCRTStartup         000000018004a2d0 f   MSVCRT:crtdll.obj
 0001:0004930e       strncpy                    000000018004a30e f   MSVCRT:MSVCR100.dll
 0001:00049314       longjmp                    000000018004a314 f   MSVCRT:MSVCR100.dll
 0001:0004931a       strncmp                    000000018004a31a f   MSVCRT:MSVCR100.dll
 0001:00049320       ceil                       000000018004a320 f   MSVCRT:MSVCR100.dll
 0001:00049326       strrchr                    000000018004a326 f   MSVCRT:MSVCR100.dll
 0001:0004932c       _setjmp                    000000018004a32c f   MSVCRT:MSVCR100.dll
 0001:00049332       calloc                     000000018004a332 f   MSVCRT:MSVCR100.dll
 0001:00049338       realloc                    000000018004a338 f   MSVCRT:MSVCR100.dll
 0001:0004933e       ldexp                      000000018004a33e f   MSVCRT:MSVCR100.dll
 0001:00049344       __report_gsfailure         000000018004a344 f   MSVCRT:gs_report.obj
 0001:00049490       __clean_type_info_names    000000018004a490 f   MSVCRT:tncleanup.obj
 0001:0004949c       _onexit                    000000018004a49c f   MSVCRT:atonexit.obj
 0001:0004954c       atexit                     000000018004a54c f   MSVCRT:atonexit.obj
 0001:00049564       _RTC_Initialize            000000018004a564 f   MSVCRT:_initsect_.obj
 0001:0004959c       _RTC_Terminate             000000018004a59c f   MSVCRT:_initsect_.obj
 0001:000495d4       _malloc_crt                000000018004a5d4 f   MSVCRT:MSVCR100.dll
 0001:000495e0       _ValidateImageBase         000000018004a5e0 f   MSVCRT:pesect.obj
 0001:00049610       _FindPESection             000000018004a610 f   MSVCRT:pesect.obj
 0001:00049660       _IsNonwritableInCurrentImage 000000018004a660 f   MSVCRT:pesect.obj
 0001:000496a2       _initterm                  000000018004a6a2 f   MSVCRT:MSVCR100.dll
 0001:000496a8       _initterm_e                000000018004a6a8 f   MSVCRT:MSVCR100.dll
 0001:000496ae       _encoded_null              000000018004a6ae f   MSVCRT:MSVCR100.dll
 0001:000496b4       _amsg_exit                 000000018004a6b4 f   MSVCRT:MSVCR100.dll
 0001:000496ba       __C_specific_handler       000000018004a6ba f   MSVCRT:MSVCR100.dll
 0001:000496c0       __CppXcptFilter            000000018004a6c0 f   MSVCRT:MSVCR100.dll
 0001:000496c8       DllMain                    000000018004a6c8 f   MSVCRT:dllmain.obj
 0001:000496ec       __security_init_cookie     000000018004a6ec f   MSVCRT:gs_support.obj
 0001:000497a0       __crt_debugger_hook        000000018004a7a0 f   MSVCRT:MSVCR100.dll
 0001:000497a6       __clean_type_info_names_internal 000000018004a7a6 f   MSVCRT:MSVCR100.dll
 0001:000497ac       _unlock                    000000018004a7ac f   MSVCRT:MSVCR100.dll
 0001:000497b2       __dllonexit                000000018004a7b2 f   MSVCRT:MSVCR100.dll
 0001:000497b8       _lock                      000000018004a7b8 f   MSVCRT:MSVCR100.dll
 0001:000497be       EncodePointer              000000018004a7be f   kernel32:KERNEL32.dll
 0001:000497c4       DecodePointer              000000018004a7c4 f   kernel32:KERNEL32.dll
 0001:000497ca       Sleep                      000000018004a7ca f   kernel32:KERNEL32.dll
 0001:000497d0       TerminateProcess           000000018004a7d0 f   kernel32:KERNEL32.dll
 0001:000497d6       GetCurrentProcess          000000018004a7d6 f   kernel32:KERNEL32.dll
 0001:000497dc       UnhandledExceptionFilter   000000018004a7dc f   kernel32:KERNEL32.dll
 0001:000497e2       SetUnhandledExceptionFilter 000000018004a7e2 f   kernel32:KERNEL32.dll
 0001:000497e8       IsDebuggerPresent          000000018004a7e8 f   kernel32:KERNEL32.dll
 0001:000497ee       RtlVirtualUnwind           000000018004a7ee f   kernel32:KERNEL32.dll
 0001:000497f4       RtlLookupFunctionEntry     000000018004a7f4 f   kernel32:KERNEL32.dll
 0001:000497fa       RtlCaptureContext          000000018004a7fa f   kernel32:KERNEL32.dll
 0001:00049800       DisableThreadLibraryCalls  000000018004a800 f   kernel32:KERNEL32.dll
 0001:00049806       QueryPerformanceCounter    000000018004a806 f   kernel32:KERNEL32.dll
 0001:0004980c       GetTickCount               000000018004a80c f   kernel32:KERNEL32.dll
 0001:00049812       GetCurrentThreadId         000000018004a812 f   kernel32:KERNEL32.dll
 0001:00049818       GetCurrentProcessId        000000018004a818 f   kernel32:KERNEL32.dll
 0001:0004981e       GetSystemTimeAsFileTime    000000018004a81e f   kernel32:KERNEL32.dll
 0002:00000000       __imp_DisableThreadLibraryCalls 000000018004b000     kernel32:KERNEL32.dll
 0002:00000008       __imp_RtlCaptureContext    000000018004b008     kernel32:KERNEL32.dll
 0002:00000010       __imp_RtlLookupFunctionEntry 000000018004b010     kernel32:KERNEL32.dll
 0002:00000018       __imp_RtlVirtualUnwind     000000018004b018     kernel32:KERNEL32.dll
 0002:00000020       __imp_IsDebuggerPresent    000000018004b020     kernel32:KERNEL32.dll
 0002:00000028       __imp_SetUnhandledExceptionFilter 000000018004b028     kernel32:KERNEL32.dll
 0002:00000030       __imp_UnhandledExceptionFilter 000000018004b030     kernel32:KERNEL32.dll
 0002:00000038       __imp_GetCurrentProcess    000000018004b038     kernel32:KERNEL32.dll
 0002:00000040       __imp_TerminateProcess     000000018004b040     kernel32:KERNEL32.dll
 0002:00000048       __imp_Sleep                000000018004b048     kernel32:KERNEL32.dll
 0002:00000050       __imp_DecodePointer        000000018004b050     kernel32:KERNEL32.dll
 0002:00000058       __imp_EncodePointer        000000018004b058     kernel32:KERNEL32.dll
 0002:00000060       __imp_GetTickCount         000000018004b060     kernel32:KERNEL32.dll
 0002:00000068       __imp_GetCurrentThreadId   000000018004b068     kernel32:KERNEL32.dll
 0002:00000070       __imp_GetCurrentProcessId  000000018004b070     kernel32:KERNEL32.dll
 0002:00000078       __imp_GetSystemTimeAsFileTime 000000018004b078     kernel32:KERNEL32.dll
 0002:00000080       __imp_QueryPerformanceCounter 000000018004b080     kernel32:KERNEL32.dll
 0002:00000088       \177KERNEL32_NULL_THUNK_DATA 000000018004b088     kernel32:KERNEL32.dll
 0002:00000090       __imp__onexit              000000018004b090     MSVCRT:MSVCR100.dll
 0002:00000098       __imp__lock                000000018004b098     MSVCRT:MSVCR100.dll
 0002:000000a0       __imp___dllonexit          000000018004b0a0     MSVCRT:MSVCR100.dll
 0002:000000a8       __imp__unlock              000000018004b0a8     MSVCRT:MSVCR100.dll
 0002:000000b0       __imp___clean_type_info_names_internal 000000018004b0b0     MSVCRT:MSVCR100.dll
 0002:000000b8       __imp___crt_debugger_hook  000000018004b0b8     MSVCRT:MSVCR100.dll
 0002:000000c0       __imp___CppXcptFilter      000000018004b0c0     MSVCRT:MSVCR100.dll
 0002:000000c8       __imp___C_specific_handler 000000018004b0c8     MSVCRT:MSVCR100.dll
 0002:000000d0       __imp__amsg_exit           000000018004b0d0     MSVCRT:MSVCR100.dll
 0002:000000d8       __imp__encoded_null        000000018004b0d8     MSVCRT:MSVCR100.dll
 0002:000000e0       __imp__initterm_e          000000018004b0e0     MSVCRT:MSVCR100.dll
 0002:000000e8       __imp__initterm            000000018004b0e8     MSVCRT:MSVCR100.dll
 0002:000000f0       __imp__malloc_crt          000000018004b0f0     MSVCRT:MSVCR100.dll
 0002:000000f8       __imp_ldexp                000000018004b0f8     MSVCRT:MSVCR100.dll
 0002:00000100       __imp_realloc              000000018004b100     MSVCRT:MSVCR100.dll
 0002:00000108       __imp_calloc               000000018004b108     MSVCRT:MSVCR100.dll
 0002:00000110       __imp__setjmp              000000018004b110     MSVCRT:MSVCR100.dll
 0002:00000118       __imp_strrchr              000000018004b118     MSVCRT:MSVCR100.dll
 0002:00000120       __imp_ceil                 000000018004b120     MSVCRT:MSVCR100.dll
 0002:00000128       __imp_strncmp              000000018004b128     MSVCRT:MSVCR100.dll
 0002:00000130       __imp_longjmp              000000018004b130     MSVCRT:MSVCR100.dll
 0002:00000138       __imp_strncpy              000000018004b138     MSVCRT:MSVCR100.dll
 0002:00000140       __imp_memcpy               000000018004b140     MSVCRT:MSVCR100.dll
 0002:00000148       __imp_strcat               000000018004b148     MSVCRT:MSVCR100.dll
 0002:00000150       __imp_sprintf              000000018004b150     MSVCRT:MSVCR100.dll
 0002:00000158       __imp_strcmp               000000018004b158     MSVCRT:MSVCR100.dll
 0002:00000160       __imp_free                 000000018004b160     MSVCRT:MSVCR100.dll
 0002:00000168       __imp_malloc               000000018004b168     MSVCRT:MSVCR100.dll
 0002:00000170       __imp_memset               000000018004b170     MSVCRT:MSVCR100.dll
 0002:00000178       __imp_strlen               000000018004b178     MSVCRT:MSVCR100.dll
 0002:00000180       \177MSVCR100_NULL_THUNK_DATA 000000018004b180     MSVCRT:MSVCR100.dll
 0002:00000188       __imp_emlrtIsEnumR2009a    000000018004b188     libemlrt:libemlrt.dll
 0002:00000190       __imp_emlrtGetEnumUnderlyingArrayR2009a 000000018004b190     libemlrt:libemlrt.dll
 0002:00000198       __imp_emlrtTranslateMessageIDtoLCPstring 000000018004b198     libemlrt:libemlrt.dll
 0002:000001a0       __imp_emlrtExtractMessageId 000000018004b1a0     libemlrt:libemlrt.dll
 0002:000001a8       __imp_emlrtImportVsFiArrayR2009b 000000018004b1a8     libemlrt:libemlrt.dll
 0002:000001b0       __imp_emlrtCreateReference 000000018004b1b0     libemlrt:libemlrt.dll
 0002:000001b8       __imp_emlrtGetEnumElementR2009a 000000018004b1b8     libemlrt:libemlrt.dll
 0002:000001c0       __imp_emlrtCreateEnumR2010a 000000018004b1c0     libemlrt:libemlrt.dll
 0002:000001c8       __imp_emlrtCheckEnumR2009a 000000018004b1c8     libemlrt:libemlrt.dll
 0002:000001d0       __imp_emlrtCheckVsBuiltInCtxR2011a 000000018004b1d0     libemlrt:libemlrt.dll
 0002:000001d8       __imp_emlrtCheckBuiltInCtxR2011a 000000018004b1d8     libemlrt:libemlrt.dll
 0002:000001e0       \177libemlrt_NULL_THUNK_DATA 000000018004b1e0     libemlrt:libemlrt.dll
 0002:000001e8       __imp_ssRegisterDataTypeFxpFSlopeFixExpBias 000000018004b1e8     libfixedpoint:libfixedpoint.dll
 0002:000001f0       \177libfixedpoint_NULL_THUNK_DATA 000000018004b1f0     libfixedpoint:libfixedpoint.dll
 0002:000001f8       __imp_mexGetVariable       000000018004b1f8     libmex:libmex.dll
 0002:00000200       __imp_mexMakeArrayPersistent 000000018004b200     libmex:libmex.dll
 0002:00000208       __imp_mexMakeMemoryPersistent 000000018004b208     libmex:libmex.dll
 0002:00000210       __imp_mexFunctionName      000000018004b210     libmex:libmex.dll
 0002:00000218       __imp_mexLock              000000018004b218     libmex:libmex.dll
 0002:00000220       __imp_mexPutVariable       000000018004b220     libmex:libmex.dll
 0002:00000228       __imp_mexSetTrapFlag       000000018004b228     libmex:libmex.dll
 0002:00000230       __imp_mexUnlock            000000018004b230     libmex:libmex.dll
 0002:00000238       __imp_mexIsLocked          000000018004b238     libmex:libmex.dll
 0002:00000240       __imp_mexWarnMsgTxt        000000018004b240     libmex:libmex.dll
 0002:00000248       __imp_mexCallMATLAB        000000018004b248     libmex:libmex.dll
 0002:00000250       __imp_mexErrMsgTxt         000000018004b250     libmex:libmex.dll
 0002:00000258       \177libmex_NULL_THUNK_DATA 000000018004b258     libmex:libmex.dll
 0002:00000260       __imp_idamax32             000000018004b260     libmwblascompat32:libmwblascompat32.dll
 0002:00000268       __imp_dswap32              000000018004b268     libmwblascompat32:libmwblascompat32.dll
 0002:00000270       __imp_dscal32              000000018004b270     libmwblascompat32:libmwblascompat32.dll
 0002:00000278       __imp_dger32               000000018004b278     libmwblascompat32:libmwblascompat32.dll
 0002:00000280       __imp_dgemv32              000000018004b280     libmwblascompat32:libmwblascompat32.dll
 0002:00000288       __imp_dnrm232              000000018004b288     libmwblascompat32:libmwblascompat32.dll
 0002:00000290       \177libmwblascompat32_NULL_THUNK_DATA 000000018004b290     libmwblascompat32:libmwblascompat32.dll
 0002:00000298       __imp_muDoubleScalarAbs    000000018004b298     libmwmathutil:libmwmathutil.dll
 0002:000002a0       __imp_muDoubleScalarIsNaN  000000018004b2a0     libmwmathutil:libmwmathutil.dll
 0002:000002a8       __imp_muDoubleScalarSqrt   000000018004b2a8     libmwmathutil:libmwmathutil.dll
 0002:000002b0       \177libmwmathutil_NULL_THUNK_DATA 000000018004b2b0     libmwmathutil:libmwmathutil.dll
 0002:000002b8       __imp_mxCreateLogicalScalar 000000018004b2b8     libmx:libmx.dll
[...]
 0001:00020fa0       _ml_generic_castability_check 0000000180021fa0 f   sfc_mex:sfc_mex.obj
 0001:00021d00       ml_generic_castability_check 0000000180022d00 f   sfc_mex:sfc_mex.obj
 0001:00021da0       ml_check_mx_array_for_single_castability 0000000180022da0 f   sfc_mex:sfc_mex.obj
 0001:00021e40       ml_check_mx_array_for_logical_castability 0000000180022e40 f   sfc_mex:sfc_mex.obj
 0001:00021ee0       ml_check_mx_array_for_int8_castability 0000000180022ee0 f   sfc_mex:sfc_mex.obj
 0001:00021f90       ml_check_mx_array_for_uint8_castability 0000000180022f90 f   sfc_mex:sfc_mex.obj
 0001:00021ff0       ml_check_mx_array_for_int16_castability 0000000180022ff0 f   sfc_mex:sfc_mex.obj
 0001:00022050       ml_check_mx_array_for_uint16_castability 0000000180023050 f   sfc_mex:sfc_mex.obj
 0001:000220b0       ml_check_mx_array_for_int32_castability 00000001800230b0 f   sfc_mex:sfc_mex.obj
 0001:00022110       ml_check_mx_array_for_uint32_castability 0000000180023110 f   sfc_mex:sfc_mex.obj
 0001:00022170       ml_check_mx_array_for_castability 0000000180023170 f   sfc_mex:sfc_mex.obj
 0001:00022aa0       set_data_value             0000000180023aa0 f   sfc_mex:sfc_mex.obj
 0001:00022e10       get_data_value             0000000180023e10 f   sfc_mex:sfc_mex.obj
 0001:00022f20       get_next_element_address   0000000180023f20 f   sfc_mex:sfc_mex.obj
 0001:00022ff0       sf_normalize_index         0000000180023ff0 f   sfc_mex:sfc_mex.obj
 0001:00023380       ml_array_index_bound_check 0000000180024380 f   sfc_mex:sfc_mex.obj
 0001:00023ea0       mx_value                   0000000180024ea0 f   sfc_mex:sfc_mex.obj
 0001:00023ef0       sf_create_numeric_array    0000000180024ef0 f   sfc_mex:sfc_mex.obj
 0001:00023f90       sf_mex_assign_to_mx_array  0000000180024f90 f   sfc_mex:sfc_mex.obj
 0001:000242e0       assign_from_mx_array       00000001800252e0 f   sfc_mex:sfc_mex.obj
 0001:00024b10       sf_mex_import_v            0000000180025b10 f   sfc_mex:sfc_mex.obj
 0001:000250e0       get_machine_and_chart_file_number 00000001800260e0 f   sfc_mex:sfc_sf.obj
 0001:000251d0       get_sfun_block_specialization 00000001800261d0 f   sfc_mex:sfc_sf.obj
 0001:00025250       call_sf_machine_global_method_dispatcher 0000000180026250 f   sfc_mex:sfc_sf.obj
 0001:00025480       mdl_zeroCrossings_processing 0000000180026480 f   sfc_mex:sfc_sf.obj
 0001:00025550       mdl_derivatives_processing 0000000180026550 f   sfc_mex:sfc_sf.obj
 0001:00025810       mdl_outputs_continuous_legacy 0000000180026810 f   sfc_mex:sfc_sf.obj
 0001:00025890       mdl_outputs_processing     0000000180026890 f   sfc_mex:sfc_sf.obj
 0001:00025ac0       mdl_enable_processing      0000000180026ac0 f   sfc_mex:sfc_sf.obj
 0001:00025b90       mdl_disable_processing     0000000180026b90 f   sfc_mex:sfc_sf.obj
 0001:000264e0       write_symbol_mapping       00000001800274e0 f   sfc_mex:sfc_sf.obj
 0001:00026c00       sf_call_output_fcn_enable_disable 0000000180027c00 f   sfc_mex:sfc_sf.obj
 0001:00026e80       set_dwork_information_from_mx_array 0000000180027e80 f   sfc_mex:sfc_sf.obj
 0001:00027770       ptr2mxStruct               0000000180028770 f   sfc_mex:sfc_sf.obj
 0001:00027a80       SNPRINTF_WRAPPER           0000000180028a80 f   sfc_debug:sfcdebug.obj
 0001:00027aa0       sf_debug_chart_instance_initialized_quick 0000000180028aa0 f   sfc_debug:sfcdebug.obj
 0001:00027ab0       sf_debug_chart_instance_initialized 0000000180028ab0 f   sfc_debug:sfcdebug.obj
 0001:00027c50       sfrtAddSize                0000000180028c50 f   sfc_debug:sfcdebug.obj
 0001:00027d10       sfrtGenSizeString          0000000180028d10 f   sfc_debug:sfcdebug.obj
 0001:00028420       sf_debug_sim_status_listener 0000000180029420 f   sfc_debug:sfcdebug.obj
 0001:00028990       sf_debug_form_mask_bits    0000000180029990 f   sfc_debug:sfcdebug.obj
 0001:000289d0       sf_debug_form_sf_data_type_offsets 00000001800299d0 f   sfc_debug:sfcdebug.obj
 0001:00028a90       sf_debug_free_all          0000000180029a90 f   sfc_debug:sfcdebug.obj
 0001:00028c10       sf_debug_append_debugger_context 0000000180029c10 f   sfc_debug:sfcdebug.obj
 0001:00028ed0       local_strdup               0000000180029ed0 f   sfc_debug:sfcdebug.obj
 0001:00029db0       sf_debug_em_terminate      000000018002adb0 f   sfc_debug:sfcdebug.obj
 0001:00029df0       sf_debug_push_eml_function 000000018002adf0 f   sfc_debug:sfcdebug.obj
 0001:00029e90       sf_debug_pop_eml_function  000000018002ae90 f   sfc_debug:sfcdebug.obj
 0001:0002ab90       sf_debug_get_machine_number_from_id_or_name 000000018002bb90 f   sfc_debug:sfcdebug.obj
 0001:0002ace0       sf_debug_get_chart_number_from_id 000000018002bce0 f   sfc_debug:sfcdebug.obj
 0001:0002b950       sf_debug_transfer_control_to_debugger_GUI 000000018002c950 f   sfc_debug:sfcdebug.obj
 0001:0002c8f0       sf_debug_scripts_rehash    000000018002d8f0 f   sfc_debug:sfcdebug.obj
 0001:0002cb30       sf_debug_get_script_line_count 000000018002db30 f   sfc_debug:sfcdebug.obj
 0001:0002d240       cv_eml_state_cvId          000000018002e240 f   sfc_debug:sfcdebug.obj
 0001:0002e460       sf_debug_data_array_bounds_error 000000018002f460 f   sfc_debug:sfcdebug.obj
 0001:0002e890       eml_debug_runtime_error_doclink 000000018002f890 f   sfc_debug:sfcdebug.obj
 0001:0002ea10       sf_debug_runtime_error     000000018002fa10 f   sfc_debug:sfcdebug.obj
 0001:0002ea80       sf_debug_matlab_error      000000018002fa80 f   sfc_debug:sfcdebug.obj
 0001:0002f330       sf_debug_data_value_error  0000000180030330 f   sfc_debug:sfcdebug.obj
 0001:0002fc30       sf_debug_data_loss_error   0000000180030c30 f   sfc_debug:sfcdebug.obj
 0001:00030890       call_cv_range_check        0000000180031890 f   sfc_debug:sfcdebug.obj
 0001:00031060       sf_debug_invoke_cycle_detection_code 0000000180032060 f   sfc_debug:sfcdebug.obj
 0001:00031ed0       sf_reset_debug_info_struct 0000000180032ed0 f   sfc_debug:sfcdebug.obj
 0001:000327c0       cv_script_cvId             00000001800337c0 f   sfc_debug:sfcdebug.obj
 0001:000335b0       sfc_api_chart_visible      00000001800345b0 f   sfc_debug:sfc_api.obj
 0001:00033630       sfc_api_active_instance    0000000180034630 f   sfc_debug:sfc_api.obj
 0001:000336b0       sfc_api_machine_load       00000001800346b0 f   sfc_debug:sfc_api.obj
 0001:00033780       sfc_api_debugger_alive     0000000180034780 f   sfc_debug:sfc_api.obj
 0001:00033790       sfc_api_go                 0000000180034790 f   sfc_debug:sfc_api.obj
 0001:000337a0       sfc_api_step_over          00000001800347a0 f   sfc_debug:sfc_api.obj
 0001:000337b0       sfc_api_step_out           00000001800347b0 f   sfc_debug:sfc_api.obj
 0001:000337c0       sfc_api_resume             00000001800347c0 f   sfc_debug:sfc_api.obj
 0001:000337d0       sfc_api_break              00000001800347d0 f   sfc_debug:sfc_api.obj
 0001:000337e0       sfc_api_stop_debugging     00000001800347e0 f   sfc_debug:sfc_api.obj
 0001:00033830       sfc_api_is_cycle_detected  0000000180034830 f   sfc_debug:sfc_api.obj
 0001:00033880       sfc_api_is_array_bounds_detected 0000000180034880 f   sfc_debug:sfc_api.obj
 0001:000338d0       sfc_api_set_disable_all_breakpoints 00000001800348d0 f   sfc_debug:sfc_api.obj
 0001:00033940       sfc_api_disable_all_breakpoints_and_go 0000000180034940 f   sfc_debug:sfc_api.obj
 0001:00033950       sfc_api_close              0000000180034950 f   sfc_debug:sfc_api.obj
 0001:00033960       sfc_api_browse_data        0000000180034960 f   sfc_debug:sfc_api.obj
 0001:000339d0       sfc_api_watch_data         00000001800349d0 f   sfc_debug:sfc_api.obj
 0001:00033a70       sfc_api_assign_data        0000000180034a70 f   sfc_debug:sfc_api.obj
 0001:00033b10       sfc_api_whos               0000000180034b10 f   sfc_debug:sfc_api.obj
 0001:00033ba0       sfc_api_get_consistency_info 0000000180034ba0 f   sfc_debug:sfc_api.obj
 0001:00033bb0       sfc_api_browse_trace       0000000180034bb0 f   sfc_debug:sfc_api.obj
 0001:00033bc0       sfc_api_break_on_chart_entry 0000000180034bc0 f   sfc_debug:sfc_api.obj
 0001:00033be0       sfc_api_break_on_event_broadcast 0000000180034be0 f   sfc_debug:sfc_api.obj
 0001:00033c00       sfc_api_break_on_state_entry 0000000180034c00 f   sfc_debug:sfc_api.obj
 0001:00033c20       sfc_api_set_watch          0000000180034c20 f   sfc_debug:sfc_api.obj
 0001:00033cc0       sfc_api_set_breakpoints    0000000180034cc0 f   sfc_debug:sfc_api.obj
 0001:00033d60       sfc_api_set_eml_breakpoints 0000000180034d60 f   sfc_debug:sfc_api.obj
 0001:00033de0       sfc_api_set_script_breakpoints 0000000180034de0 f   sfc_debug:sfc_api.obj
 0001:00033e30       sfc_api_add_script_breakpoints 0000000180034e30 f   sfc_debug:sfc_api.obj
 0001:00033e80       sfc_api_clear_script_breakpoints 0000000180034e80 f   sfc_debug:sfc_api.obj
 0001:00033ed0       sfc_api_query_script_breakpoints 0000000180034ed0 f   sfc_debug:sfc_api.obj
 0001:00033f30       sfc_api_get_script_id      0000000180034f30 f   sfc_debug:sfc_api.obj
 0001:00033ff0       sfc_api_get_active_states  0000000180034ff0 f   sfc_debug:sfc_api.obj
 0001:00034070       sfc_api_break_between_times 0000000180035070 f   sfc_debug:sfc_api.obj
 0001:000340d0       sfc_api_get_instance_handle 00000001800350d0 f   sfc_debug:sfc_api.obj
 0001:00034180       sfc_api_get_coverage       0000000180035180 f   sfc_debug:sfc_api.obj
 0001:00034200       sfc_api_set_animation      0000000180035200 f   sfc_debug:sfc_api.obj
 0001:00034250       sfc_api_select_chart       0000000180035250 f   sfc_debug:sfc_api.obj
 0001:000342b0       sfc_api_select_charts      00000001800352b0 f   sfc_debug:sfc_api.obj
 0001:000342e0       sfc_api_cycle_detection_check 00000001800352e0 f   sfc_debug:sfc_api.obj
 0001:00034330       sfc_api_data_range_check   0000000180035330 f   sfc_debug:sfc_api.obj
 0001:00034380       sfc_api_transition_conflict_check 0000000180035380 f   sfc_debug:sfc_api.obj
 0001:000343d0       sfc_api_state_consistency_check 00000001800353d0 f   sfc_debug:sfc_api.obj
 0001:00034420       sfc_api_set_instance_cv_ids 0000000180035420 f   sfc_debug:sfc_api.obj
 0001:00034530       sfc_api_set_script_cv_ids  0000000180035530 f   sfc_debug:sfc_api.obj
 0001:000345d0       sfc_api_get_current_machine_id 00000001800355d0 f   sfc_debug:sfc_api.obj
 0001:00034600       sfc_api_get_current_machine_number 0000000180035600 f   sfc_debug:sfc_api.obj
 0001:00034630       sfc_api_get_current_chart_number 0000000180035630 f   sfc_debug:sfc_api.obj
 0001:00034660       sfc_api_get_current_instance_number 0000000180035660 f   sfc_debug:sfc_api.obj
 0001:00034690       sfc_api_get_current_instance_handle 0000000180035690 f   sfc_debug:sfc_api.obj
 0001:000346b0       sfc_api_get_current_is_minor_time_step 00000001800356b0 f   sfc_debug:sfc_api.obj
 0001:000346e0       sfc_api_get_current_machine_name 00000001800356e0 f   sfc_debug:sfc_api.obj
 0001:00034700       sfc_api_get_current_chart_id 0000000180035700 f   sfc_debug:sfc_api.obj
 0001:00034730       sfc_api_get_current_object_type 0000000180035730 f   sfc_debug:sfc_api.obj
 0001:00034760       sfc_api_get_current_event_type 0000000180035760 f   sfc_debug:sfc_api.obj
 0001:00034790       sfc_api_get_current_object_id 0000000180035790 f   sfc_debug:sfc_api.obj
 0001:000347c0       sfc_get_current_active_event_type 00000001800357c0 f   sfc_debug:sfc_api.obj
 0001:000347f0       sfc_api_get_current_active_event_id 00000001800357f0 f   sfc_debug:sfc_api.obj
 0001:00034820       sfc_api_get_current_simulation_time 0000000180035820 f   sfc_debug:sfc_api.obj
 0001:00034840       sfc_get_current_tag_type   0000000180035840 f   sfc_debug:sfc_api.obj
 0001:00034870       sfc_get_current_coverage_percentage 0000000180035870 f   sfc_debug:sfc_api.obj
 0001:00034890       sfc_get_current_statement_context 0000000180035890 f   sfc_debug:sfc_api.obj
 0001:000348b0       sfc_get_current_optional_integer 00000001800358b0 f   sfc_debug:sfc_api.obj
 0001:000348e0       sfc_get_current_statement_info 00000001800358e0 f   sfc_debug:sfc_api.obj
 0001:00034980       sfc_api_get                0000000180035980 f   sfc_debug:sfc_api.obj
 0001:00034ae0       sf_debug_sm_is_using_unified_editors 0000000180035ae0 f   sfc_debug:sfdb_animation.obj
 0001:00034b80       sf_debug_sm_is_chart_visible_in_unified_editors 0000000180035b80 f   sfc_debug:sfdb_animation.obj
 0001:00034c40       sf_debug_sm_check_if_chart_is_visible 0000000180035c40 f   sfc_debug:sfdb_animation.obj
 0001:00035740       sf_debug_sm_fill_state_activity_data 0000000180036740 f   sfc_debug:sfdb_animation.obj
 0001:00037d30       sf_debug_hm_get_simulink_handle 0000000180038d30 f   sfc_debug:sfdb_handle_management.obj
 0001:00038880       sf_debug_hm_initialize_globals 0000000180039880 f   sfc_debug:sfdb_handle_management.obj
 0001:00038980       sf_debug_hm_get_machine_debug_flag 0000000180039980 f   sfc_debug:sfdb_handle_management.obj
 0001:00038af0       sf_debug_hm_get_machine_id 0000000180039af0 f   sfc_debug:sfdb_handle_management.obj
 0001:00038c10       sf_debug_hm_get_chart_id   0000000180039c10 f   sfc_debug:sfdb_handle_management.obj
 0001:00038db0       sf_debug_hm_register_executing_SFunction 0000000180039db0 f   sfc_debug:sfdb_handle_management.obj
 0001:00038f50       sf_debug_hm_get_chart_active_instance 0000000180039f50 f   sfc_debug:sfdb_handle_management.obj
 0001:000390c0       sf_debug_hm_get_chart_visibility 000000018003a0c0 f   sfc_debug:sfdb_handle_management.obj
 0001:00039210       sf_debug_hm_form_object_boolean_properties 000000018003a210 f   sfc_debug:sfdb_handle_management.obj
 0001:000394e0       sf_debug_hm_form_object_properties 000000018003a4e0 f   sfc_debug:sfdb_handle_management.obj
 0001:00039720       sf_debug_hm_terminate_charts 000000018003a720 f   sfc_debug:sfdb_handle_management.obj
 0001:00039e90       sf_debug_hm_terminate_machines 000000018003ae90 f   sfc_debug:sfdb_handle_management.obj
 0001:0003b7b0       void_ptr_stack_vector_free_total 000000018003c7b0 f   sfc_debug:sfdb_data_browse.obj
 0001:0003b840       sf_debug_st_terminate_machine 000000018003c840 f   sfc_debug:sfdb_data_browse.obj
 0001:0003b880       sf_debug_st_terminate_instance 000000018003c880 f   sfc_debug:sfdb_data_browse.obj
 0001:0003bc30       push_on_to_void_ptr_stack  000000018003cc30 f   sfc_debug:sfdb_data_browse.obj
 0001:0003bdc0       pop_from_void_ptr_stack    000000018003cdc0 f   sfc_debug:sfdb_data_browse.obj
 0001:0003bef0       sf_debug_st_get_data_value 000000018003cef0 f   sfc_debug:sfdb_data_browse.obj
 0001:0003c480       mx_value                   000000018003d480 f   sfc_debug:sfdb_data_browse.obj
 0001:0003c4c0       sf_debug_st_fill_data_struct 000000018003d4c0 f   sfc_debug:sfdb_data_browse.obj
 0001:0003c800       data_type_format_strings   000000018003d800 f   sfc_debug:sfdb_data_browse.obj
 0001:0003c8b0       sf_debug_st_fill_data      000000018003d8b0 f   sfc_debug:sfdb_data_browse.obj
 0001:0003daf0       sf_debug_ss_copy_dimension 000000018003eaf0 f   sfc_debug:sfdb_symbol_scope.obj
 0001:0003dbb0       sf_debug_ss_get_number_elements 000000018003ebb0 f   sfc_debug:sfdb_symbol_scope.obj
 0001:0003dbd0       sf_debug_ss_fill_data_struct 000000018003ebd0 f   sfc_debug:sfdb_symbol_scope.obj
 0001:0003df20       sf_debug_ss_reset_data_info 000000018003ef20 f   sfc_debug:sfdb_symbol_scope.obj
 0001:0003df80       sf_debug_fill_data_info_by_symbol_scope_entry 000000018003ef80 f   sfc_debug:sfdb_symbol_scope.obj
 0001:0003e040       sf_debug_fill_data_info_by_data_vector 000000018003f040 f   sfc_debug:sfdb_symbol_scope.obj
 0001:0003e290       sf_debug_ss_get_data_info  000000018003f290 f   sfc_debug:sfdb_symbol_scope.obj
 0001:0003e580       sf_debug_select_mex_function 000000018003f580 f   sfc_debug:sfdb_symbol_scope.obj
 0001:0003e5b0       sf_debug_is_dyn_matrix_initialized 000000018003f5b0 f   sfc_debug:sfdb_symbol_scope.obj
 0001:0003e5d0       sf_debug_ss_set_data_value_try 000000018003f5d0 f   sfc_debug:sfdb_symbol_scope.obj
 0001:0003e7a0       sf_debug_ss_get_data_value 000000018003f7a0 f   sfc_debug:sfdb_symbol_scope.obj
 0001:0003ecf0       sf_debug_ss_data_bytes_string 000000018003fcf0 f   sfc_debug:sfdb_symbol_scope.obj
 0001:0003eda0       sf_debug_ss_data_class_string 000000018003fda0 f   sfc_debug:sfdb_symbol_scope.obj
 0001:0003f130       sf_debug_ss_data_size_string 0000000180040130 f   sfc_debug:sfdb_symbol_scope.obj
 0001:0003f210       sf_debug_ss_data_create_data_info_struct 0000000180040210 f   sfc_debug:sfdb_symbol_scope.obj
 0001:0003f4e0       sf_debug_ss_data_create_name_value_pair 00000001800404e0 f   sfc_debug:sfdb_symbol_scope.obj
 0001:0003f580       sf_debug_ss_data_get_whos_info 0000000180040580 f   sfc_debug:sfdb_symbol_scope.obj
 0001:0003f590       same_named_data_in_data_array 0000000180040590 f   sfc_debug:sfdb_symbol_scope.obj
 0001:00040e00       sf_debug_cc_terminate_chart 0000000180041e00 f   sfc_debug:sfdb_coverage.obj
 0001:000411a0       sf_debug_cc_terminate_instance 00000001800421a0 f   sfc_debug:sfdb_coverage.obj
 0001:00041d90       sf_debug_cc_mark_object_if_needed 0000000180042d90 f   sfc_debug:sfdb_coverage.obj
 0001:00042150       sf_debug_cc_fill_transition_coverage_data 0000000180043150 f   sfc_debug:sfdb_coverage.obj
 0001:000422e0       sf_debug_cc_fill_transition_coverage_map 00000001800432e0 f   sfc_debug:sfdb_coverage.obj
 0001:00042590       sf_debug_cc_fill_state_coverage_map 0000000180043590 f   sfc_debug:sfdb_coverage.obj
 0001:000427e0       sf_debug_cc_fill_state_coverage_data 00000001800437e0 f   sfc_debug:sfdb_coverage.obj
 0001:00043420       sf_debug_bm_initialize_eml 0000000180044420 f   sfc_debug:sfdb_breakpoints.obj
 0001:00044590       sf_debug_bm_map_debug_tag_to_breakpoint_tag 0000000180045590 f   sfc_debug:sfdb_breakpoints.obj
 0001:00044670       sf_debug_bm_is_a_eml_breakpoint_impl 0000000180045670 f   sfc_debug:sfdb_breakpoints.obj
 0001:000460f0       sf_debug_sc_push_on_error_stack 00000001800470f0 f   sfc_debug:sfdb_state_consistency.obj
 0001:00046220       sf_debug_sc_reset_error_stack 0000000180047220 f   sfc_debug:sfdb_state_consistency.obj
 0001:000463b0       sf_debug_sc_is_state_inconsistent 00000001800473b0 f   sfc_debug:sfdb_state_consistency.obj
 0001:000466b0       sf_debug_sc_fill_consistency_info 00000001800476b0 f   sfc_debug:sfdb_state_consistency.obj
 0001:00046c90       void_assertion_fcn         0000000180047c90 f   sfc_debug:sfdb_call_stack.obj
 0001:00047210       sf_debug_tm_fill_local_trace 0000000180048210 f   sfc_debug:sfdb_call_stack.obj
 0001:000477e0       sf_debug_cd_terminate_instance 00000001800487e0 f   sfc_debug:sfdb_cycle_detection.obj
 0001:00047840       sf_debug_cd_free_checksum_stack 0000000180048840 f   sfc_debug:sfdb_cycle_detection.obj
 0001:00047890       sf_debug_cd_reset_pack_strings 0000000180048890 f   sfc_debug:sfdb_cycle_detection.obj
 0001:00047f50       md5file_clear              0000000180048f50 f   sfc_debug:ckmd5.obj
 0001:00047f80       Encode                     0000000180048f80 f   sfc_debug:ckmd5.obj
 0001:00047fd0       Decode                     0000000180048fd0 f   sfc_debug:ckmd5.obj
 0001:00048070       MD5Transform               0000000180049070 f   sfc_debug:ckmd5.obj
 0001:000488c0       md5file_addn               00000001800498c0 f   sfc_debug:ckmd5.obj
 0001:00048990       md5file_hash               0000000180049990 f   sfc_debug:ckmd5.obj
 0001:00048ed8       pre_c_init                 0000000180049ed8 f   MSVCRT:crtdll.obj
 0001:00049194       __DllMainCRTStartup        000000018004a194 f   MSVCRT:crtdll.obj
 0001:00049830       __DllMainCRTStartup$filt$0 000000018004a830 f   MSVCRT:crtdll.obj
 0001:00049860       __DllMainCRTStartup$fin$1  000000018004a860 f   MSVCRT:crtdll.obj
 0001:0004987a       _onexit$fin$0              000000018004a87a f   MSVCRT:atonexit.obj
 0001:000498a0       _IsNonwritableInCurrentImage$filt$0 000000018004a8a0 f   MSVCRT:pesect.obj
