 untitled_sfun

 Timestamp is 545ef69d (Sat Nov 08 23:07:41 2014)

 Preferred load address is 0000000180000000

 Start         Length     Name                   Class
 0001:00000000 000382e4H .text                   CODE
 0001:000382f0 00000092H .text$x                 CODE
 0002:00000000 00000458H .idata$5                DATA
 0002:00000458 00000008H .CRT$XCA                DATA
 0002:00000460 00000008H .CRT$XCZ                DATA
 0002:00000468 00000008H .CRT$XIA                DATA
 0002:00000470 00000008H .CRT$XIAA               DATA
 0002:00000478 00000008H .CRT$XIZ                DATA
 0002:00000480 00004aacH .rdata                  DATA
 0002:00004f30 00000008H .rtc$IAA                DATA
 0002:00004f38 00000008H .rtc$IZZ                DATA
 0002:00004f40 00000008H .rtc$TAA                DATA
 0002:00004f48 00000008H .rtc$TZZ                DATA
 0002:00004f50 00004014H .xdata                  DATA
 0002:00008f64 000000a0H .idata$2                DATA
 0002:00009004 00000014H .idata$3                DATA
 0002:00009018 00000458H .idata$4                DATA
 0002:00009470 000009e8H .idata$6                DATA
 0002:00009e60 00000053H .edata                  DATA
 0003:00000000 00001bf8H .data                   DATA
 0003:00001c00 000026d8H .bss                    DATA
 0004:00000000 0000306cH .pdata                  DATA

  Address         Publics by Value              Rva+Base               Lib:Object

 0000:00000000       ___safe_se_handler_table   0000000000000000     <absolute>
 0000:00000000       ___safe_se_handler_count   0000000000000000     <absolute>
 0000:00000000       __ImageBase                0000000180000000     <linker-defined>
 0001:00000000       sf_c2_untitled_get_eml_resolved_functions_info 0000000180001000 f   c2_untitled.obj
 0001:000009b0       sf_c2_untitled_get_check_sum 00000001800019b0 f   c2_untitled.obj
 0001:00000a30       sf_c2_untitled_get_autoinheritance_info 0000000180001a30 f   c2_untitled.obj
 0001:00001000       sf_internal_get_sim_state_c2_untitled 0000000180002000 f   c2_untitled.obj
 0001:000013a0       sf_internal_set_sim_state_c2_untitled 00000001800023a0 f   c2_untitled.obj
 0001:00001840       c2_untitled_method_dispatcher 0000000180002840 f   c2_untitled.obj
 0001:00005f00       sf_process_check_sum_call  0000000180006f00 f   untitled_sfun_registry.obj
 0001:00005f50       sf_process_autoinheritance_call 0000000180006f50 f   untitled_sfun_registry.obj
 0001:000060d0       sf_process_get_eml_resolved_functions_info_call 00000001800070d0 f   untitled_sfun_registry.obj
 0001:00006250       sf_mex_unlock_call         0000000180007250 f   untitled_sfun_registry.obj
 0001:00006300       sf_machine_global_initializer_called 0000000180007300 f   untitled_sfun_registry.obj
 0001:00006330       sf_machine_global_method_dispatcher 0000000180007330 f   untitled_sfun_registry.obj
 0001:00006390       sf_machine_global_terminator 0000000180007390 f   untitled_sfun_registry.obj
 0001:000063d0       sf_register_machine_exported_symbols 00000001800073d0 f   untitled_sfun_registry.obj
 0001:000063f0       callCustomFcn              00000001800073f0 f   untitled_sfun_registry.obj
 0001:00006400       sf_machine_global_initializer 0000000180007400 f   untitled_sfun_registry.obj
 0001:00006470       _ssSetStateAbsTol          0000000180007470 f   untitled_sfun_registry.obj
 0001:00006550       _ssGetAbsTol               0000000180007550 f   untitled_sfun_registry.obj
 0001:000065c0       _ssSetInputPortMatrixDimensions 00000001800075c0 f   untitled_sfun_registry.obj
 0001:000066d0       _ssSetOutputPortMatrixDimensions 00000001800076d0 f   untitled_sfun_registry.obj
 0001:000067e0       _ssSetInputPortVectorDimension 00000001800077e0 f   untitled_sfun_registry.obj
 0001:000068b0       _ssSetOutputPortVectorDimension 00000001800078b0 f   untitled_sfun_registry.obj
 0001:00006980       ssIsRunTimeParamTunable    0000000180007980 f   untitled_sfun_registry.obj
 0001:000069f0       ssGetSFuncBlockHandle      00000001800079f0 f   untitled_sfun_registry.obj
 0001:00006a60       _ssGetCurrentInputPortWidth 0000000180007a60 f   untitled_sfun_registry.obj
 0001:00006b80       _ssGetCurrentOutputPortWidth 0000000180007b80 f   untitled_sfun_registry.obj
 0001:00006ca0       _ssGetCallSystemNumFcnCallDestinations 0000000180007ca0 f   untitled_sfun_registry.obj
 0001:00006d10       ssWarning                  0000000180007d10 f   untitled_sfun_registry.obj
 0001:00006e20       ssGetIsZeroCrossControlDisabled 0000000180007e20 f   untitled_sfun_registry.obj
 0001:00006e90       ssSetIsInputPortUsedForContZcSignal 0000000180007e90 f   untitled_sfun_registry.obj
 0001:00006f00       ssSetZcSignalIsZcElementDisc 0000000180007f00 f   untitled_sfun_registry.obj
 0001:00006fb0       ssSetZcSignalName          0000000180007fb0 f   untitled_sfun_registry.obj
 0001:00007020       ssSetZcSignalWidth         0000000180008020 f   untitled_sfun_registry.obj
 0001:00007090       ssSetZcSignalZcEventType   0000000180008090 f   untitled_sfun_registry.obj
 0001:00007100       ssSetZcSignalType          0000000180008100 f   untitled_sfun_registry.obj
 0001:00007170       ssSetZcSignalZcTol         0000000180008170 f   untitled_sfun_registry.obj
 0001:000071e0       ssSetZcSignalNeedsEventNotification 00000001800081e0 f   untitled_sfun_registry.obj
 0001:00007250       ssCreateAndAddZcSignalInfo 0000000180008250 f   untitled_sfun_registry.obj
 0001:000072c0       ssCloneAndAddZcSignalInfo  00000001800082c0 f   untitled_sfun_registry.obj
 0001:00007330       ssGetNumZcSignals          0000000180008330 f   untitled_sfun_registry.obj
 0001:000073a0       ssGetZcSignalVector        00000001800083a0 f   untitled_sfun_registry.obj
 0001:00007410       ssGetZcSignalZcEvents      0000000180008410 f   untitled_sfun_registry.obj
 0001:00007480       ssGetZcSignalName          0000000180008480 f   untitled_sfun_registry.obj
 0001:000074f0       ssGetZcSignalWidth         00000001800084f0 f   untitled_sfun_registry.obj
 0001:00007560       ssGetZcSignalZcEventType   0000000180008560 f   untitled_sfun_registry.obj
 0001:000075d0       ssGetZcSignalType          00000001800085d0 f   untitled_sfun_registry.obj
 0001:00007640       ssGetZcSignalZcTol         0000000180008640 f   untitled_sfun_registry.obj
 0001:000076c0       ssGetZcSignalNeedsEventNotification 00000001800086c0 f   untitled_sfun_registry.obj
 0001:00007730       ssGetZcSignalIsZcElementDisc 0000000180008730 f   untitled_sfun_registry.obj
 0001:000077d0       ssGetIsInputPortElementContinuous 00000001800087d0 f   untitled_sfun_registry.obj
 0001:00007870       _ssGetInputPortSignalPtrsFcn 0000000180008870 f   untitled_sfun_registry.obj
 0001:00007b30       _ssGetInputPortSignalFcn   0000000180008b30 f   untitled_sfun_registry.obj
 0001:00007d50       _ssSetInputPortDirectFeedThroughFcn 0000000180008d50 f   untitled_sfun_registry.obj
 0001:00007eb0       _ssSetInputPortReusableFcn 0000000180008eb0 f   untitled_sfun_registry.obj
 0001:00007fa0       _ssSetOutputPortReusableFcn 0000000180008fa0 f   untitled_sfun_registry.obj
 0001:00008080       ssGetDTypeIdFromMxArray    0000000180009080 f   untitled_sfun_registry.obj
 0001:000081a0       ssWriteRTWStr              00000001800091a0 f   untitled_sfun_registry.obj
 0001:00008200       ssWriteRTWMxVectParam      0000000180009200 f   untitled_sfun_registry.obj
 0001:00008260       ssWriteRTWMx2dMatParam     0000000180009260 f   untitled_sfun_registry.obj
 0001:000082e0       ssWriteRTWNameValuePair    00000001800092e0 f   untitled_sfun_registry.obj
 0001:000087d0       ssWriteRTWParameters       00000001800097d0 f   untitled_sfun_registry.obj
 0001:00008dd0       ssWriteRTWParamSettings    0000000180009dd0 f   untitled_sfun_registry.obj
 0001:000094a0       ssWriteRTWWorkVect         000000018000a4a0 f   untitled_sfun_registry.obj
 0001:000099a0       mexFunction                000000018000a9a0 f   untitled_sfun_registry.obj
 0001:0000b5e0       ProcessMexSfunctionEveryCall 000000018000c5e0 f   untitled_sfun_registry.obj
 0001:0000b750       untitled_initializer       000000018000c750 f   untitled_sfun.obj
 0001:0000b760       untitled_terminator        000000018000c760 f   untitled_sfun.obj
 0001:0000b770       sf_untitled_method_dispatcher 000000018000c770 f   untitled_sfun.obj
 0001:0000b7c0       sf_untitled_process_check_sum_call 000000018000c7c0 f   untitled_sfun.obj
 0001:0000bbd0       sf_untitled_autoinheritance_info 000000018000cbd0 f   untitled_sfun.obj
 0001:0000bcd0       sf_untitled_get_eml_resolved_functions_info 000000018000ccd0 f   untitled_sfun.obj
 0001:0000be00       untitled_debug_initialize  000000018000ce00 f   untitled_sfun.obj
 0001:0000be70       untitled_register_exported_symbols 000000018000ce70 f   untitled_sfun.obj
 0001:0000bf20       sf_mex_mx_is_numeric       000000018000cf20 f   sfc_mex:sfc_mex.obj
 0001:0000bf60       strcmp_ignore_ws           000000018000cf60 f   sfc_mex:sfc_mex.obj
 0001:0000c0a0       sf_mex_duplicatearraysafe  000000018000d0a0 f   sfc_mex:sfc_mex.obj
 0001:0000c200       sf_set_error_debugger_context_message_fcn 000000018000d200 f   sfc_mex:sfc_mex.obj
 0001:0000c210       sf_set_debugger_matlab_error_fcn 000000018000d210 f   sfc_mex:sfc_mex.obj
 0001:0000c240       sf_set_error_prefix_string 000000018000d240 f   sfc_mex:sfc_mex.obj
 0001:0000c270       sf_get_error_prefix_string 000000018000d270 f   sfc_mex:sfc_mex.obj
 0001:0000c280       sf_get_current_jmp_buf_ptr 000000018000d280 f   sfc_mex:sfc_mex.obj
 0001:0000c290       sf_set_current_jmp_buf_ptr 000000018000d290 f   sfc_mex:sfc_mex.obj
 0001:0000c2a0       sf_mex_set_halt_simulation 000000018000d2a0 f   sfc_mex:sfc_mex.obj
 0001:0000c2b0       sf_mex_get_halt_simulation 000000018000d2b0 f   sfc_mex:sfc_mex.obj
 0001:0000c2c0       sf_mex_clear_error_message 000000018000d2c0 f   sfc_mex:sfc_mex.obj
 0001:0000c2e0       sf_mex_get_error_message_for_read 000000018000d2e0 f   sfc_mex:sfc_mex.obj
 0001:0000c2f0       sf_mex_get_error_message_buffer_length 000000018000d2f0 f   sfc_mex:sfc_mex.obj
 0001:0000c3d0       sf_mex_warning_message     000000018000d3d0 f   sfc_mex:sfc_mex.obj
 0001:0000c440       sf_mex_v_errbuf_createf    000000018000d440 f   sfc_mex:sfc_mex.obj
 0001:0000c450       sf_mex_errbuf_createf      000000018000d450 f   sfc_mex:sfc_mex.obj
 0001:0000c480       sf_mex_v_errbuf_catf       000000018000d480 f   sfc_mex:sfc_mex.obj
 0001:0000c4c0       sf_mex_errbuf_catf         000000018000d4c0 f   sfc_mex:sfc_mex.obj
 0001:0000c510       sf_mex_errbuf_copy         000000018000d510 f   sfc_mex:sfc_mex.obj
 0001:0000c520       sf_mex_errbuf_clear        000000018000d520 f   sfc_mex:sfc_mex.obj
 0001:0000c530       sf_mex_errbuf_isempty      000000018000d530 f   sfc_mex:sfc_mex.obj
 0001:0000c640       sf_mex_set_error_status    000000018000d640 f   sfc_mex:sfc_mex.obj
 0001:0000c690       sf_mex_error_direct_call   000000018000d690 f   sfc_mex:sfc_mex.obj
 0001:0000c6b0       sf_mex_error_message_no_long_jump 000000018000d6b0 f   sfc_mex:sfc_mex.obj
 0001:0000c6d0       sf_mex_long_jump_on_error  000000018000d6d0 f   sfc_mex:sfc_mex.obj
 0001:0000c700       sf_mex_call_matlab         000000018000d700 f   sfc_mex:sfc_mex.obj
 0001:0000c820       sf_mex_check_builtin       000000018000d820 f   sfc_mex:sfc_mex.obj
 0001:0000c860       sf_mex_check_builtin_vs    000000018000d860 f   sfc_mex:sfc_mex.obj
 0001:0000c8c0       sf_mex_check_enum          000000018000d8c0 f   sfc_mex:sfc_mex.obj
 0001:0000c8f0       sf_mex_create_enum         000000018000d8f0 f   sfc_mex:sfc_mex.obj
 0001:0000c910       sf_mex_get_enum_element    000000018000d910 f   sfc_mex:sfc_mex.obj
 0001:0000c920       sf_mex_createcellarray     000000018000d920 f   sfc_mex:sfc_mex.obj
 0001:0000c930       sf_mex_setcell             000000018000d930 f   sfc_mex:sfc_mex.obj
 0001:0000c940       sf_mex_getcell             000000018000d940 f   sfc_mex:sfc_mex.obj
 0001:0000c950       sf_mex_dup                 000000018000d950 f   sfc_mex:sfc_mex.obj
 0001:0000c970       sf_mex_assign              000000018000d970 f   sfc_mex:sfc_mex.obj
 0001:0000c9d0       sf_mex_destroy             000000018000d9d0 f   sfc_mex:sfc_mex.obj
 0001:0000ca00       mx_array_has_fi_type       000000018000da00 f   sfc_mex:sfc_mex.obj
 0001:0000ca30       sf_mex_convert_from_fi     000000018000da30 f   sfc_mex:sfc_mex.obj
 0001:0000cae0       sf_mex_convert_to_double   000000018000dae0 f   sfc_mex:sfc_mex.obj
 0001:0000cc00       sf_mex_import_fi_vs        000000018000dc00 f   sfc_mex:sfc_mex.obj
 0001:0000cdc0       sf_matrix_matrix_index_ok  000000018000ddc0 f   sfc_mex:sfc_mex.obj
 0001:0000ce50       sf_vector_vector_index_ok  000000018000de50 f   sfc_mex:sfc_mex.obj
 0001:0000ce80       ssGetCurrentInputPortDimensions_wrapper 000000018000de80 f   sfc_mex:sfc_mex.obj
 0001:0000cea0       ssGetCurrentOutputPortDimensions_wrapper 000000018000dea0 f   sfc_mex:sfc_mex.obj
 0001:0000cec0       sf_mex_emlrt_context_is_debug_mode 000000018000dec0 f   sfc_mex:sfc_mex.obj
 0001:0000ced0       sf_mex_emlrt_context_set_debug_mode 000000018000ded0 f   sfc_mex:sfc_mex.obj
 0001:0000cf40       sf_clear_error_manager_info 000000018000df40 f   sfc_mex:sfc_mex.obj
 0001:0000cf90       sf_mex_stop_simulation_abruptly_wo_error 000000018000df90 f   sfc_mex:sfc_mex.obj
 0001:0000cfd0       sf_mex_error_message       000000018000dfd0 f   sfc_mex:sfc_mex.obj
 0001:0000d030       sf_react_to_error_in_matlab_call 000000018000e030 f   sfc_mex:sfc_mex.obj
 0001:0000d060       sf_mex_addfield            000000018000e060 f   sfc_mex:sfc_mex.obj
 0001:0000d100       sf_mex_getfield            000000018000e100 f   sfc_mex:sfc_mex.obj
 0001:0000d400       sf_mex_check_class         000000018000e400 f   sfc_mex:sfc_mex.obj
 0001:0000d4f0       sf_mex_is_real             000000018000e4f0 f   sfc_mex:sfc_mex.obj
 0001:0000d960       sf_mex_decode_encoded_mx_struct_array 000000018000e960 f   sfc_mex:sfc_mex.obj
 0001:0000dc40       sf_mex_lw_bounds_check     000000018000ec40 f   sfc_mex:sfc_mex.obj
 0001:0000dc70       sf_mex_lw_size_eq_check_1d 000000018000ec70 f   sfc_mex:sfc_mex.obj
 0001:0000dc90       sf_mex_lw_size_eq_check_nd 000000018000ec90 f   sfc_mex:sfc_mex.obj
 0001:0000de70       sf_mex_lw_dim_size_eq_check 000000018000ee70 f   sfc_mex:sfc_mex.obj
 0001:0000dea0       sf_mex_lw_dim_size_geq_check 000000018000eea0 f   sfc_mex:sfc_mex.obj
 0001:0000ded0       sf_mex_lw_sub_assign_size_check_nd 000000018000eed0 f   sfc_mex:sfc_mex.obj
 0001:0000e100       sf_mex_lw_runtime_error_msgid 000000018000f100 f   sfc_mex:sfc_mex.obj
 0001:0000e1f0       sf_mex_lw_matrix_matrix_index_check 000000018000f1f0 f   sfc_mex:sfc_mex.obj
 0001:0000e210       sf_mex_lw_vector_vector_index_check 000000018000f210 f   sfc_mex:sfc_mex.obj
 0001:0000e250       sf_mex_lw_non_negative_check 000000018000f250 f   sfc_mex:sfc_mex.obj
 0001:0000e290       sf_mex_overflow_error      000000018000f290 f   sfc_mex:sfc_mex.obj
 0001:0000e2a0       sf_mex_dividebyzero_error  000000018000f2a0 f   sfc_mex:sfc_mex.obj
 0001:0000e2b0       sf_mex_unsafe_enum_error   000000018000f2b0 f   sfc_mex:sfc_mex.obj
 0001:0000e2c0       sf_emlrtErrHandler         000000018000f2c0 f   sfc_mex:sfc_mex.obj
 0001:0000e380       sf_mex_printf              000000018000f380 f   sfc_mex:sfc_mex.obj
 0001:0000e510       sf_mex_check_size          000000018000f510 f   sfc_mex:sfc_mex.obj
 0001:0000e7e0       sf_mex_check_struct        000000018000f7e0 f   sfc_mex:sfc_mex.obj
 0001:0000ea40       sf_mex_check_struct_vs     000000018000fa40 f   sfc_mex:sfc_mex.obj
 0001:0000ead0       sf_mex_check_fi            000000018000fad0 f   sfc_mex:sfc_mex.obj
 0001:0000ebd0       sf_mex_check_fi_vs         000000018000fbd0 f   sfc_mex:sfc_mex.obj
 0001:0000ec70       sf_echo_expression         000000018000fc70 f   sfc_mex:sfc_mex.obj
 0001:0000ecd0       sf_assertion_failed        000000018000fcd0 f   sfc_mex:sfc_mex.obj
 0001:0000efb0       sf_mex_evalin              000000018000ffb0 f   sfc_mex:sfc_mex.obj
 0001:0000f220       sf_mex_export              0000000180010220 f   sfc_mex:sfc_mex.obj
 0001:0000f2e0       sf_mex_get_ml_var_no_error 00000001800102e0 f   sfc_mex:sfc_mex.obj
 0001:0000f480       sf_mex_get_ml_var          0000000180010480 f   sfc_mex:sfc_mex.obj
 0001:0000f920       ml_set_element_value_in_array 0000000180010920 f   sfc_mex:sfc_mex.obj
 0001:00010ff0       sf_mex_call_impl           0000000180011ff0 f   sfc_mex:sfc_mex.obj
 0001:00011520       sf_mex_call_debug          0000000180012520 f   sfc_mex:sfc_mex.obj
 0001:00011550       sf_mex_call                0000000180012550 f   sfc_mex:sfc_mex.obj
 0001:00011ba0       sf_mex_createstruct        0000000180012ba0 f   sfc_mex:sfc_mex.obj
 0001:00011c90       sf_mex_createstructarray   0000000180012c90 f   sfc_mex:sfc_mex.obj
 0001:00011d10       sf_mex_get_mx_datatype_from_sf_datatype 0000000180012d10 f   sfc_mex:sfc_mex.obj
 0001:00012020       sf_mex_ml_var_sub          0000000180013020 f   sfc_mex:sfc_mex.obj
 0001:000121f0       sf_mex_ml_var_subsasgn     00000001800131f0 f   sfc_mex:sfc_mex.obj
 0001:000125e0       sf_mex_sub                 00000001800135e0 f   sfc_mex:sfc_mex.obj
 0001:000127e0       sf_mex_subsasgn            00000001800137e0 f   sfc_mex:sfc_mex.obj
 0001:00012cc0       sf_mex_create              0000000180013cc0 f   sfc_mex:sfc_mex.obj
 0001:00013710       sf_mex_import_named        0000000180014710 f   sfc_mex:sfc_mex.obj
 0001:00013770       sf_mex_import              0000000180014770 f   sfc_mex:sfc_mex.obj
 0001:000137c0       sf_mex_import_vs           00000001800147c0 f   sfc_mex:sfc_mex.obj
 0001:000138d0       sf_mex_lower_fixpt_mx_array 00000001800148d0 f   sfc_mex:sfc_mex.obj
 0001:00013ec0       sim_mode_is_rtw_gen        0000000180014ec0 f   sfc_mex:sfc_sf.obj
 0001:00013ef0       sim_mode_is_external       0000000180014ef0 f   sfc_mex:sfc_sf.obj
 0001:00013f00       sim_mode_is_modelref_sim   0000000180014f00 f   sfc_mex:sfc_sf.obj
 0001:00013f20       mdlInitializeSizes         0000000180014f20 f   sfc_mex:sfc_sf.obj
 0001:00013f40       mdlInitializeSampleTimes   0000000180014f40 f   sfc_mex:sfc_sf.obj
 0001:00013f80       mdlZeroCrossings           0000000180014f80 f   sfc_mex:sfc_sf.obj
 0001:00014060       mdlDerivatives             0000000180015060 f   sfc_mex:sfc_sf.obj
 0001:00014110       mdl_initialize_conditions_processing 0000000180015110 f   sfc_mex:sfc_sf.obj
 0001:00014140       mdlInitializeConditions    0000000180015140 f   sfc_mex:sfc_sf.obj
 0001:00014200       mdlGetSimState             0000000180015200 f   sfc_mex:sfc_sf.obj
 0001:00014210       mdlSetSimState             0000000180015210 f   sfc_mex:sfc_sf.obj
 0001:00014220       mdl_ext_mode_exec_processing 0000000180015220 f   sfc_mex:sfc_sf.obj
 0001:00014240       mdlExtModeExec             0000000180015240 f   sfc_mex:sfc_sf.obj
 0001:000143d0       mdlTerminate               00000001800153d0 f   sfc_mex:sfc_sf.obj
 0001:00014440       mdlRTW                     0000000180015440 f   sfc_mex:sfc_sf.obj
 0001:00014470       mdlSetWorkWidths           0000000180015470 f   sfc_mex:sfc_sf.obj
 0001:00014480       mdlProcessParameters       0000000180015480 f   sfc_mex:sfc_sf.obj
 0001:00014490       mdl_start_processing       0000000180015490 f   sfc_mex:sfc_sf.obj
 0001:000144d0       mdlStart                   00000001800154d0 f   sfc_mex:sfc_sf.obj
 0001:000145c0       mdlEnable                  00000001800155c0 f   sfc_mex:sfc_sf.obj
 0001:00014690       mdlDisable                 0000000180015690 f   sfc_mex:sfc_sf.obj
 0001:00014740       sf_get_chart_instance_ptr  0000000180015740 f   sfc_mex:sfc_sf.obj
 0001:00014760       sf_rtw_info_uint_prop      0000000180015760 f   sfc_mex:sfc_sf.obj
 0001:000148d0       sf_is_chart_inlinable      00000001800158d0 f   sfc_mex:sfc_sf.obj
 0001:000148f0       sf_mark_output_events_with_multiple_callers 00000001800158f0 f   sfc_mex:sfc_sf.obj
 0001:00014ab0       sf_mark_chart_reusable_outputs 0000000180015ab0 f   sfc_mex:sfc_sf.obj
 0001:00014d30       sf_mark_chart_expressionable_inputs 0000000180015d30 f   sfc_mex:sfc_sf.obj
 0001:00015090       sf_get_subchart_simstruct  0000000180016090 f   sfc_mex:sfc_sf.obj
 0001:000150e0       sf_write_symbol_mapping    00000001800160e0 f   sfc_mex:sfc_sf.obj
 0001:00015330       sf_get_fixpt_data_type_id  0000000180016330 f   sfc_mex:sfc_sf.obj
 0001:00015370       sf_get_enum_data_type_id   0000000180016370 f   sfc_mex:sfc_sf.obj
 0001:000153b0       sf_get_param_data_type_id  00000001800163b0 f   sfc_mex:sfc_sf.obj
 0001:000153e0       sf_mex_listen_for_ctrl_c_force 00000001800163e0 f   sfc_mex:sfc_sf.obj
 0001:000154f0       sf_mex_draw_now            00000001800164f0 f   sfc_mex:sfc_sf.obj
 0001:00015530       sf_mex_set_debugger_sim_status_listener_fcn 0000000180016530 f   sfc_mex:sfc_sf.obj
 0001:00015540       sf_mex_listen_for_ctrl_c   0000000180016540 f   sfc_mex:sfc_sf.obj
 0001:000155d0       sf_mex_get_sfun_param      00000001800165d0 f   sfc_mex:sfc_sf.obj
 0001:00015620       sf_get_runtime_param_data  0000000180016620 f   sfc_mex:sfc_sf.obj
 0001:00015660       sf_call_output_fcn_call    0000000180016660 f   sfc_mex:sfc_sf.obj
 0001:000157a0       sf_call_output_fcn_enable  00000001800167a0 f   sfc_mex:sfc_sf.obj
 0001:00015830       sf_call_output_fcn_disable 0000000180016830 f   sfc_mex:sfc_sf.obj
 0001:000158c0       sf_clear_rtw_identifier    00000001800168c0 f   sfc_mex:sfc_sf.obj
 0001:000160b0       sf_set_encoded_dwork_info  00000001800170b0 f   sfc_mex:sfc_sf.obj
 0001:00016100       sf_get_dwork_info_from_mat_file 0000000180017100 f   sfc_mex:sfc_sf.obj
 0001:000162f0       sf_set_rtw_dwork_info      00000001800172f0 f   sfc_mex:sfc_sf.obj
 0001:00016460       mdlOutputs                 0000000180017460 f   sfc_mex:sfc_sf.obj
 0001:00016600       sf_debug_disp              0000000180017600 f   sfc_debug:sfcdebug.obj
 0001:00016860       sf_debug_data_runtime_size_mismatch_error_check 0000000180017860 f   sfc_debug:sfcdebug.obj
 0001:00016900       sf_debug_try_loading_machine 0000000180017900 f   sfc_debug:sfcdebug.obj
 0001:00016a00       sf_debug_reset_current_state_configuration 0000000180017a00 f   sfc_debug:sfcdebug.obj
 0001:00016a90       sf_debug_store_current_state_configuration 0000000180017a90 f   sfc_debug:sfcdebug.obj
 0001:00016b20       sf_debug_restore_previous_state_configuration 0000000180017b20 f   sfc_debug:sfcdebug.obj
 0001:00016bb0       sf_debug_restore_previous_state_configuration2 0000000180017bb0 f   sfc_debug:sfcdebug.obj
 0001:00016c40       sf_debug_get_event_scope   0000000180017c40 f   sfc_debug:sfcdebug.obj
 0001:00016db0       use_debugger_step_animation 0000000180017db0 f   sfc_debug:sfcdebug.obj
 0001:00016dd0       sf_debug_get_script_id     0000000180017dd0 f   sfc_debug:sfcdebug.obj
 0001:00016e60       sf_debug_set_script_translation 0000000180017e60 f   sfc_debug:sfcdebug.obj
 0001:00016f20       sf_debug_get_current_machine_id 0000000180017f20 f   sfc_debug:sfcdebug.obj
 0001:00016f40       sf_debug_get_current_optional_integer 0000000180017f40 f   sfc_debug:sfcdebug.obj
 0001:00016f50       sf_debug_get_current_machine_number 0000000180017f50 f   sfc_debug:sfcdebug.obj
 0001:00016f70       sf_debug_get_current_machine_name 0000000180017f70 f   sfc_debug:sfcdebug.obj
 0001:00016f90       sf_debug_get_current_chart_id 0000000180017f90 f   sfc_debug:sfcdebug.obj
 0001:00016fe0       sf_debug_get_current_chart_number 0000000180017fe0 f   sfc_debug:sfcdebug.obj
 0001:00016ff0       sf_debug_get_current_instance_number 0000000180017ff0 f   sfc_debug:sfcdebug.obj
 0001:00017000       sf_debug_get_current_is_minor_time_step 0000000180018000 f   sfc_debug:sfcdebug.obj
 0001:00017080       sf_debug_get_current_object_type 0000000180018080 f   sfc_debug:sfcdebug.obj
 0001:00017090       sf_debug_get_current_instance_handle 0000000180018090 f   sfc_debug:sfcdebug.obj
 0001:000170f0       sf_debug_get_current_event_type 00000001800180f0 f   sfc_debug:sfcdebug.obj
 0001:00017100       sf_debug_get_current_object_id 0000000180018100 f   sfc_debug:sfcdebug.obj
 0001:00017140       sf_debug_get_current_active_event_type 0000000180018140 f   sfc_debug:sfcdebug.obj
 0001:00017150       sf_debug_get_current_active_event_id 0000000180018150 f   sfc_debug:sfcdebug.obj
 0001:00017190       sf_debug_get_current_tag_type 0000000180018190 f   sfc_debug:sfcdebug.obj
 0001:000171a0       sf_debug_get_current_simulation_time 00000001800181a0 f   sfc_debug:sfcdebug.obj
 0001:000171b0       sf_debug_get_current_coverage_percentage 00000001800181b0 f   sfc_debug:sfcdebug.obj
 0001:000171c0       sf_debug_current_statement_context 00000001800181c0 f   sfc_debug:sfcdebug.obj
 0001:00017250       sf_debug_get_current_statement_info 0000000180018250 f   sfc_debug:sfcdebug.obj
 0001:000173d0       sf_debug_terminate_instance 00000001800183d0 f   sfc_debug:sfcdebug.obj
 0001:000176e0       sf_debug_assertion_failed  00000001800186e0 f   sfc_debug:sfcdebug.obj
 0001:00017890       sf_debug_set_number_of_data_with_change_event_for_machine 0000000180018890 f   sfc_debug:sfcdebug.obj
 0001:000178d0       sf_debug_set_machine_event_thresholds 00000001800188d0 f   sfc_debug:sfcdebug.obj
 0001:000178f0       sf_debug_set_machine_event_scope 00000001800188f0 f   sfc_debug:sfcdebug.obj
 0001:00017930       sf_debug_set_machine_data_thresholds 0000000180018930 f   sfc_debug:sfcdebug.obj
 0001:00017970       sf_debug_set_machine_data_scope 0000000180018970 f   sfc_debug:sfcdebug.obj
 0001:00017a00       sf_debug_set_machine_data_name 0000000180018a00 f   sfc_debug:sfcdebug.obj
 0001:00017aa0       sf_debug_set_machine_data_size 0000000180018aa0 f   sfc_debug:sfcdebug.obj
 0001:00017be0       sf_debug_set_machine_data_type 0000000180018be0 f   sfc_debug:sfcdebug.obj
 0001:00017d50       sf_debug_get_chart_data_number 0000000180018d50 f   sfc_debug:sfcdebug.obj
 0001:00017d70       sf_debug_get_chart_event_number 0000000180018d70 f   sfc_debug:sfcdebug.obj
 0001:00017d90       sf_debug_set_chart_state_info 0000000180018d90 f   sfc_debug:sfcdebug.obj
 0001:00017e10       sf_debug_set_chart_decomposition 0000000180018e10 f   sfc_debug:sfcdebug.obj
 0001:00017e80       sf_debug_set_chart_substate_count 0000000180018e80 f   sfc_debug:sfcdebug.obj
 0001:00017f60       sf_debug_set_chart_substate_index 0000000180018f60 f   sfc_debug:sfcdebug.obj
 0001:00017fd0       sf_debug_set_chart_state_substate_count 0000000180018fd0 f   sfc_debug:sfcdebug.obj
 0001:000180e0       sf_debug_set_chart_state_substate_index 00000001800190e0 f   sfc_debug:sfcdebug.obj
 0001:00018160       sf_debug_set_number_of_data_with_change_event_for_chart 0000000180019160 f   sfc_debug:sfcdebug.obj
 0001:000181e0       sf_debug_set_number_of_states_with_entry_event_for_chart 00000001800191e0 f   sfc_debug:sfcdebug.obj
 0001:00018250       sf_debug_set_number_of_states_with_exit_event_for_chart 0000000180019250 f   sfc_debug:sfcdebug.obj
 0001:000182c0       sf_debug_set_chart_disable_implicit_casting 00000001800192c0 f   sfc_debug:sfcdebug.obj
 0001:00018330       sf_debug_set_chart_event_thresholds 0000000180019330 f   sfc_debug:sfcdebug.obj
 0001:000183a0       sf_debug_set_chart_data_compiled_props 00000001800193a0 f   sfc_debug:sfcdebug.obj
 0001:000186f0       sf_debug_set_chart_data_props 00000001800196f0 f   sfc_debug:sfcdebug.obj
 0001:00018a10       sf_debug_check_fi_license  0000000180019a10 f   sfc_debug:sfcdebug.obj
 0001:00018c00       sf_debug_symbol_scope_push 0000000180019c00 f   sfc_debug:sfcdebug.obj
 0001:00018c40       sf_debug_symbol_scope_push_eml 0000000180019c40 f   sfc_debug:sfcdebug.obj
 0001:00018c90       sf_debug_symbol_scope_pop  0000000180019c90 f   sfc_debug:sfcdebug.obj
 0001:00018cd0       sf_debug_symbol_scope_add_importable 0000000180019cd0 f   sfc_debug:sfcdebug.obj
 0001:00018d50       sf_debug_symbol_scope_add  0000000180019d50 f   sfc_debug:sfcdebug.obj
 0001:00018dd0       sf_debug_symbol_scope_add_dyn_importable 0000000180019dd0 f   sfc_debug:sfcdebug.obj
 0001:00018e90       sf_debug_symbol_scope_add_dyn 0000000180019e90 f   sfc_debug:sfcdebug.obj
 0001:00018ec0       sf_debug_symbol_scope_add_eml_importable 0000000180019ec0 f   sfc_debug:sfcdebug.obj
 0001:00018f00       sf_debug_symbol_scope_add_eml 0000000180019f00 f   sfc_debug:sfcdebug.obj
 0001:00018f40       sf_debug_symbol_scope_add_eml_dyn_importable 0000000180019f40 f   sfc_debug:sfcdebug.obj
 0001:00018fb0       sf_debug_symbol_scope_add_eml_dyn 0000000180019fb0 f   sfc_debug:sfcdebug.obj
 0001:00019010       sf_debug_symbol_switch     000000018001a010 f   sfc_debug:sfcdebug.obj
 0001:00019030       sf_debug_symbol_scope_add_verbose 000000018001a030 f   sfc_debug:sfcdebug.obj
 0001:00019100       sf_debug_set_machine_data_value_ptr 000000018001a100 f   sfc_debug:sfcdebug.obj
 0001:00019140       sf_debug_set_instance_data_value_ptr 000000018001a140 f   sfc_debug:sfcdebug.obj
 0001:00019200       sf_debug_unset_instance_data_value_ptr 000000018001a200 f   sfc_debug:sfcdebug.obj
 0001:000192b0       sf_debug_set_chart_event_scope 000000018001a2b0 f   sfc_debug:sfcdebug.obj
 0001:00019330       sf_debug_set_chart_transition_coverage_maps 000000018001a330 f   sfc_debug:sfcdebug.obj
 0001:00019440       sf_debug_set_chart_state_coverage_maps 000000018001a440 f   sfc_debug:sfcdebug.obj
 0001:00019520       sf_debug_set_instance_transition_coverage_weights 000000018001a520 f   sfc_debug:sfcdebug.obj
 0001:000195c0       sf_debug_set_instance_state_coverage_weights 000000018001a5c0 f   sfc_debug:sfcdebug.obj
 0001:00019810       sf_debug_unload_machine    000000018001a810 f   sfc_debug:sfcdebug.obj
 0001:00019860       sf_debug_load_machine      000000018001a860 f   sfc_debug:sfcdebug.obj
 0001:00019960       sf_debug_set_active_instance_in_data_dictionary 000000018001a960 f   sfc_debug:sfcdebug.obj
 0001:00019b40       sf_debug_set_active_instance 000000018001ab40 f   sfc_debug:sfcdebug.obj
 0001:00019c80       sf_debug_chart_visiblity_change 000000018001ac80 f   sfc_debug:sfcdebug.obj
 0001:00019d60       sf_debug_select_chart      000000018001ad60 f   sfc_debug:sfcdebug.obj
 0001:00019e30       sf_debug_set_instance_cv_ids 000000018001ae30 f   sfc_debug:sfcdebug.obj
 0001:0001a140       sf_debug_select_charts     000000018001b140 f   sfc_debug:sfcdebug.obj
 0001:0001a280       sf_debug_initialized       000000018001b280 f   sfc_debug:sfcdebug.obj
 0001:0001a290       sf_debug_is_uninterruptible 000000018001b290 f   sfc_debug:sfcdebug.obj
 0001:0001a2c0       sf_debug_initialize_debugger_gui 000000018001b2c0 f   sfc_debug:sfcdebug.obj
 0001:0001a6b0       sf_debug_resume            000000018001b6b0 f   sfc_debug:sfcdebug.obj
 0001:0001a6d0       sf_debug_go                000000018001b6d0 f   sfc_debug:sfcdebug.obj
 0001:0001a6e0       sf_debug_break             000000018001b6e0 f   sfc_debug:sfcdebug.obj
 0001:0001a6f0       sf_debug_step_over         000000018001b6f0 f   sfc_debug:sfcdebug.obj
 0001:0001a700       sf_debug_step_out          000000018001b700 f   sfc_debug:sfcdebug.obj
 0001:0001a710       sf_debug_set_disable_all_breakpoints 000000018001b710 f   sfc_debug:sfcdebug.obj
 0001:0001a720       sf_debug_disable_all_breakpoints_and_go 000000018001b720 f   sfc_debug:sfcdebug.obj
 0001:0001a730       sf_debug_break_on_chart_entry 000000018001b730 f   sfc_debug:sfcdebug.obj
 0001:0001a740       sf_debug_break_on_event_broadcast 000000018001b740 f   sfc_debug:sfcdebug.obj
 0001:0001a750       sf_debug_break_on_state_entry 000000018001b750 f   sfc_debug:sfcdebug.obj
 0001:0001a760       sf_debug_break_between_times 000000018001b760 f   sfc_debug:sfcdebug.obj
 0001:0001a780       sf_debug_browse_data       000000018001b780 f   sfc_debug:sfcdebug.obj
 0001:0001a7a0       sf_debug_watch_data        000000018001b7a0 f   sfc_debug:sfcdebug.obj
 0001:0001a7c0       sf_debug_assign_data       000000018001b7c0 f   sfc_debug:sfcdebug.obj
 0001:0001a7e0       sf_debug_whos              000000018001b7e0 f   sfc_debug:sfcdebug.obj
 0001:0001a800       sf_debug_get_consistency_info 000000018001b800 f   sfc_debug:sfcdebug.obj
 0001:0001a810       sf_debug_browse_trace      000000018001b810 f   sfc_debug:sfcdebug.obj
 0001:0001a820       sf_debug_set_breakpoints   000000018001b820 f   sfc_debug:sfcdebug.obj
 0001:0001a980       sf_debug_set_eml_breakpoints 000000018001b980 f   sfc_debug:sfcdebug.obj
 0001:0001aae0       sf_debug_set_script_breakpoints 000000018001bae0 f   sfc_debug:sfcdebug.obj
 0001:0001ab60       sf_debug_add_script_breakpoints 000000018001bb60 f   sfc_debug:sfcdebug.obj
 0001:0001abd0       sf_debug_clear_script_breakpoints 000000018001bbd0 f   sfc_debug:sfcdebug.obj
 0001:0001ac40       sf_debug_query_script_breakpoints 000000018001bc40 f   sfc_debug:sfcdebug.obj
 0001:0001ad00       sf_debug_get_eml_script_id 000000018001bd00 f   sfc_debug:sfcdebug.obj
 0001:0001ad50       sf_debug_set_watch         000000018001bd50 f   sfc_debug:sfcdebug.obj
 0001:0001af80       sf_debug_get_coverage      000000018001bf80 f   sfc_debug:sfcdebug.obj
 0001:0001af90       sf_debug_get_instance_handle 000000018001bf90 f   sfc_debug:sfcdebug.obj
 0001:0001b020       sf_debug_get_active_states 000000018001c020 f   sfc_debug:sfcdebug.obj
 0001:0001b030       sf_debug_get_animation     000000018001c030 f   sfc_debug:sfcdebug.obj
 0001:0001b040       sf_debug_set_animation     000000018001c040 f   sfc_debug:sfcdebug.obj
 0001:0001b050       sf_debug_animate           000000018001c050 f   sfc_debug:sfcdebug.obj
 0001:0001b080       sf_debug_cycle_detection_check 000000018001c080 f   sfc_debug:sfcdebug.obj
 0001:0001b090       sf_debug_data_range_check  000000018001c090 f   sfc_debug:sfcdebug.obj
 0001:0001b0a0       sf_debug_transition_conflict_check 000000018001c0a0 f   sfc_debug:sfcdebug.obj
 0001:0001b0b0       sf_debug_state_consistency_check 000000018001c0b0 f   sfc_debug:sfcdebug.obj
 0001:0001b0c0       sf_debug_data_range_check_enabled 000000018001c0c0 f   sfc_debug:sfcdebug.obj
 0001:0001b0e0       sf_debug_transition_conflict_check_enabled 000000018001c0e0 f   sfc_debug:sfcdebug.obj
 0001:0001b100       sf_debug_transition_conflict_check_begin 000000018001c100 f   sfc_debug:sfcdebug.obj
 0001:0001b120       sf_debug_transition_conflict_check_end 000000018001c120 f   sfc_debug:sfcdebug.obj
 0001:0001b140       sf_debug_stop_debugging    000000018001c140 f   sfc_debug:sfcdebug.obj
 0001:0001b170       sf_debug_is_cycle_detected 000000018001c170 f   sfc_debug:sfcdebug.obj
 0001:0001b180       sf_debug_is_array_bounds_detected 000000018001c180 f   sfc_debug:sfcdebug.obj
 0001:0001b190       sf_debug_get_state_vectors_data_size 000000018001c190 f   sfc_debug:sfcdebug.obj
 0001:0001b1d0       sf_debug_get_state_vectors_data 000000018001c1d0 f   sfc_debug:sfcdebug.obj
 0001:0001b2d0       sf_debug_set_state_vectors_data 000000018001c2d0 f   sfc_debug:sfcdebug.obj
 0001:0001b590       sf_debug_get_script_index  000000018001c590 f   sfc_debug:sfcdebug.obj
 0001:0001b720       sf_debug_add_script        000000018001c720 f   sfc_debug:sfcdebug.obj
 0001:0001b8b0       cv_eval_point              000000018001c8b0 f   sfc_debug:sfcdebug.obj
 0001:0001ba20       sf_debug_cv_init_state     000000018001ca20 f   sfc_debug:sfcdebug.obj
 0001:0001bb40       sf_debug_cv_init_chart     000000018001cb40 f   sfc_debug:sfcdebug.obj
 0001:0001bc20       sf_debug_cv_init_trans     000000018001cc20 f   sfc_debug:sfcdebug.obj
 0001:0001bd90       cv_eml_init_script         000000018001cd90 f   sfc_debug:sfcdebug.obj
 0001:0001be70       cv_eml_init_fcn            000000018001ce70 f   sfc_debug:sfcdebug.obj
 0001:0001bf20       cv_eml_init_testobjective  000000018001cf20 f   sfc_debug:sfcdebug.obj
 0001:0001bfd0       cv_eml_init_if             000000018001cfd0 f   sfc_debug:sfcdebug.obj
 0001:0001c080       cv_eml_init_for            000000018001d080 f   sfc_debug:sfcdebug.obj
 0001:0001c130       cv_eml_init_while          000000018001d130 f   sfc_debug:sfcdebug.obj
 0001:0001c1e0       cv_eml_init_mcdc           000000018001d1e0 f   sfc_debug:sfcdebug.obj
 0001:0001c2e0       cv_eml_init_switch         000000018001d2e0 f   sfc_debug:sfcdebug.obj
 0001:0001c3c0       cv_eml_eval                000000018001d3c0 f   sfc_debug:sfcdebug.obj
 0001:0001c4a0       sf_debug_bm_is_a_eml_breakpoint 000000018001d4a0 f   sfc_debug:sfcdebug.obj
 0001:0001c5f0       sf_debug_temporal_threshold 000000018001d5f0 f   sfc_debug:sfcdebug.obj
 0001:0001c950       sf_debug_transition_conflict_error 000000018001d950 f   sfc_debug:sfcdebug.obj
 0001:0001ccd0       sf_debug_state_inconsistency_error 000000018001dcd0 f   sfc_debug:sfcdebug.obj
 0001:0001cdf0       sf_debug_check_for_state_inconsistency 000000018001ddf0 f   sfc_debug:sfcdebug.obj
 0001:0001ce20       sf_debug_cycle_detecton_error 000000018001de20 f   sfc_debug:sfcdebug.obj
 0001:0001d610       sf_debug_size_eq_check_1d  000000018001e610 f   sfc_debug:sfcdebug.obj
 0001:0001d630       sf_debug_size_eq_check_nd  000000018001e630 f   sfc_debug:sfcdebug.obj
 0001:0001d810       sf_debug_dim_size_eq_check 000000018001e810 f   sfc_debug:sfcdebug.obj
 0001:0001d840       sf_debug_dim_size_geq_check 000000018001e840 f   sfc_debug:sfcdebug.obj
 0001:0001d870       sf_debug_sub_assign_size_check_nd 000000018001e870 f   sfc_debug:sfcdebug.obj
 0001:0001dab0       sf_debug_matrix_matrix_index_check 000000018001eab0 f   sfc_debug:sfcdebug.obj
 0001:0001dae0       sf_debug_vector_vector_index_check 000000018001eae0 f   sfc_debug:sfcdebug.obj
 0001:0001db10       sf_debug_runtime_error_msgid 000000018001eb10 f   sfc_debug:sfcdebug.obj
 0001:0001dba0       sf_debug_data_array_bounds_error_check 000000018001eba0 f   sfc_debug:sfcdebug.obj
 0001:0001dcb0       sf_debug_eml_data_array_bounds_error_check 000000018001ecb0 f   sfc_debug:sfcdebug.obj
 0001:0001e190       sf_debug_integer_check     000000018001f190 f   sfc_debug:sfcdebug.obj
 0001:0001e270       sf_debug_not_nan_check     000000018001f270 f   sfc_debug:sfcdebug.obj
 0001:0001e330       sf_debug_non_negative_check 000000018001f330 f   sfc_debug:sfcdebug.obj
 0001:0001e3f0       sf_debug_overflow_detection 000000018001f3f0 f   sfc_debug:sfcdebug.obj
 0001:0001eae0       sf_debug_cast_to_real32_T  000000018001fae0 f   sfc_debug:sfcdebug.obj
 0001:0001eba0       sf_debug_cast_to_int8_T    000000018001fba0 f   sfc_debug:sfcdebug.obj
 0001:0001ec60       sf_debug_cast_to_uint8_T   000000018001fc60 f   sfc_debug:sfcdebug.obj
 0001:0001ed20       sf_debug_cast_to_int16_T   000000018001fd20 f   sfc_debug:sfcdebug.obj
 0001:0001ede0       sf_debug_cast_to_uint16_T  000000018001fde0 f   sfc_debug:sfcdebug.obj
 0001:0001eea0       sf_debug_cast_to_int32_T   000000018001fea0 f   sfc_debug:sfcdebug.obj
 0001:0001ef60       sf_debug_cast_to_uint32_T  000000018001ff60 f   sfc_debug:sfcdebug.obj
 0001:0001f020       sf_debug_data_range_error  0000000180020020 f   sfc_debug:sfcdebug.obj
 0001:0001f4a0       sf_debug_data_range_error_wrapper_min_max 00000001800204a0 f   sfc_debug:sfcdebug.obj
 0001:0001f590       sf_debug_data_range_error_wrapper_min 0000000180020590 f   sfc_debug:sfcdebug.obj
 0001:0001f670       sf_debug_data_range_error_wrapper_max 0000000180020670 f   sfc_debug:sfcdebug.obj
 0001:0001f750       sf_debug_data_range_wrapper 0000000180020750 f   sfc_debug:sfcdebug.obj
 0001:0001f800       sf_debug_set_current_status_info 0000000180020800 f   sfc_debug:sfcdebug.obj
 0001:0001fbb0       sf_debug_call              0000000180020bb0 f   sfc_debug:sfcdebug.obj
 0001:00020a70       sf_debug_initialize_machine 0000000180021a70 f   sfc_debug:sfcdebug.obj
 0001:00020d80       sf_debug_initialize_chart  0000000180021d80 f   sfc_debug:sfcdebug.obj
 0001:00021260       sf_debug_ensure_script     0000000180022260 f   sfc_debug:sfcdebug.obj
 0001:00021320       cv_script_init_script      0000000180022320 f   sfc_debug:sfcdebug.obj
 0001:00021400       cv_script_init_fcn         0000000180022400 f   sfc_debug:sfcdebug.obj
 0001:000214b0       cv_script_init_testobjective 00000001800224b0 f   sfc_debug:sfcdebug.obj
 0001:00021560       cv_script_init_if          0000000180022560 f   sfc_debug:sfcdebug.obj
 0001:00021610       cv_script_init_for         0000000180022610 f   sfc_debug:sfcdebug.obj
 0001:000216c0       cv_script_init_while       00000001800226c0 f   sfc_debug:sfcdebug.obj
 0001:00021770       cv_script_init_mcdc        0000000180022770 f   sfc_debug:sfcdebug.obj
 0001:00021870       cv_script_init_switch      0000000180022870 f   sfc_debug:sfcdebug.obj
 0001:00021950       cv_script_eval             0000000180022950 f   sfc_debug:sfcdebug.obj
 0001:00021a30       eml_debug_line_call        0000000180022a30 f   sfc_debug:sfcdebug.obj
 0001:00021be0       sf_debug_terminate         0000000180022be0 f   sfc_debug:sfcdebug.obj
 0001:00021d50       sf_debug_set_script_cv_ids 0000000180022d50 f   sfc_debug:sfcdebug.obj
 0001:00021f20       sf_debug_api               0000000180022f20 f   sfc_debug:sfc_api.obj
 0001:00023750       sf_debug_sm_terminate      0000000180024750 f   sfc_debug:sfdb_animation.obj
 0001:00023910       sf_debug_reset_path_objects 0000000180024910 f   sfc_debug:sfdb_animation.obj
 0001:00023990       sf_debug_sm_reset_object_selection_status 0000000180024990 f   sfc_debug:sfdb_animation.obj
 0001:00023a30       sf_debug_sm_reset_state_buffer 0000000180024a30 f   sfc_debug:sfdb_animation.obj
 0001:00023b00       sf_debug_sm_store_state_buffer 0000000180024b00 f   sfc_debug:sfdb_animation.obj
 0001:00023b80       sf_debug_sm_restore_state_buffer1 0000000180024b80 f   sfc_debug:sfdb_animation.obj
 0001:00023bf0       sf_debug_sm_restore_state_buffer2 0000000180024bf0 f   sfc_debug:sfdb_animation.obj
 0001:00023c60       sf_debug_sm_chart_active   0000000180024c60 f   sfc_debug:sfdb_animation.obj
 0001:00023cb0       sf_debug_sm_select_active_objects 0000000180024cb0 f   sfc_debug:sfdb_animation.obj
 0001:00024160       sf_debug_sm_is_chart_active 0000000180025160 f   sfc_debug:sfdb_animation.obj
 0001:000241a0       sf_debug_sm_is_state_active 00000001800251a0 f   sfc_debug:sfdb_animation.obj
 0001:000243e0       sf_debug_sm_get_active_states 00000001800253e0 f   sfc_debug:sfdb_animation.obj
 0001:000249a0       sf_debug_sm_initialize_instance 00000001800259a0 f   sfc_debug:sfdb_animation.obj
 0001:00024bf0       sf_debug_sm_change_object_selection_status 0000000180025bf0 f   sfc_debug:sfdb_animation.obj
 0001:00024ee0       cv_create_interface        0000000180025ee0 f   sfc_debug:cv_sfinterface.obj
 0001:00025240       cv_init_trans              0000000180026240 f   sfc_debug:cv_sfinterface.obj
 0001:00025290       cv_init_state              0000000180026290 f   sfc_debug:cv_sfinterface.obj
 0001:00025300       cv_init_chart              0000000180026300 f   sfc_debug:cv_sfinterface.obj
 0001:00025350       cv_dec_update_call         0000000180026350 f   sfc_debug:cv_sfinterface.obj
 0001:00025390       cv_cond_update_call        0000000180026390 f   sfc_debug:cv_sfinterface.obj
 0001:000253d0       cv_sigrange_update         00000001800263d0 f   sfc_debug:cv_sfinterface.obj
 0001:00025410       cvsf_eml_eval              0000000180026410 f   sfc_debug:cv_sfinterface.obj
 0001:000254f0       cvsf_eml_init_script       00000001800264f0 f   sfc_debug:cv_sfinterface.obj
 0001:00025570       cvsf_eml_init_fcn          0000000180026570 f   sfc_debug:cv_sfinterface.obj
 0001:000255d0       cvsf_eml_init_testobjective 00000001800265d0 f   sfc_debug:cv_sfinterface.obj
 0001:00025630       cvsf_eml_init_if           0000000180026630 f   sfc_debug:cv_sfinterface.obj
 0001:00025690       cvsf_eml_init_for          0000000180026690 f   sfc_debug:cv_sfinterface.obj
 0001:000256e0       cvsf_eml_init_while        00000001800266e0 f   sfc_debug:cv_sfinterface.obj
 0001:00025730       cvsf_eml_init_mcdc         0000000180026730 f   sfc_debug:cv_sfinterface.obj
 0001:000257c0       cvsf_eml_init_switch       00000001800267c0 f   sfc_debug:cv_sfinterface.obj
 0001:00025830       cvsf_script_eval           0000000180026830 f   sfc_debug:cv_sfinterface.obj
 0001:00025910       cvsf_script_init_script    0000000180026910 f   sfc_debug:cv_sfinterface.obj
 0001:00025990       cvsf_script_init_fcn       0000000180026990 f   sfc_debug:cv_sfinterface.obj
 0001:000259f0       cvsf_script_init_testobjective 00000001800269f0 f   sfc_debug:cv_sfinterface.obj
 0001:00025a50       cvsf_script_init_if        0000000180026a50 f   sfc_debug:cv_sfinterface.obj
 0001:00025ab0       cvsf_script_init_for       0000000180026ab0 f   sfc_debug:cv_sfinterface.obj
 0001:00025b00       cvsf_script_init_while     0000000180026b00 f   sfc_debug:cv_sfinterface.obj
 0001:00025b50       cvsf_script_init_mcdc      0000000180026b50 f   sfc_debug:cv_sfinterface.obj
 0001:00025be0       cvsf_script_init_switch    0000000180026be0 f   sfc_debug:cv_sfinterface.obj
 0001:00025c50       cv_destroy_interface       0000000180026c50 f   sfc_debug:cv_sfinterface.obj
 0001:00025c70       cv_create_instance_objects 0000000180026c70 f   sfc_debug:cv_sfinterface.obj
 0001:00026120       cv_is_enabled              0000000180027120 f   sfc_debug:cv_sfinterface.obj
 0001:00026130       sf_debug_cv_initialize_script 0000000180027130 f   sfc_debug:cv_sfinterface.obj
 0001:000262e0       sf_debug_cv_initialize_instance 00000001800272e0 f   sfc_debug:cv_sfinterface.obj
 0001:00026680       sf_debug_cv_terminate_chart 0000000180027680 f   sfc_debug:cv_sfinterface.obj
 0001:000267c0       cv_call_trans_test         00000001800277c0 f   sfc_debug:cv_sfinterface.obj
 0001:000267d0       cv_call_sub_cond_test      00000001800277d0 f   sfc_debug:cv_sfinterface.obj
 0001:00026900       sf_debug_hm_initialize_instance 0000000180027900 f   sfc_debug:sfdb_handle_management.obj
 0001:00026e80       sf_debug_hm_get_object_id  0000000180027e80 f   sfc_debug:sfdb_handle_management.obj
 0001:00028df0       sf_debug_object_is_eml_function 0000000180029df0 f   sfc_debug:sfdb_handle_management.obj
 0001:00028e60       sf_debug_hm_initialize_ids_in_machine 0000000180029e60 f   sfc_debug:sfdb_handle_management.obj
 0001:00028fd0       sf_debug_hm_initialize_ids_in_chart 0000000180029fd0 f   sfc_debug:sfdb_handle_management.obj
 0001:00029110       sf_debug_hm_initialize_chart 000000018002a110 f   sfc_debug:sfdb_handle_management.obj
 0001:000298c0       sf_debug_hm_terminate      000000018002a8c0 f   sfc_debug:sfdb_handle_management.obj
 0001:00029920       sf_debug_hm_initialize_machine 000000018002a920 f   sfc_debug:sfdb_handle_management.obj
 0001:0002a0d0       sf_debug_st_initialize_machine 000000018002b0d0 f   sfc_debug:sfdb_data_browse.obj
 0001:0002a190       sf_debug_st_initialize_instance 000000018002b190 f   sfc_debug:sfdb_data_browse.obj
 0001:0002a3c0       sf_debug_st_terminate      000000018002b3c0 f   sfc_debug:sfdb_data_browse.obj
 0001:0002a760       sf_debug_st_set_data_value_ptr_in_machine 000000018002b760 f   sfc_debug:sfdb_data_browse.obj
 0001:0002a7f0       sf_debug_st_set_data_value_ptr_in_instance 000000018002b7f0 f   sfc_debug:sfdb_data_browse.obj
 0001:0002a8d0       sf_debug_st_unset_data_value_ptr_in_machine 000000018002b8d0 f   sfc_debug:sfdb_data_browse.obj
 0001:0002a940       sf_debug_st_unset_data_value_ptr_in_instance 000000018002b940 f   sfc_debug:sfdb_data_browse.obj
 0001:0002ac50       sf_debug_mx_value          000000018002bc50 f   sfc_debug:sfdb_data_browse.obj
 0001:0002acb0       sf_debug_mx_packed_vector  000000018002bcb0 f   sfc_debug:sfdb_data_browse.obj
 0001:0002ad90       sf_debug_mx_uint_vector    000000018002bd90 f   sfc_debug:sfdb_data_browse.obj
 0001:0002ae50       sf_debug_st_get_double_value_from_void_ptr_vector 000000018002be50 f   sfc_debug:sfdb_data_browse.obj
 0001:0002b940       sf_debug_st_browse_data    000000018002c940 f   sfc_debug:sfdb_data_browse.obj
 0001:0002c0e0       sf_debug_ss_initialize     000000018002d0e0 f   sfc_debug:sfdb_symbol_scope.obj
 0001:0002c100       sf_debug_ss_terminate      000000018002d100 f   sfc_debug:sfdb_symbol_scope.obj
 0001:0002c190       sf_debug_ss_push_symbol_scope 000000018002d190 f   sfc_debug:sfdb_symbol_scope.obj
 0001:0002c290       sf_debug_ss_push_symbol_scope_eml 000000018002d290 f   sfc_debug:sfdb_symbol_scope.obj
 0001:0002c2f0       sf_debug_ss_pop_symbol_scope 000000018002d2f0 f   sfc_debug:sfdb_symbol_scope.obj
 0001:0002c3a0       sf_debug_ss_add_symbol     000000018002d3a0 f   sfc_debug:sfdb_symbol_scope.obj
 0001:0002c500       sf_debug_ss_add_symbol_eml 000000018002d500 f   sfc_debug:sfdb_symbol_scope.obj
 0001:0002d1e0       sf_debug_ss_set_data_value 000000018002e1e0 f   sfc_debug:sfdb_symbol_scope.obj
 0001:0002d680       sf_debug_ss_watch_data     000000018002e680 f   sfc_debug:sfdb_symbol_scope.obj
 0001:0002d720       sf_debug_ss_assign_data    000000018002e720 f   sfc_debug:sfdb_symbol_scope.obj
 0001:0002e120       get_data_entry_name        000000018002f120 f   sfc_debug:sfdb_symbol_scope.obj
 0001:0002e170       sf_debug_ss_whos           000000018002f170 f   sfc_debug:sfdb_symbol_scope.obj
 0001:0002e880       sf_debug_cc_initialize_chart 000000018002f880 f   sfc_debug:sfdb_coverage.obj
 0001:0002f270       sf_debug_cc_initialize_instance 0000000180030270 f   sfc_debug:sfdb_coverage.obj
 0001:00030070       sf_debug_cc_terminate      0000000180031070 f   sfc_debug:sfdb_coverage.obj
 0001:00030160       sf_debug_cc_set_transition_maps 0000000180031160 f   sfc_debug:sfdb_coverage.obj
 0001:00030290       sf_debug_cc_set_state_maps 0000000180031290 f   sfc_debug:sfdb_coverage.obj
 0001:00030370       sf_debug_cc_set_transition_weights 0000000180031370 f   sfc_debug:sfdb_coverage.obj
 0001:00030640       sf_debug_cc_set_state_weights 0000000180031640 f   sfc_debug:sfdb_coverage.obj
 0001:00030910       sf_debug_cc_mark_transition_guard 0000000180031910 f   sfc_debug:sfdb_coverage.obj
 0001:000309a0       sf_debug_cc_mark_transition_trigger 00000001800319a0 f   sfc_debug:sfdb_coverage.obj
 0001:00030a30       sf_debug_cc_mark_transition_decision 0000000180031a30 f   sfc_debug:sfdb_coverage.obj
 0001:00030aa0       sf_debug_cc_mark_transition_condition_action 0000000180031aa0 f   sfc_debug:sfdb_coverage.obj
 0001:00030af0       sf_debug_cc_mark_transition_transition_action 0000000180031af0 f   sfc_debug:sfdb_coverage.obj
 0001:00030b40       sf_debug_cc_mark_state_entry 0000000180031b40 f   sfc_debug:sfdb_coverage.obj
 0001:00030b90       sf_debug_cc_mark_state_during 0000000180031b90 f   sfc_debug:sfdb_coverage.obj
 0001:00030be0       sf_debug_cc_mark_state_exit 0000000180031be0 f   sfc_debug:sfdb_coverage.obj
 0001:00031420       sf_debug_cc_get_coverage   0000000180032420 f   sfc_debug:sfdb_coverage.obj
 0001:000319c0       sf_debug_bm_clear_script_breakpoints 00000001800329c0 f   sfc_debug:sfdb_breakpoints.obj
 0001:000319f0       sf_debug_bm_set_script_breakpoint 00000001800329f0 f   sfc_debug:sfdb_breakpoints.obj
 0001:00031a70       sf_debug_bm_clear_single_script_breakpoint 0000000180032a70 f   sfc_debug:sfdb_breakpoints.obj
 0001:00031af0       sf_debug_bm_query_script_breakpoint 0000000180032af0 f   sfc_debug:sfdb_breakpoints.obj
 0001:00031b40       sf_debug_bm_initialize_scripts 0000000180032b40 f   sfc_debug:sfdb_breakpoints.obj
 0001:00032260       sf_debug_bm_terminate      0000000180033260 f   sfc_debug:sfdb_breakpoints.obj
 0001:00032550       sf_debug_bm_remove_all_breakpoints_in_machine 0000000180033550 f   sfc_debug:sfdb_breakpoints.obj
 0001:000325c0       sf_debug_bm_remove_all_breakpoints_in_chart 00000001800335c0 f   sfc_debug:sfdb_breakpoints.obj
 0001:00032710       sf_debug_bm_initialize_global_breakpoints 0000000180033710 f   sfc_debug:sfdb_breakpoints.obj
 0001:00032890       sf_debug_bm_set_breakpoint 0000000180033890 f   sfc_debug:sfdb_breakpoints.obj
 0001:00032ec0       sf_debug_bm_set_eml_breakpoint 0000000180033ec0 f   sfc_debug:sfdb_breakpoints.obj
 0001:00032f60       sf_debug_bm_initialize_machine_breakpoint_map 0000000180033f60 f   sfc_debug:sfdb_breakpoints.obj
 0001:00033380       sf_debug_bm_is_a_breakpoint 0000000180034380 f   sfc_debug:sfdb_breakpoints.obj
 0001:000338a0       sf_debug_bm_get_all_breakpoints_in_machine 00000001800348a0 f   sfc_debug:sfdb_breakpoints.obj
 0001:00033ba0       sf_debug_bm_get_all_breakpoints_in_chart 0000000180034ba0 f   sfc_debug:sfdb_breakpoints.obj
 0001:00034860       sf_debug_bm_initialize_machine 0000000180035860 f   sfc_debug:sfdb_breakpoints.obj
 0001:00034930       sf_debug_bm_initialize_chart 0000000180035930 f   sfc_debug:sfdb_breakpoints.obj
 0001:00034d50       sf_debug_sc_terminate      0000000180035d50 f   sfc_debug:sfdb_state_consistency.obj
 0001:00035080       sf_debug_sc_is_chart_consistent 0000000180036080 f   sfc_debug:sfdb_state_consistency.obj
 0001:00035330       sf_debug_sc_get_consistency_error_info 0000000180036330 f   sfc_debug:sfdb_state_consistency.obj
 0001:00035780       sf_debug_tm_terminate      0000000180036780 f   sfc_debug:sfdb_call_stack.obj
 0001:00035840       sf_debug_tm_push_chart_instance 0000000180036840 f   sfc_debug:sfdb_call_stack.obj
 0001:00035990       sf_debug_tm_pop_chart_instance 0000000180036990 f   sfc_debug:sfdb_call_stack.obj
 0001:000359f0       sf_debug_tm_push_trace_node 00000001800369f0 f   sfc_debug:sfdb_call_stack.obj
 0001:00035b80       sf_debug_tm_pop_trace_node 0000000180036b80 f   sfc_debug:sfdb_call_stack.obj
 0001:00035c00       sf_debug_tm_get_current_global_trace_index 0000000180036c00 f   sfc_debug:sfdb_call_stack.obj
 0001:00035c10       sf_debug_tm_get_current_local_trace_index 0000000180036c10 f   sfc_debug:sfdb_call_stack.obj
 0001:00035c40       sf_debug_tm_set_cycle_detected_flag 0000000180036c40 f   sfc_debug:sfdb_call_stack.obj
 0001:00035c80       sf_debug_tm_set_cycle_started_flag 0000000180036c80 f   sfc_debug:sfdb_call_stack.obj
 0001:00035cc0       sf_debug_tm_get_chart_number_from_stack 0000000180036cc0 f   sfc_debug:sfdb_call_stack.obj
 0001:00035ec0       sf_debug_tm_browse_trace   0000000180036ec0 f   sfc_debug:sfdb_call_stack.obj
 0001:00036200       sf_debug_cd_initialize_instance 0000000180037200 f   sfc_debug:sfdb_cycle_detection.obj
 0001:000364b0       sf_debug_cd_mark_processed_transition_in_instance 00000001800374b0 f   sfc_debug:sfdb_cycle_detection.obj
 0001:00036550       sf_debug_cd_checksum_push  0000000180037550 f   sfc_debug:sfdb_cycle_detection.obj
 0001:00036810       sf_debug_cd_checksum_pop   0000000180037810 f   sfc_debug:sfdb_cycle_detection.obj
 0001:00036880       sf_debug_cd_turn_off_cycle_detection 0000000180037880 f   sfc_debug:sfdb_cycle_detection.obj
 0001:000368d0       sf_debug_cd_terminate      00000001800378d0 f   sfc_debug:sfdb_cycle_detection.obj
 0001:00036b10       md5_initialize_state       0000000180037b10 f   sfc_debug:ckmd5.obj
 0001:00037580       md5_update_state           0000000180038580 f   sfc_debug:ckmd5.obj
 0001:000375a0       md5_get_hash               00000001800385a0 f   sfc_debug:ckmd5.obj
 0001:000375d0       md5_get_hash_for_a_single_string 00000001800385d0 f   sfc_debug:ckmd5.obj
 0001:00037634       mxGetPr                    0000000180038634 f   libmx:libmx.dll
 0001:0003763a       mxCreateDoubleScalar       000000018003863a f   libmx:libmx.dll
 0001:00037640       mxSetField_730             0000000180038640 f   libmx:libmx.dll
 0001:00037646       mxCreateDoubleMatrix_730   0000000180038646 f   libmx:libmx.dll
 0001:0003764c       mxCreateStructMatrix_730   000000018003864c f   libmx:libmx.dll
 0001:00037652       mxDestroyArray             0000000180038652 f   libmx:libmx.dll
 0001:00037658       mxCreateString             0000000180038658 f   libmx:libmx.dll
 0001:0003765e       mxDuplicateArray           000000018003865e f   libmx:libmx.dll
 0001:00037664       mxGetString_730            0000000180038664 f   libmx:libmx.dll
 0001:0003766a       mxIsChar                   000000018003866a f   libmx:libmx.dll
 0001:00037670       mxGetClassID               0000000180038670 f   libmx:libmx.dll
 0001:00037676       mxIsNumeric                0000000180038676 f   libmx:libmx.dll
 0001:0003767c       mxIsComplex                000000018003867c f   libmx:libmx.dll
 0001:00037682       mxGetN                     0000000180038682 f   libmx:libmx.dll
 0001:00037688       mxGetM                     0000000180038688 f   libmx:libmx.dll
 0001:0003768e       mxCalloc                   000000018003868e f   libmx:libmx.dll
 0001:00037694       mxGetScalar                0000000180038694 f   libmx:libmx.dll
 0001:0003769a       mxIsLogical                000000018003869a f   libmx:libmx.dll
 0001:000376a0       mxCreateDoubleMatrix_700   00000001800386a0 f   libmx:libmx.dll
 0001:000376a6       mxFree                     00000001800386a6 f   libmx:libmx.dll
 0001:000376ac       mxArrayToString            00000001800386ac f   libmx:libmx.dll
 0001:000376b2       mxCreateCellMatrix_700     00000001800386b2 f   libmx:libmx.dll
 0001:000376b8       mxSetCell_700              00000001800386b8 f   libmx:libmx.dll
 0001:000376be       mxGetCell_700              00000001800386be f   libmx:libmx.dll
 0001:000376c4       mxGetClassName             00000001800386c4 f   libmx:libmx.dll
 0001:000376ca       mxSetField_700             00000001800386ca f   libmx:libmx.dll
 0001:000376d0       mxAddField                 00000001800386d0 f   libmx:libmx.dll
 0001:000376d6       mxGetField_700             00000001800386d6 f   libmx:libmx.dll
 0001:000376dc       mxGetNumberOfElements      00000001800386dc f   libmx:libmx.dll
 0001:000376e2       mxIsStruct                 00000001800386e2 f   libmx:libmx.dll
 0001:000376e8       mxIsClass                  00000001800386e8 f   libmx:libmx.dll
 0001:000376ee       mxGetLogicals              00000001800386ee f   libmx:libmx.dll
 0001:000376f4       mxIsSparse                 00000001800386f4 f   libmx:libmx.dll
 0001:000376fa       mxSetFieldByNumber_700     00000001800386fa f   libmx:libmx.dll
 0001:00037700       mxGetFieldByNumber_700     0000000180038700 f   libmx:libmx.dll
 0001:00037706       mxGetFieldNameByNumber     0000000180038706 f   libmx:libmx.dll
 0001:0003770c       mxGetNumberOfFields        000000018003870c f   libmx:libmx.dll
 0001:00037712       mxCreateStructMatrix_700   0000000180038712 f   libmx:libmx.dll
 0001:00037718       mxGetFieldNumber           0000000180038718 f   libmx:libmx.dll
 0001:0003771e       mxIsNaN                    000000018003871e f   libmx:libmx.dll
 0001:00037724       mxIsEmpty                  0000000180038724 f   libmx:libmx.dll
 0001:0003772a       mxGetData                  000000018003872a f   libmx:libmx.dll
 0001:00037730       mxGetImagData              0000000180038730 f   libmx:libmx.dll
 0001:00037736       mxArrayClassIDName         0000000180038736 f   libmx:libmx.dll
 0001:0003773c       mxCreateNumericMatrix_700  000000018003873c f   libmx:libmx.dll
 0001:00037742       mxCreateStructArray_700    0000000180038742 f   libmx:libmx.dll
 0001:00037748       mxCalcSingleSubscript_700  0000000180038748 f   libmx:libmx.dll
 0001:0003774e       mxGetDimensions_700        000000018003874e f   libmx:libmx.dll
 0001:00037754       mxGetNumberOfDimensions_700 0000000180038754 f   libmx:libmx.dll
 0001:0003775a       mxCreateNumericArray_700   000000018003875a f   libmx:libmx.dll
 0001:00037760       mxGetElementSize           0000000180038760 f   libmx:libmx.dll
 0001:00037766       mxCreateStringFromNChars_700 0000000180038766 f   libmx:libmx.dll
 0001:0003776c       mxGetString_700            000000018003876c f   libmx:libmx.dll
 0001:00037772       mxIsLogicalScalarTrue      0000000180038772 f   libmx:libmx.dll
 0001:00037778       mxCreateLogicalScalar      0000000180038778 f   libmx:libmx.dll
 0001:0003777e       mexUnlock                  000000018003877e f   libmex:libmex.dll
 0001:00037784       mexIsLocked                0000000180038784 f   libmex:libmex.dll
 0001:0003778a       mexWarnMsgTxt              000000018003878a f   libmex:libmex.dll
 0001:00037790       mexCallMATLAB              0000000180038790 f   libmex:libmex.dll
 0001:00037796       mexErrMsgTxt               0000000180038796 f   libmex:libmex.dll
 0001:0003779c       mexSetTrapFlag             000000018003879c f   libmex:libmex.dll
 0001:000377a2       mexMakeArrayPersistent     00000001800387a2 f   libmex:libmex.dll
 0001:000377a8       mexPutVariable             00000001800387a8 f   libmex:libmex.dll
 0001:000377ae       mexGetVariable             00000001800387ae f   libmex:libmex.dll
 0001:000377b4       mexLock                    00000001800387b4 f   libmex:libmex.dll
 0001:000377ba       mexMakeMemoryPersistent    00000001800387ba f   libmex:libmex.dll
 0001:000377c0       mexFunctionName            00000001800387c0 f   libmex:libmex.dll
 0001:000377c6       ssRegisterDataTypeFxpFSlopeFixExpBias 00000001800387c6 f   libfixedpoint:libfixedpoint.dll
 0001:000377cc       utVSNprintf                00000001800387cc f   libut:libut.dll
 0001:000377d2       utCPUtime                  00000001800387d2 f   libut:libut.dll
 0001:000377d8       utFree                     00000001800387d8 f   libut:libut.dll
 0001:000377de       utMalloc                   00000001800387de f   libut:libut.dll
 0001:000377e4       muDoubleScalarAbs          00000001800387e4 f   libmwmathutil:libmwmathutil.dll
 0001:000377ea       emlrtCheckBuiltInCtxR2011a 00000001800387ea f   libemlrt:libemlrt.dll
 0001:000377f0       emlrtCheckVsBuiltInCtxR2011a 00000001800387f0 f   libemlrt:libemlrt.dll
 0001:000377f6       emlrtCheckEnumR2009a       00000001800387f6 f   libemlrt:libemlrt.dll
 0001:000377fc       emlrtCreateEnumR2010a      00000001800387fc f   libemlrt:libemlrt.dll
 0001:00037802       emlrtGetEnumElementR2009a  0000000180038802 f   libemlrt:libemlrt.dll
 0001:00037808       emlrtCreateReference       0000000180038808 f   libemlrt:libemlrt.dll
 0001:0003780e       emlrtImportVsFiArrayR2009b 000000018003880e f   libemlrt:libemlrt.dll
 0001:00037814       emlrtExtractMessageId      0000000180038814 f   libemlrt:libemlrt.dll
 0001:0003781a       emlrtTranslateMessageIDtoLCPstring 000000018003881a f   libemlrt:libemlrt.dll
 0001:00037820       emlrtGetEnumUnderlyingArrayR2009a 0000000180038820 f   libemlrt:libemlrt.dll
 0001:00037826       emlrtIsEnumR2009a          0000000180038826 f   libemlrt:libemlrt.dll
 0001:0003782c       __GSHandlerCheckCommon     000000018003882c f   MSVCRT:gshandler.obj
 0001:00037890       __GSHandlerCheck           0000000180038890 f   MSVCRT:gshandler.obj
 0001:000378ae       strlen                     00000001800388ae f   MSVCRT:MSVCR100.dll
 0001:000378d0       __security_check_cookie    00000001800388d0 f   MSVCRT:amdsecgs.obj
 0001:000378f0       memset                     00000001800388f0 f   MSVCRT:MSVCR100.dll
 0001:000378f6       malloc                     00000001800388f6 f   MSVCRT:MSVCR100.dll
 0001:000378fc       free                       00000001800388fc f   MSVCRT:MSVCR100.dll
 0001:00037902       strcmp                     0000000180038902 f   MSVCRT:MSVCR100.dll
 0001:00037908       sprintf                    0000000180038908 f   MSVCRT:MSVCR100.dll
 0001:0003790e       strcat                     000000018003890e f   MSVCRT:MSVCR100.dll
 0001:00037914       memcpy                     0000000180038914 f   MSVCRT:MSVCR100.dll
 0001:0003791c       NtCurrentTeb               000000018003891c f i MSVCRT:crtdll.obj
 0001:00037988       _CRT_INIT                  0000000180038988 f   MSVCRT:crtdll.obj
 0001:00037d20       _DllMainCRTStartup         0000000180038d20 f   MSVCRT:crtdll.obj
 0001:00037d5e       strncpy                    0000000180038d5e f   MSVCRT:MSVCR100.dll
 0001:00037d80       __chkstk                   0000000180038d80 f   MSVCRT:chkstk.obj
 0001:00037d80       _alloca_probe              0000000180038d80     MSVCRT:chkstk.obj
 0001:00037dce       longjmp                    0000000180038dce f   MSVCRT:MSVCR100.dll
 0001:00037dd4       strncmp                    0000000180038dd4 f   MSVCRT:MSVCR100.dll
 0001:00037dda       ceil                       0000000180038dda f   MSVCRT:MSVCR100.dll
 0001:00037de0       strrchr                    0000000180038de0 f   MSVCRT:MSVCR100.dll
 0001:00037de6       _setjmp                    0000000180038de6 f   MSVCRT:MSVCR100.dll
 0001:00037dec       calloc                     0000000180038dec f   MSVCRT:MSVCR100.dll
 0001:00037df2       realloc                    0000000180038df2 f   MSVCRT:MSVCR100.dll
 0001:00037df8       ldexp                      0000000180038df8 f   MSVCRT:MSVCR100.dll
 0001:00037e00       __report_gsfailure         0000000180038e00 f   MSVCRT:gs_report.obj
 0001:00037f4c       __clean_type_info_names    0000000180038f4c f   MSVCRT:tncleanup.obj
 0001:00037f58       _onexit                    0000000180038f58 f   MSVCRT:atonexit.obj
 0001:00038008       atexit                     0000000180039008 f   MSVCRT:atonexit.obj
 0001:00038020       _RTC_Initialize            0000000180039020 f   MSVCRT:_initsect_.obj
 0001:00038058       _RTC_Terminate             0000000180039058 f   MSVCRT:_initsect_.obj
 0001:00038090       _malloc_crt                0000000180039090 f   MSVCRT:MSVCR100.dll
 0001:000380a0       _ValidateImageBase         00000001800390a0 f   MSVCRT:pesect.obj
 0001:000380d0       _FindPESection             00000001800390d0 f   MSVCRT:pesect.obj
 0001:00038120       _IsNonwritableInCurrentImage 0000000180039120 f   MSVCRT:pesect.obj
 0001:00038162       _initterm                  0000000180039162 f   MSVCRT:MSVCR100.dll
 0001:00038168       _initterm_e                0000000180039168 f   MSVCRT:MSVCR100.dll
 0001:0003816e       _encoded_null              000000018003916e f   MSVCRT:MSVCR100.dll
 0001:00038174       _amsg_exit                 0000000180039174 f   MSVCRT:MSVCR100.dll
 0001:0003817a       __C_specific_handler       000000018003917a f   MSVCRT:MSVCR100.dll
 0001:00038180       __CppXcptFilter            0000000180039180 f   MSVCRT:MSVCR100.dll
 0001:00038188       DllMain                    0000000180039188 f   MSVCRT:dllmain.obj
 0001:000381ac       __security_init_cookie     00000001800391ac f   MSVCRT:gs_support.obj
 0001:00038260       __crt_debugger_hook        0000000180039260 f   MSVCRT:MSVCR100.dll
 0001:00038266       __clean_type_info_names_internal 0000000180039266 f   MSVCRT:MSVCR100.dll
 0001:0003826c       _unlock                    000000018003926c f   MSVCRT:MSVCR100.dll
 0001:00038272       __dllonexit                0000000180039272 f   MSVCRT:MSVCR100.dll
 0001:00038278       _lock                      0000000180039278 f   MSVCRT:MSVCR100.dll
 0001:0003827e       EncodePointer              000000018003927e f   kernel32:KERNEL32.dll
 0001:00038284       DecodePointer              0000000180039284 f   kernel32:KERNEL32.dll
 0001:0003828a       Sleep                      000000018003928a f   kernel32:KERNEL32.dll
 0001:00038290       TerminateProcess           0000000180039290 f   kernel32:KERNEL32.dll
 0001:00038296       GetCurrentProcess          0000000180039296 f   kernel32:KERNEL32.dll
 0001:0003829c       UnhandledExceptionFilter   000000018003929c f   kernel32:KERNEL32.dll
 0001:000382a2       SetUnhandledExceptionFilter 00000001800392a2 f   kernel32:KERNEL32.dll
 0001:000382a8       IsDebuggerPresent          00000001800392a8 f   kernel32:KERNEL32.dll
 0001:000382ae       RtlVirtualUnwind           00000001800392ae f   kernel32:KERNEL32.dll
 0001:000382b4       RtlLookupFunctionEntry     00000001800392b4 f   kernel32:KERNEL32.dll
 0001:000382ba       RtlCaptureContext          00000001800392ba f   kernel32:KERNEL32.dll
 0001:000382c0       DisableThreadLibraryCalls  00000001800392c0 f   kernel32:KERNEL32.dll
 0001:000382c6       QueryPerformanceCounter    00000001800392c6 f   kernel32:KERNEL32.dll
 0001:000382cc       GetTickCount               00000001800392cc f   kernel32:KERNEL32.dll
 0001:000382d2       GetCurrentThreadId         00000001800392d2 f   kernel32:KERNEL32.dll
 0001:000382d8       GetCurrentProcessId        00000001800392d8 f   kernel32:KERNEL32.dll
 0001:000382de       GetSystemTimeAsFileTime    00000001800392de f   kernel32:KERNEL32.dll
 0002:00000000       __imp_GetSystemTimeAsFileTime 000000018003a000     kernel32:KERNEL32.dll
 0002:00000008       __imp_GetCurrentProcessId  000000018003a008     kernel32:KERNEL32.dll
 0002:00000010       __imp_GetCurrentThreadId   000000018003a010     kernel32:KERNEL32.dll
 0002:00000018       __imp_GetTickCount         000000018003a018     kernel32:KERNEL32.dll
 0002:00000020       __imp_QueryPerformanceCounter 000000018003a020     kernel32:KERNEL32.dll
 0002:00000028       __imp_DisableThreadLibraryCalls 000000018003a028     kernel32:KERNEL32.dll
 0002:00000030       __imp_RtlCaptureContext    000000018003a030     kernel32:KERNEL32.dll
 0002:00000038       __imp_RtlLookupFunctionEntry 000000018003a038     kernel32:KERNEL32.dll
 0002:00000040       __imp_RtlVirtualUnwind     000000018003a040     kernel32:KERNEL32.dll
 0002:00000048       __imp_IsDebuggerPresent    000000018003a048     kernel32:KERNEL32.dll
 0002:00000050       __imp_SetUnhandledExceptionFilter 000000018003a050     kernel32:KERNEL32.dll
 0002:00000058       __imp_UnhandledExceptionFilter 000000018003a058     kernel32:KERNEL32.dll
 0002:00000060       __imp_GetCurrentProcess    000000018003a060     kernel32:KERNEL32.dll
 0002:00000068       __imp_TerminateProcess     000000018003a068     kernel32:KERNEL32.dll
 0002:00000070       __imp_Sleep                000000018003a070     kernel32:KERNEL32.dll
 0002:00000078       __imp_DecodePointer        000000018003a078     kernel32:KERNEL32.dll
 0002:00000080       __imp_EncodePointer        000000018003a080     kernel32:KERNEL32.dll
 0002:00000088       \177KERNEL32_NULL_THUNK_DATA 000000018003a088     kernel32:KERNEL32.dll
 0002:00000090       __imp__onexit              000000018003a090     MSVCRT:MSVCR100.dll
 0002:00000098       __imp__lock                000000018003a098     MSVCRT:MSVCR100.dll
 0002:000000a0       __imp___dllonexit          000000018003a0a0     MSVCRT:MSVCR100.dll
 0002:000000a8       __imp__unlock              000000018003a0a8     MSVCRT:MSVCR100.dll
 0002:000000b0       __imp___clean_type_info_names_internal 000000018003a0b0     MSVCRT:MSVCR100.dll
 0002:000000b8       __imp___crt_debugger_hook  000000018003a0b8     MSVCRT:MSVCR100.dll
 0002:000000c0       __imp___CppXcptFilter      000000018003a0c0     MSVCRT:MSVCR100.dll
 0002:000000c8       __imp___C_specific_handler 000000018003a0c8     MSVCRT:MSVCR100.dll
 0002:000000d0       __imp__amsg_exit           000000018003a0d0     MSVCRT:MSVCR100.dll
 0002:000000d8       __imp__encoded_null        000000018003a0d8     MSVCRT:MSVCR100.dll
 0002:000000e0       __imp__initterm_e          000000018003a0e0     MSVCRT:MSVCR100.dll
 0002:000000e8       __imp__initterm            000000018003a0e8     MSVCRT:MSVCR100.dll
 0002:000000f0       __imp__malloc_crt          000000018003a0f0     MSVCRT:MSVCR100.dll
 0002:000000f8       __imp_ldexp                000000018003a0f8     MSVCRT:MSVCR100.dll
 0002:00000100       __imp_realloc              000000018003a100     MSVCRT:MSVCR100.dll
 0002:00000108       __imp_calloc               000000018003a108     MSVCRT:MSVCR100.dll
 0002:00000110       __imp__setjmp              000000018003a110     MSVCRT:MSVCR100.dll
 0002:00000118       __imp_strrchr              000000018003a118     MSVCRT:MSVCR100.dll
 0002:00000120       __imp_ceil                 000000018003a120     MSVCRT:MSVCR100.dll
 0002:00000128       __imp_strncmp              000000018003a128     MSVCRT:MSVCR100.dll
 0002:00000130       __imp_longjmp              000000018003a130     MSVCRT:MSVCR100.dll
 0002:00000138       __imp_strncpy              000000018003a138     MSVCRT:MSVCR100.dll
 0002:00000140       __imp_memcpy               000000018003a140     MSVCRT:MSVCR100.dll
 0002:00000148       __imp_strcat               000000018003a148     MSVCRT:MSVCR100.dll
 0002:00000150       __imp_sprintf              000000018003a150     MSVCRT:MSVCR100.dll
 0002:00000158       __imp_strcmp               000000018003a158     MSVCRT:MSVCR100.dll
 0002:00000160       __imp_free                 000000018003a160     MSVCRT:MSVCR100.dll
 0002:00000168       __imp_malloc               000000018003a168     MSVCRT:MSVCR100.dll
 0002:00000170       __imp_memset               000000018003a170     MSVCRT:MSVCR100.dll
 0002:00000178       __imp_strlen               000000018003a178     MSVCRT:MSVCR100.dll
 0002:00000180       \177MSVCR100_NULL_THUNK_DATA 000000018003a180     MSVCRT:MSVCR100.dll
 0002:00000188       __imp_emlrtIsEnumR2009a    000000018003a188     libemlrt:libemlrt.dll
 0002:00000190       __imp_emlrtGetEnumUnderlyingArrayR2009a 000000018003a190     libemlrt:libemlrt.dll
 0002:00000198       __imp_emlrtTranslateMessageIDtoLCPstring 000000018003a198     libemlrt:libemlrt.dll
 0002:000001a0       __imp_emlrtExtractMessageId 000000018003a1a0     libemlrt:libemlrt.dll
 0002:000001a8       __imp_emlrtImportVsFiArrayR2009b 000000018003a1a8     libemlrt:libemlrt.dll
 0002:000001b0       __imp_emlrtCreateReference 000000018003a1b0     libemlrt:libemlrt.dll
 0002:000001b8       __imp_emlrtGetEnumElementR2009a 000000018003a1b8     libemlrt:libemlrt.dll
 0002:000001c0       __imp_emlrtCreateEnumR2010a 000000018003a1c0     libemlrt:libemlrt.dll
 0002:000001c8       __imp_emlrtCheckEnumR2009a 000000018003a1c8     libemlrt:libemlrt.dll
 0002:000001d0       __imp_emlrtCheckVsBuiltInCtxR2011a 000000018003a1d0     libemlrt:libemlrt.dll
 0002:000001d8       __imp_emlrtCheckBuiltInCtxR2011a 000000018003a1d8     libemlrt:libemlrt.dll
 0002:000001e0       \177libemlrt_NULL_THUNK_DATA 000000018003a1e0     libemlrt:libemlrt.dll
 0002:000001e8       __imp_ssRegisterDataTypeFxpFSlopeFixExpBias 000000018003a1e8     libfixedpoint:libfixedpoint.dll
 0002:000001f0       \177libfixedpoint_NULL_THUNK_DATA 000000018003a1f0     libfixedpoint:libfixedpoint.dll
 0002:000001f8       __imp_mexPutVariable       000000018003a1f8     libmex:libmex.dll
 0002:00000200       __imp_mexGetVariable       000000018003a200     libmex:libmex.dll
 0002:00000208       __imp_mexLock              000000018003a208     libmex:libmex.dll
 0002:00000210       __imp_mexMakeMemoryPersistent 000000018003a210     libmex:libmex.dll
 0002:00000218       __imp_mexFunctionName      000000018003a218     libmex:libmex.dll
 0002:00000220       __imp_mexMakeArrayPersistent 000000018003a220     libmex:libmex.dll
 0002:00000228       __imp_mexSetTrapFlag       000000018003a228     libmex:libmex.dll
 0002:00000230       __imp_mexIsLocked          000000018003a230     libmex:libmex.dll
 0002:00000238       __imp_mexWarnMsgTxt        000000018003a238     libmex:libmex.dll
 0002:00000240       __imp_mexUnlock            000000018003a240     libmex:libmex.dll
 0002:00000248       __imp_mexCallMATLAB        000000018003a248     libmex:libmex.dll
 0002:00000250       __imp_mexErrMsgTxt         000000018003a250     libmex:libmex.dll
 0002:00000258       \177libmex_NULL_THUNK_DATA 000000018003a258     libmex:libmex.dll
 0002:00000260       __imp_muDoubleScalarAbs    000000018003a260     libmwmathutil:libmwmathutil.dll
 0002:00000268       \177libmwmathutil_NULL_THUNK_DATA 000000018003a268     libmwmathutil:libmwmathutil.dll
 0002:00000270       __imp_mxCreateStructMatrix_730 000000018003a270     libmx:libmx.dll
 0002:00000278       __imp_mxSetField_730       000000018003a278     libmx:libmx.dll
 0002:00000280       __imp_mxCreateDoubleScalar 000000018003a280     libmx:libmx.dll
 0002:00000288       __imp_mxCreateDoubleMatrix_730 000000018003a288     libmx:libmx.dll
 0002:00000290       __imp_mxDestroyArray       000000018003a290     libmx:libmx.dll
 0002:00000298       __imp_mxCreateLogicalScalar 000000018003a298     libmx:libmx.dll
 0002:000002a0       __imp_mxIsLogicalScalarTrue 000000018003a2a0     libmx:libmx.dll
 0002:000002a8       __imp_mxGetString_700      000000018003a2a8     libmx:libmx.dll
 0002:000002b0       __imp_mxCreateStringFromNChars_700 000000018003a2b0     libmx:libmx.dll
 0002:000002b8       __imp_mxGetElementSize     000000018003a2b8     libmx:libmx.dll
 0002:000002c0       __imp_mxCreateNumericArray_700 000000018003a2c0     libmx:libmx.dll
 0002:000002c8       __imp_mxGetNumberOfDimensions_700 000000018003a2c8     libmx:libmx.dll
 0002:000002d0       __imp_mxGetDimensions_700  000000018003a2d0     libmx:libmx.dll
 0002:000002d8       __imp_mxCalcSingleSubscript_700 000000018003a2d8     libmx:libmx.dll
 0002:000002e0       __imp_mxCreateStructArray_700 000000018003a2e0     libmx:libmx.dll
 0002:000002e8       __imp_mxCreateNumericMatrix_700 000000018003a2e8     libmx:libmx.dll
 0002:000002f0       __imp_mxArrayClassIDName   000000018003a2f0     libmx:libmx.dll
 0002:000002f8       __imp_mxGetImagData        000000018003a2f8     libmx:libmx.dll
 0002:00000300       __imp_mxGetData            000000018003a300     libmx:libmx.dll
 0002:00000308       __imp_mxIsEmpty            000000018003a308     libmx:libmx.dll
 0002:00000310       __imp_mxIsNaN              000000018003a310     libmx:libmx.dll
 0002:00000318       __imp_mxGetFieldNumber     000000018003a318     libmx:libmx.dll
 0002:00000320       __imp_mxCreateStructMatrix_700 000000018003a320     libmx:libmx.dll
 0002:00000328       __imp_mxGetNumberOfFields  000000018003a328     libmx:libmx.dll
 0002:00000330       __imp_mxGetFieldNameByNumber 000000018003a330     libmx:libmx.dll
 0002:00000338       __imp_mxGetFieldByNumber_700 000000018003a338     libmx:libmx.dll
 0002:00000340       __imp_mxSetFieldByNumber_700 000000018003a340     libmx:libmx.dll
 0002:00000348       __imp_mxIsSparse           000000018003a348     libmx:libmx.dll
 0002:00000350       __imp_mxGetLogicals        000000018003a350     libmx:libmx.dll
 0002:00000358       __imp_mxIsClass            000000018003a358     libmx:libmx.dll
 0002:00000360       __imp_mxIsStruct           000000018003a360     libmx:libmx.dll
 0002:00000368       __imp_mxGetNumberOfElements 000000018003a368     libmx:libmx.dll
 0002:00000370       __imp_mxGetField_700       000000018003a370     libmx:libmx.dll
 0002:00000378       __imp_mxAddField           000000018003a378     libmx:libmx.dll
 0002:00000380       __imp_mxSetField_700       000000018003a380     libmx:libmx.dll
 0002:00000388       __imp_mxGetClassName       000000018003a388     libmx:libmx.dll
 0002:00000390       __imp_mxGetCell_700        000000018003a390     libmx:libmx.dll
 0002:00000398       __imp_mxSetCell_700        000000018003a398     libmx:libmx.dll
 0002:000003a0       __imp_mxCreateCellMatrix_700 000000018003a3a0     libmx:libmx.dll
 0002:000003a8       __imp_mxArrayToString      000000018003a3a8     libmx:libmx.dll
 0002:000003b0       __imp_mxFree               000000018003a3b0     libmx:libmx.dll
 0002:000003b8       __imp_mxCreateDoubleMatrix_700 000000018003a3b8     libmx:libmx.dll
 0002:000003c0       __imp_mxIsLogical          000000018003a3c0     libmx:libmx.dll
 0002:000003c8       __imp_mxGetScalar          000000018003a3c8     libmx:libmx.dll
 0002:000003d0       __imp_mxCalloc             000000018003a3d0     libmx:libmx.dll
 0002:000003d8       __imp_mxGetM               000000018003a3d8     libmx:libmx.dll
 0002:000003e0       __imp_mxGetN               000000018003a3e0     libmx:libmx.dll
 0002:000003e8       __imp_mxIsComplex          000000018003a3e8     libmx:libmx.dll
 0002:000003f0       __imp_mxIsNumeric          000000018003a3f0     libmx:libmx.dll
 0002:000003f8       __imp_mxGetClassID         000000018003a3f8     libmx:libmx.dll
 0002:00000400       __imp_mxIsChar             000000018003a400     libmx:libmx.dll
[...]
 0001:0000fa80       _ml_generic_castability_check 0000000180010a80 f   sfc_mex:sfc_mex.obj
 0001:000107e0       ml_generic_castability_check 00000001800117e0 f   sfc_mex:sfc_mex.obj
 0001:00010880       ml_check_mx_array_for_single_castability 0000000180011880 f   sfc_mex:sfc_mex.obj
 0001:00010920       ml_check_mx_array_for_logical_castability 0000000180011920 f   sfc_mex:sfc_mex.obj
 0001:000109c0       ml_check_mx_array_for_int8_castability 00000001800119c0 f   sfc_mex:sfc_mex.obj
 0001:00010a70       ml_check_mx_array_for_uint8_castability 0000000180011a70 f   sfc_mex:sfc_mex.obj
 0001:00010ad0       ml_check_mx_array_for_int16_castability 0000000180011ad0 f   sfc_mex:sfc_mex.obj
 0001:00010b30       ml_check_mx_array_for_uint16_castability 0000000180011b30 f   sfc_mex:sfc_mex.obj
 0001:00010b90       ml_check_mx_array_for_int32_castability 0000000180011b90 f   sfc_mex:sfc_mex.obj
 0001:00010bf0       ml_check_mx_array_for_uint32_castability 0000000180011bf0 f   sfc_mex:sfc_mex.obj
 0001:00010c50       ml_check_mx_array_for_castability 0000000180011c50 f   sfc_mex:sfc_mex.obj
 0001:00011580       set_data_value             0000000180012580 f   sfc_mex:sfc_mex.obj
 0001:000118f0       get_data_value             00000001800128f0 f   sfc_mex:sfc_mex.obj
 0001:00011a00       get_next_element_address   0000000180012a00 f   sfc_mex:sfc_mex.obj
 0001:00011ad0       sf_normalize_index         0000000180012ad0 f   sfc_mex:sfc_mex.obj
 0001:00011e60       ml_array_index_bound_check 0000000180012e60 f   sfc_mex:sfc_mex.obj
 0001:00012980       mx_value                   0000000180013980 f   sfc_mex:sfc_mex.obj
 0001:000129d0       sf_create_numeric_array    00000001800139d0 f   sfc_mex:sfc_mex.obj
 0001:00012a70       sf_mex_assign_to_mx_array  0000000180013a70 f   sfc_mex:sfc_mex.obj
 0001:00012dc0       assign_from_mx_array       0000000180013dc0 f   sfc_mex:sfc_mex.obj
 0001:000135f0       sf_mex_import_v            00000001800145f0 f   sfc_mex:sfc_mex.obj
 0001:00013bc0       get_machine_and_chart_file_number 0000000180014bc0 f   sfc_mex:sfc_sf.obj
 0001:00013cb0       get_sfun_block_specialization 0000000180014cb0 f   sfc_mex:sfc_sf.obj
 0001:00013d30       call_sf_machine_global_method_dispatcher 0000000180014d30 f   sfc_mex:sfc_sf.obj
 0001:00013f60       mdl_zeroCrossings_processing 0000000180014f60 f   sfc_mex:sfc_sf.obj
 0001:00014030       mdl_derivatives_processing 0000000180015030 f   sfc_mex:sfc_sf.obj
 0001:000142f0       mdl_outputs_continuous_legacy 00000001800152f0 f   sfc_mex:sfc_sf.obj
 0001:00014370       mdl_outputs_processing     0000000180015370 f   sfc_mex:sfc_sf.obj
 0001:000145a0       mdl_enable_processing      00000001800155a0 f   sfc_mex:sfc_sf.obj
 0001:00014670       mdl_disable_processing     0000000180015670 f   sfc_mex:sfc_sf.obj
 0001:00014fc0       write_symbol_mapping       0000000180015fc0 f   sfc_mex:sfc_sf.obj
 0001:000156e0       sf_call_output_fcn_enable_disable 00000001800166e0 f   sfc_mex:sfc_sf.obj
 0001:00015960       set_dwork_information_from_mx_array 0000000180016960 f   sfc_mex:sfc_sf.obj
 0001:00016250       ptr2mxStruct               0000000180017250 f   sfc_mex:sfc_sf.obj
 0001:00016560       SNPRINTF_WRAPPER           0000000180017560 f   sfc_debug:sfcdebug.obj
 0001:00016580       sf_debug_chart_instance_initialized_quick 0000000180017580 f   sfc_debug:sfcdebug.obj
 0001:00016590       sf_debug_chart_instance_initialized 0000000180017590 f   sfc_debug:sfcdebug.obj
 0001:00016730       sfrtAddSize                0000000180017730 f   sfc_debug:sfcdebug.obj
 0001:000167f0       sfrtGenSizeString          00000001800177f0 f   sfc_debug:sfcdebug.obj
 0001:00016f00       sf_debug_sim_status_listener 0000000180017f00 f   sfc_debug:sfcdebug.obj
 0001:00017470       sf_debug_form_mask_bits    0000000180018470 f   sfc_debug:sfcdebug.obj
 0001:000174b0       sf_debug_form_sf_data_type_offsets 00000001800184b0 f   sfc_debug:sfcdebug.obj
 0001:00017570       sf_debug_free_all          0000000180018570 f   sfc_debug:sfcdebug.obj
 0001:000176f0       sf_debug_append_debugger_context 00000001800186f0 f   sfc_debug:sfcdebug.obj
 0001:000179b0       local_strdup               00000001800189b0 f   sfc_debug:sfcdebug.obj
 0001:00018890       sf_debug_em_terminate      0000000180019890 f   sfc_debug:sfcdebug.obj
 0001:000188d0       sf_debug_push_eml_function 00000001800198d0 f   sfc_debug:sfcdebug.obj
 0001:00018970       sf_debug_pop_eml_function  0000000180019970 f   sfc_debug:sfcdebug.obj
 0001:00019670       sf_debug_get_machine_number_from_id_or_name 000000018001a670 f   sfc_debug:sfcdebug.obj
 0001:000197c0       sf_debug_get_chart_number_from_id 000000018001a7c0 f   sfc_debug:sfcdebug.obj
 0001:0001a430       sf_debug_transfer_control_to_debugger_GUI 000000018001b430 f   sfc_debug:sfcdebug.obj
 0001:0001b3d0       sf_debug_scripts_rehash    000000018001c3d0 f   sfc_debug:sfcdebug.obj
 0001:0001b610       sf_debug_get_script_line_count 000000018001c610 f   sfc_debug:sfcdebug.obj
 0001:0001bd20       cv_eml_state_cvId          000000018001cd20 f   sfc_debug:sfcdebug.obj
 0001:0001cf40       sf_debug_data_array_bounds_error 000000018001df40 f   sfc_debug:sfcdebug.obj
 0001:0001d370       eml_debug_runtime_error_doclink 000000018001e370 f   sfc_debug:sfcdebug.obj
 0001:0001d4f0       sf_debug_runtime_error     000000018001e4f0 f   sfc_debug:sfcdebug.obj
 0001:0001d560       sf_debug_matlab_error      000000018001e560 f   sfc_debug:sfcdebug.obj
 0001:0001de10       sf_debug_data_value_error  000000018001ee10 f   sfc_debug:sfcdebug.obj
 0001:0001e710       sf_debug_data_loss_error   000000018001f710 f   sfc_debug:sfcdebug.obj
 0001:0001f370       call_cv_range_check        0000000180020370 f   sfc_debug:sfcdebug.obj
 0001:0001fb40       sf_debug_invoke_cycle_detection_code 0000000180020b40 f   sfc_debug:sfcdebug.obj
 0001:000209b0       sf_reset_debug_info_struct 00000001800219b0 f   sfc_debug:sfcdebug.obj
 0001:000212a0       cv_script_cvId             00000001800222a0 f   sfc_debug:sfcdebug.obj
 0001:00022090       sfc_api_chart_visible      0000000180023090 f   sfc_debug:sfc_api.obj
 0001:00022110       sfc_api_active_instance    0000000180023110 f   sfc_debug:sfc_api.obj
 0001:00022190       sfc_api_machine_load       0000000180023190 f   sfc_debug:sfc_api.obj
 0001:00022260       sfc_api_debugger_alive     0000000180023260 f   sfc_debug:sfc_api.obj
 0001:00022270       sfc_api_go                 0000000180023270 f   sfc_debug:sfc_api.obj
 0001:00022280       sfc_api_step_over          0000000180023280 f   sfc_debug:sfc_api.obj
 0001:00022290       sfc_api_step_out           0000000180023290 f   sfc_debug:sfc_api.obj
 0001:000222a0       sfc_api_resume             00000001800232a0 f   sfc_debug:sfc_api.obj
 0001:000222b0       sfc_api_break              00000001800232b0 f   sfc_debug:sfc_api.obj
 0001:000222c0       sfc_api_stop_debugging     00000001800232c0 f   sfc_debug:sfc_api.obj
 0001:00022310       sfc_api_is_cycle_detected  0000000180023310 f   sfc_debug:sfc_api.obj
 0001:00022360       sfc_api_is_array_bounds_detected 0000000180023360 f   sfc_debug:sfc_api.obj
 0001:000223b0       sfc_api_set_disable_all_breakpoints 00000001800233b0 f   sfc_debug:sfc_api.obj
 0001:00022420       sfc_api_disable_all_breakpoints_and_go 0000000180023420 f   sfc_debug:sfc_api.obj
 0001:00022430       sfc_api_close              0000000180023430 f   sfc_debug:sfc_api.obj
 0001:00022440       sfc_api_browse_data        0000000180023440 f   sfc_debug:sfc_api.obj
 0001:000224b0       sfc_api_watch_data         00000001800234b0 f   sfc_debug:sfc_api.obj
 0001:00022550       sfc_api_assign_data        0000000180023550 f   sfc_debug:sfc_api.obj
 0001:000225f0       sfc_api_whos               00000001800235f0 f   sfc_debug:sfc_api.obj
 0001:00022680       sfc_api_get_consistency_info 0000000180023680 f   sfc_debug:sfc_api.obj
 0001:00022690       sfc_api_browse_trace       0000000180023690 f   sfc_debug:sfc_api.obj
 0001:000226a0       sfc_api_break_on_chart_entry 00000001800236a0 f   sfc_debug:sfc_api.obj
 0001:000226c0       sfc_api_break_on_event_broadcast 00000001800236c0 f   sfc_debug:sfc_api.obj
 0001:000226e0       sfc_api_break_on_state_entry 00000001800236e0 f   sfc_debug:sfc_api.obj
 0001:00022700       sfc_api_set_watch          0000000180023700 f   sfc_debug:sfc_api.obj
 0001:000227a0       sfc_api_set_breakpoints    00000001800237a0 f   sfc_debug:sfc_api.obj
 0001:00022840       sfc_api_set_eml_breakpoints 0000000180023840 f   sfc_debug:sfc_api.obj
 0001:000228c0       sfc_api_set_script_breakpoints 00000001800238c0 f   sfc_debug:sfc_api.obj
 0001:00022910       sfc_api_add_script_breakpoints 0000000180023910 f   sfc_debug:sfc_api.obj
 0001:00022960       sfc_api_clear_script_breakpoints 0000000180023960 f   sfc_debug:sfc_api.obj
 0001:000229b0       sfc_api_query_script_breakpoints 00000001800239b0 f   sfc_debug:sfc_api.obj
 0001:00022a10       sfc_api_get_script_id      0000000180023a10 f   sfc_debug:sfc_api.obj
 0001:00022ad0       sfc_api_get_active_states  0000000180023ad0 f   sfc_debug:sfc_api.obj
 0001:00022b50       sfc_api_break_between_times 0000000180023b50 f   sfc_debug:sfc_api.obj
 0001:00022bb0       sfc_api_get_instance_handle 0000000180023bb0 f   sfc_debug:sfc_api.obj
 0001:00022c60       sfc_api_get_coverage       0000000180023c60 f   sfc_debug:sfc_api.obj
 0001:00022ce0       sfc_api_set_animation      0000000180023ce0 f   sfc_debug:sfc_api.obj
 0001:00022d30       sfc_api_select_chart       0000000180023d30 f   sfc_debug:sfc_api.obj
 0001:00022d90       sfc_api_select_charts      0000000180023d90 f   sfc_debug:sfc_api.obj
 0001:00022dc0       sfc_api_cycle_detection_check 0000000180023dc0 f   sfc_debug:sfc_api.obj
 0001:00022e10       sfc_api_data_range_check   0000000180023e10 f   sfc_debug:sfc_api.obj
 0001:00022e60       sfc_api_transition_conflict_check 0000000180023e60 f   sfc_debug:sfc_api.obj
 0001:00022eb0       sfc_api_state_consistency_check 0000000180023eb0 f   sfc_debug:sfc_api.obj
 0001:00022f00       sfc_api_set_instance_cv_ids 0000000180023f00 f   sfc_debug:sfc_api.obj
 0001:00023010       sfc_api_set_script_cv_ids  0000000180024010 f   sfc_debug:sfc_api.obj
 0001:000230b0       sfc_api_get_current_machine_id 00000001800240b0 f   sfc_debug:sfc_api.obj
 0001:000230e0       sfc_api_get_current_machine_number 00000001800240e0 f   sfc_debug:sfc_api.obj
 0001:00023110       sfc_api_get_current_chart_number 0000000180024110 f   sfc_debug:sfc_api.obj
 0001:00023140       sfc_api_get_current_instance_number 0000000180024140 f   sfc_debug:sfc_api.obj
 0001:00023170       sfc_api_get_current_instance_handle 0000000180024170 f   sfc_debug:sfc_api.obj
 0001:00023190       sfc_api_get_current_is_minor_time_step 0000000180024190 f   sfc_debug:sfc_api.obj
 0001:000231c0       sfc_api_get_current_machine_name 00000001800241c0 f   sfc_debug:sfc_api.obj
 0001:000231e0       sfc_api_get_current_chart_id 00000001800241e0 f   sfc_debug:sfc_api.obj
 0001:00023210       sfc_api_get_current_object_type 0000000180024210 f   sfc_debug:sfc_api.obj
 0001:00023240       sfc_api_get_current_event_type 0000000180024240 f   sfc_debug:sfc_api.obj
 0001:00023270       sfc_api_get_current_object_id 0000000180024270 f   sfc_debug:sfc_api.obj
 0001:000232a0       sfc_get_current_active_event_type 00000001800242a0 f   sfc_debug:sfc_api.obj
 0001:000232d0       sfc_api_get_current_active_event_id 00000001800242d0 f   sfc_debug:sfc_api.obj
 0001:00023300       sfc_api_get_current_simulation_time 0000000180024300 f   sfc_debug:sfc_api.obj
 0001:00023320       sfc_get_current_tag_type   0000000180024320 f   sfc_debug:sfc_api.obj
 0001:00023350       sfc_get_current_coverage_percentage 0000000180024350 f   sfc_debug:sfc_api.obj
 0001:00023370       sfc_get_current_statement_context 0000000180024370 f   sfc_debug:sfc_api.obj
 0001:00023390       sfc_get_current_optional_integer 0000000180024390 f   sfc_debug:sfc_api.obj
 0001:000233c0       sfc_get_current_statement_info 00000001800243c0 f   sfc_debug:sfc_api.obj
 0001:00023460       sfc_api_get                0000000180024460 f   sfc_debug:sfc_api.obj
 0001:000235c0       sf_debug_sm_is_using_unified_editors 00000001800245c0 f   sfc_debug:sfdb_animation.obj
 0001:00023660       sf_debug_sm_is_chart_visible_in_unified_editors 0000000180024660 f   sfc_debug:sfdb_animation.obj
 0001:00023720       sf_debug_sm_check_if_chart_is_visible 0000000180024720 f   sfc_debug:sfdb_animation.obj
 0001:00024220       sf_debug_sm_fill_state_activity_data 0000000180025220 f   sfc_debug:sfdb_animation.obj
 0001:00026810       sf_debug_hm_get_simulink_handle 0000000180027810 f   sfc_debug:sfdb_handle_management.obj
 0001:00027360       sf_debug_hm_initialize_globals 0000000180028360 f   sfc_debug:sfdb_handle_management.obj
 0001:00027460       sf_debug_hm_get_machine_debug_flag 0000000180028460 f   sfc_debug:sfdb_handle_management.obj
 0001:000275d0       sf_debug_hm_get_machine_id 00000001800285d0 f   sfc_debug:sfdb_handle_management.obj
 0001:000276f0       sf_debug_hm_get_chart_id   00000001800286f0 f   sfc_debug:sfdb_handle_management.obj
 0001:00027890       sf_debug_hm_register_executing_SFunction 0000000180028890 f   sfc_debug:sfdb_handle_management.obj
 0001:00027a30       sf_debug_hm_get_chart_active_instance 0000000180028a30 f   sfc_debug:sfdb_handle_management.obj
 0001:00027ba0       sf_debug_hm_get_chart_visibility 0000000180028ba0 f   sfc_debug:sfdb_handle_management.obj
 0001:00027cf0       sf_debug_hm_form_object_boolean_properties 0000000180028cf0 f   sfc_debug:sfdb_handle_management.obj
 0001:00027fc0       sf_debug_hm_form_object_properties 0000000180028fc0 f   sfc_debug:sfdb_handle_management.obj
 0001:00028200       sf_debug_hm_terminate_charts 0000000180029200 f   sfc_debug:sfdb_handle_management.obj
 0001:00028970       sf_debug_hm_terminate_machines 0000000180029970 f   sfc_debug:sfdb_handle_management.obj
 0001:0002a290       void_ptr_stack_vector_free_total 000000018002b290 f   sfc_debug:sfdb_data_browse.obj
 0001:0002a320       sf_debug_st_terminate_machine 000000018002b320 f   sfc_debug:sfdb_data_browse.obj
 0001:0002a360       sf_debug_st_terminate_instance 000000018002b360 f   sfc_debug:sfdb_data_browse.obj
 0001:0002a710       push_on_to_void_ptr_stack  000000018002b710 f   sfc_debug:sfdb_data_browse.obj
 0001:0002a8a0       pop_from_void_ptr_stack    000000018002b8a0 f   sfc_debug:sfdb_data_browse.obj
 0001:0002a9d0       sf_debug_st_get_data_value 000000018002b9d0 f   sfc_debug:sfdb_data_browse.obj
 0001:0002af60       mx_value                   000000018002bf60 f   sfc_debug:sfdb_data_browse.obj
 0001:0002afa0       sf_debug_st_fill_data_struct 000000018002bfa0 f   sfc_debug:sfdb_data_browse.obj
 0001:0002b2e0       data_type_format_strings   000000018002c2e0 f   sfc_debug:sfdb_data_browse.obj
 0001:0002b390       sf_debug_st_fill_data      000000018002c390 f   sfc_debug:sfdb_data_browse.obj
 0001:0002c5d0       sf_debug_ss_copy_dimension 000000018002d5d0 f   sfc_debug:sfdb_symbol_scope.obj
 0001:0002c690       sf_debug_ss_get_number_elements 000000018002d690 f   sfc_debug:sfdb_symbol_scope.obj
 0001:0002c6b0       sf_debug_ss_fill_data_struct 000000018002d6b0 f   sfc_debug:sfdb_symbol_scope.obj
 0001:0002ca00       sf_debug_ss_reset_data_info 000000018002da00 f   sfc_debug:sfdb_symbol_scope.obj
 0001:0002ca60       sf_debug_fill_data_info_by_symbol_scope_entry 000000018002da60 f   sfc_debug:sfdb_symbol_scope.obj
 0001:0002cb20       sf_debug_fill_data_info_by_data_vector 000000018002db20 f   sfc_debug:sfdb_symbol_scope.obj
 0001:0002cd70       sf_debug_ss_get_data_info  000000018002dd70 f   sfc_debug:sfdb_symbol_scope.obj
 0001:0002d060       sf_debug_select_mex_function 000000018002e060 f   sfc_debug:sfdb_symbol_scope.obj
 0001:0002d090       sf_debug_is_dyn_matrix_initialized 000000018002e090 f   sfc_debug:sfdb_symbol_scope.obj
 0001:0002d0b0       sf_debug_ss_set_data_value_try 000000018002e0b0 f   sfc_debug:sfdb_symbol_scope.obj
 0001:0002d280       sf_debug_ss_get_data_value 000000018002e280 f   sfc_debug:sfdb_symbol_scope.obj
 0001:0002d7d0       sf_debug_ss_data_bytes_string 000000018002e7d0 f   sfc_debug:sfdb_symbol_scope.obj
 0001:0002d880       sf_debug_ss_data_class_string 000000018002e880 f   sfc_debug:sfdb_symbol_scope.obj
 0001:0002dc10       sf_debug_ss_data_size_string 000000018002ec10 f   sfc_debug:sfdb_symbol_scope.obj
 0001:0002dcf0       sf_debug_ss_data_create_data_info_struct 000000018002ecf0 f   sfc_debug:sfdb_symbol_scope.obj
 0001:0002dfc0       sf_debug_ss_data_create_name_value_pair 000000018002efc0 f   sfc_debug:sfdb_symbol_scope.obj
 0001:0002e060       sf_debug_ss_data_get_whos_info 000000018002f060 f   sfc_debug:sfdb_symbol_scope.obj
 0001:0002e070       same_named_data_in_data_array 000000018002f070 f   sfc_debug:sfdb_symbol_scope.obj
 0001:0002f8e0       sf_debug_cc_terminate_chart 00000001800308e0 f   sfc_debug:sfdb_coverage.obj
 0001:0002fc80       sf_debug_cc_terminate_instance 0000000180030c80 f   sfc_debug:sfdb_coverage.obj
 0001:00030870       sf_debug_cc_mark_object_if_needed 0000000180031870 f   sfc_debug:sfdb_coverage.obj
 0001:00030c30       sf_debug_cc_fill_transition_coverage_data 0000000180031c30 f   sfc_debug:sfdb_coverage.obj
 0001:00030dc0       sf_debug_cc_fill_transition_coverage_map 0000000180031dc0 f   sfc_debug:sfdb_coverage.obj
 0001:00031070       sf_debug_cc_fill_state_coverage_map 0000000180032070 f   sfc_debug:sfdb_coverage.obj
 0001:000312c0       sf_debug_cc_fill_state_coverage_data 00000001800322c0 f   sfc_debug:sfdb_coverage.obj
 0001:00031f00       sf_debug_bm_initialize_eml 0000000180032f00 f   sfc_debug:sfdb_breakpoints.obj
 0001:00033070       sf_debug_bm_map_debug_tag_to_breakpoint_tag 0000000180034070 f   sfc_debug:sfdb_breakpoints.obj
 0001:00033150       sf_debug_bm_is_a_eml_breakpoint_impl 0000000180034150 f   sfc_debug:sfdb_breakpoints.obj
 0001:00034bd0       sf_debug_sc_push_on_error_stack 0000000180035bd0 f   sfc_debug:sfdb_state_consistency.obj
 0001:00034d00       sf_debug_sc_reset_error_stack 0000000180035d00 f   sfc_debug:sfdb_state_consistency.obj
 0001:00034e90       sf_debug_sc_is_state_inconsistent 0000000180035e90 f   sfc_debug:sfdb_state_consistency.obj
 0001:00035190       sf_debug_sc_fill_consistency_info 0000000180036190 f   sfc_debug:sfdb_state_consistency.obj
 0001:00035770       void_assertion_fcn         0000000180036770 f   sfc_debug:sfdb_call_stack.obj
 0001:00035cf0       sf_debug_tm_fill_local_trace 0000000180036cf0 f   sfc_debug:sfdb_call_stack.obj
 0001:000362c0       sf_debug_cd_terminate_instance 00000001800372c0 f   sfc_debug:sfdb_cycle_detection.obj
 0001:00036320       sf_debug_cd_free_checksum_stack 0000000180037320 f   sfc_debug:sfdb_cycle_detection.obj
 0001:00036370       sf_debug_cd_reset_pack_strings 0000000180037370 f   sfc_debug:sfdb_cycle_detection.obj
 0001:00036a30       md5file_clear              0000000180037a30 f   sfc_debug:ckmd5.obj
 0001:00036a60       Encode                     0000000180037a60 f   sfc_debug:ckmd5.obj
 0001:00036ab0       Decode                     0000000180037ab0 f   sfc_debug:ckmd5.obj
 0001:00036b50       MD5Transform               0000000180037b50 f   sfc_debug:ckmd5.obj
 0001:000373a0       md5file_addn               00000001800383a0 f   sfc_debug:ckmd5.obj
 0001:00037470       md5file_hash               0000000180038470 f   sfc_debug:ckmd5.obj
 0001:00037928       pre_c_init                 0000000180038928 f   MSVCRT:crtdll.obj
 0001:00037be4       __DllMainCRTStartup        0000000180038be4 f   MSVCRT:crtdll.obj
 0001:000382f0       __DllMainCRTStartup$filt$0 00000001800392f0 f   MSVCRT:crtdll.obj
 0001:00038320       __DllMainCRTStartup$fin$1  0000000180039320 f   MSVCRT:crtdll.obj
 0001:0003833a       _onexit$fin$0              000000018003933a f   MSVCRT:atonexit.obj
 0001:00038360       _IsNonwritableInCurrentImage$filt$0 0000000180039360 f   MSVCRT:pesect.obj
